Component: ARM Compiler 5.06 update 2 (build 183) Tool: armlink [4d35b7]

==============================================================================

Section Cross References

    startup_stm32f407xx.o(STACK) refers (Special) to heapauxi.o(.text) for __use_two_region_memory
    startup_stm32f407xx.o(HEAP) refers (Special) to heapauxi.o(.text) for __use_two_region_memory
    startup_stm32f407xx.o(RESET) refers (Special) to heapauxi.o(.text) for __use_two_region_memory
    startup_stm32f407xx.o(RESET) refers to startup_stm32f407xx.o(STACK) for __initial_sp
    startup_stm32f407xx.o(RESET) refers to startup_stm32f407xx.o(.text) for Reset_Handler
    startup_stm32f407xx.o(RESET) refers to stm32f4xx_it.o(i.NMI_Handler) for NMI_Handler
    startup_stm32f407xx.o(RESET) refers to stm32f4xx_it.o(i.HardFault_Handler) for HardFault_Handler
    startup_stm32f407xx.o(RESET) refers to stm32f4xx_it.o(i.MemManage_Handler) for MemManage_Handler
    startup_stm32f407xx.o(RESET) refers to stm32f4xx_it.o(i.BusFault_Handler) for BusFault_Handler
    startup_stm32f407xx.o(RESET) refers to stm32f4xx_it.o(i.UsageFault_Handler) for UsageFault_Handler
    startup_stm32f407xx.o(RESET) refers to stm32f4xx_it.o(i.SVC_Handler) for SVC_Handler
    startup_stm32f407xx.o(RESET) refers to stm32f4xx_it.o(i.DebugMon_Handler) for DebugMon_Handler
    startup_stm32f407xx.o(RESET) refers to stm32f4xx_it.o(i.PendSV_Handler) for PendSV_Handler
    startup_stm32f407xx.o(RESET) refers to stm32f4xx_it.o(i.SysTick_Handler) for SysTick_Handler
    startup_stm32f407xx.o(RESET) refers to stm32f4xx_it.o(i.TIM2_IRQHandler) for TIM2_IRQHandler
    startup_stm32f407xx.o(RESET) refers to stm32f4xx_it.o(i.TIM3_IRQHandler) for TIM3_IRQHandler
    startup_stm32f407xx.o(RESET) refers to stm32f4xx_it.o(i.TIM8_BRK_TIM12_IRQHandler) for TIM8_BRK_TIM12_IRQHandler
    startup_stm32f407xx.o(RESET) refers to stm32f4xx_it.o(i.DMA2_Stream0_IRQHandler) for DMA2_Stream0_IRQHandler
    startup_stm32f407xx.o(RESET) refers to stm32f4xx_it.o(i.DMA2_Stream1_IRQHandler) for DMA2_Stream1_IRQHandler
    startup_stm32f407xx.o(.text) refers (Special) to heapauxi.o(.text) for __use_two_region_memory
    startup_stm32f407xx.o(.text) refers to system_stm32f4xx.o(i.SystemInit) for SystemInit
    startup_stm32f407xx.o(.text) refers to __main.o(!!!main) for __main
    startup_stm32f407xx.o(.text) refers to startup_stm32f407xx.o(HEAP) for Heap_Mem
    startup_stm32f407xx.o(.text) refers to startup_stm32f407xx.o(STACK) for Stack_Mem
    stm32_2.8_lcd.o(i.LCD_Clear) refers to stm32_2.8_lcd.o(i.LCD_SetCursor) for LCD_SetCursor
    stm32_2.8_lcd.o(i.LCD_Clear) refers to stm32_2.8_lcd.o(i.LCD_WriteRAM_Prepare) for LCD_WriteRAM_Prepare
    stm32_2.8_lcd.o(i.LCD_Clear) refers to stm32_2.8_lcd.o(i.LCD_WriteRAM) for LCD_WriteRAM
    stm32_2.8_lcd.o(i.LCD_Clear) refers to stm32_2.8_lcd.o(i.LCD_CtrlLinesWrite) for LCD_CtrlLinesWrite
    stm32_2.8_lcd.o(i.LCD_ClearLine) refers to stm32_2.8_lcd.o(i.LCD_DisplayStringLine) for LCD_DisplayStringLine
    stm32_2.8_lcd.o(i.LCD_CtrlLinesConfig) refers to stm32f4xx_hal_gpio.o(i.HAL_GPIO_Init) for HAL_GPIO_Init
    stm32_2.8_lcd.o(i.LCD_CtrlLinesConfig) refers to stm32f4xx_hal_gpio.o(i.HAL_GPIO_WritePin) for HAL_GPIO_WritePin
    stm32_2.8_lcd.o(i.LCD_CtrlLinesWrite) refers to stm32f4xx_hal_gpio.o(i.HAL_GPIO_WritePin) for HAL_GPIO_WritePin
    stm32_2.8_lcd.o(i.LCD_DisplayChar) refers to stm32_2.8_lcd.o(i.LCD_DrawChar) for LCD_DrawChar
    stm32_2.8_lcd.o(i.LCD_DisplayChar) refers to stm32_2.8_lcd.o(.constdata) for .constdata
    stm32_2.8_lcd.o(i.LCD_DisplayOff) refers to stm32_2.8_lcd.o(i.LCD_WriteReg) for LCD_WriteReg
    stm32_2.8_lcd.o(i.LCD_DisplayOn) refers to stm32_2.8_lcd.o(i.LCD_WriteReg) for LCD_WriteReg
    stm32_2.8_lcd.o(i.LCD_DisplayStringLine) refers to stm32_2.8_lcd.o(i.LCD_DisplayChar) for LCD_DisplayChar
    stm32_2.8_lcd.o(i.LCD_DrawChar) refers to stm32_2.8_lcd.o(i.LCD_SetCursor) for LCD_SetCursor
    stm32_2.8_lcd.o(i.LCD_DrawChar) refers to stm32_2.8_lcd.o(i.LCD_WriteRAM_Prepare) for LCD_WriteRAM_Prepare
    stm32_2.8_lcd.o(i.LCD_DrawChar) refers to stm32_2.8_lcd.o(i.LCD_WriteRAM) for LCD_WriteRAM
    stm32_2.8_lcd.o(i.LCD_DrawChar) refers to stm32_2.8_lcd.o(i.LCD_CtrlLinesWrite) for LCD_CtrlLinesWrite
    stm32_2.8_lcd.o(i.LCD_DrawChar) refers to stm32_2.8_lcd.o(.data) for .data
    stm32_2.8_lcd.o(i.LCD_DrawCircle) refers to stm32_2.8_lcd.o(i.LCD_SetCursor) for LCD_SetCursor
    stm32_2.8_lcd.o(i.LCD_DrawCircle) refers to stm32_2.8_lcd.o(i.LCD_WriteRAMWord) for LCD_WriteRAMWord
    stm32_2.8_lcd.o(i.LCD_DrawCircle) refers to stm32_2.8_lcd.o(.data) for .data
    stm32_2.8_lcd.o(i.LCD_DrawLine) refers to stm32_2.8_lcd.o(i.LCD_SetCursor) for LCD_SetCursor
    stm32_2.8_lcd.o(i.LCD_DrawLine) refers to stm32_2.8_lcd.o(i.LCD_WriteRAM_Prepare) for LCD_WriteRAM_Prepare
    stm32_2.8_lcd.o(i.LCD_DrawLine) refers to stm32_2.8_lcd.o(i.LCD_WriteRAM) for LCD_WriteRAM
[...]
    ../clib/signal.c                         0x00000000   Number         0  defsig_rtred_inner.o ABSOLUTE
    ../clib/signal.c                         0x00000000   Number         0  defsig_abrt_inner.o ABSOLUTE
    ../clib/signal.c                         0x00000000   Number         0  defsig_general.o ABSOLUTE
    ../clib/signal.c                         0x00000000   Number         0  defsig_fpe_inner.o ABSOLUTE
    ../clib/signal.c                         0x00000000   Number         0  defsig_exit.o ABSOLUTE
    ../clib/signal.c                         0x00000000   Number         0  defsig_fpe_formal.o ABSOLUTE
    ../clib/signal.c                         0x00000000   Number         0  defsig_fpe_outer.o ABSOLUTE
    ../clib/signal.c                         0x00000000   Number         0  __raise.o ABSOLUTE
    ../clib/signal.c                         0x00000000   Number         0  defsig_other.o ABSOLUTE
    ../clib/signal.c                         0x00000000   Number         0  defsig_segv_inner.o ABSOLUTE
    ../clib/signal.c                         0x00000000   Number         0  defsig_cppl_inner.o ABSOLUTE
    ../clib/signal.s                         0x00000000   Number         0  defsig.o ABSOLUTE
    ../clib/stdlib.c                         0x00000000   Number         0  exit.o ABSOLUTE
    ../fplib/d2f.s                           0x00000000   Number         0  d2f.o ABSOLUTE
    ../fplib/daddsub.s                       0x00000000   Number         0  daddsub_clz.o ABSOLUTE
    ../fplib/ddiv.s                          0x00000000   Number         0  ddiv.o ABSOLUTE
    ../fplib/dmul.s                          0x00000000   Number         0  dmul.o ABSOLUTE
    ../fplib/dnaninf.s                       0x00000000   Number         0  dnaninf.o ABSOLUTE
    ../fplib/dretinf.s                       0x00000000   Number         0  dretinf.o ABSOLUTE
    ../fplib/f2d.s                           0x00000000   Number         0  f2d.o ABSOLUTE
    ../fplib/fnaninf.s                       0x00000000   Number         0  fnaninf.o ABSOLUTE
    ../fplib/fpinit.s                        0x00000000   Number         0  fpinit.o ABSOLUTE
    ../fplib/fretinf.s                       0x00000000   Number         0  fretinf.o ABSOLUTE
    ../fplib/usenofp.s                       0x00000000   Number         0  usenofp.o ABSOLUTE
    ..\Core\Src\main.c                       0x00000000   Number         0  main.o ABSOLUTE
    ..\Core\Src\stm32f4xx_hal_msp.c          0x00000000   Number         0  stm32f4xx_hal_msp.o ABSOLUTE
    ..\Core\Src\stm32f4xx_it.c               0x00000000   Number         0  stm32f4xx_it.o ABSOLUTE
    ..\Core\Src\system_stm32f4xx.c           0x00000000   Number         0  system_stm32f4xx.o ABSOLUTE
    ..\Drivers\STM32F4xx_HAL_Driver\Src\stm32f4xx_hal.c 0x00000000   Number         0  stm32f4xx_hal.o ABSOLUTE
    ..\Drivers\STM32F4xx_HAL_Driver\Src\stm32f4xx_hal_adc.c 0x00000000   Number         0  stm32f4xx_hal_adc.o ABSOLUTE
    ..\Drivers\STM32F4xx_HAL_Driver\Src\stm32f4xx_hal_adc_ex.c 0x00000000   Number         0  stm32f4xx_hal_adc_ex.o ABSOLUTE
    ..\Drivers\STM32F4xx_HAL_Driver\Src\stm32f4xx_hal_cortex.c 0x00000000   Number         0  stm32f4xx_hal_cortex.o ABSOLUTE
    ..\Drivers\STM32F4xx_HAL_Driver\Src\stm32f4xx_hal_dma.c 0x00000000   Number         0  stm32f4xx_hal_dma.o ABSOLUTE
    ..\Drivers\STM32F4xx_HAL_Driver\Src\stm32f4xx_hal_dma_ex.c 0x00000000   Number         0  stm32f4xx_hal_dma_ex.o ABSOLUTE
    ..\Drivers\STM32F4xx_HAL_Driver\Src\stm32f4xx_hal_exti.c 0x00000000   Number         0  stm32f4xx_hal_exti.o ABSOLUTE
    ..\Drivers\STM32F4xx_HAL_Driver\Src\stm32f4xx_hal_flash.c 0x00000000   Number         0  stm32f4xx_hal_flash.o ABSOLUTE
    ..\Drivers\STM32F4xx_HAL_Driver\Src\stm32f4xx_hal_flash_ex.c 0x00000000   Number         0  stm32f4xx_hal_flash_ex.o ABSOLUTE
    ..\Drivers\STM32F4xx_HAL_Driver\Src\stm32f4xx_hal_flash_ramfunc.c 0x00000000   Number         0  stm32f4xx_hal_flash_ramfunc.o ABSOLUTE
    ..\Drivers\STM32F4xx_HAL_Driver\Src\stm32f4xx_hal_gpio.c 0x00000000   Number         0  stm32f4xx_hal_gpio.o ABSOLUTE
    ..\Drivers\STM32F4xx_HAL_Driver\Src\stm32f4xx_hal_pwr.c 0x00000000   Number         0  stm32f4xx_hal_pwr.o ABSOLUTE
    ..\Drivers\STM32F4xx_HAL_Driver\Src\stm32f4xx_hal_pwr_ex.c 0x00000000   Number         0  stm32f4xx_hal_pwr_ex.o ABSOLUTE
    ..\Drivers\STM32F4xx_HAL_Driver\Src\stm32f4xx_hal_rcc.c 0x00000000   Number         0  stm32f4xx_hal_rcc.o ABSOLUTE
    ..\Drivers\STM32F4xx_HAL_Driver\Src\stm32f4xx_hal_rcc_ex.c 0x00000000   Number         0  stm32f4xx_hal_rcc_ex.o ABSOLUTE
    ..\Drivers\STM32F4xx_HAL_Driver\Src\stm32f4xx_hal_tim.c 0x00000000   Number         0  stm32f4xx_hal_tim.o ABSOLUTE
    ..\Drivers\STM32F4xx_HAL_Driver\Src\stm32f4xx_hal_tim_ex.c 0x00000000   Number         0  stm32f4xx_hal_tim_ex.o ABSOLUTE
    ..\\user\\stm32_2.8_lcd.c                0x00000000   Number         0  stm32_2.8_lcd.o ABSOLUTE
    ..\user\stm32_2.8_lcd.c                  0x00000000   Number         0  stm32_2.8_lcd.o ABSOLUTE
    dc.s                                     0x00000000   Number         0  dc.o ABSOLUTE
    startup_stm32f407xx.s                    0x00000000   Number         0  startup_stm32f407xx.o ABSOLUTE
    RESET                                    0x08000000   Section      392  startup_stm32f407xx.o(RESET)
    !!!main                                  0x08000188   Section        8  __main.o(!!!main)
    !!!scatter                               0x08000190   Section       52  __scatter.o(!!!scatter)
    !!handler_copy                           0x080001c4   Section       26  __scatter_copy.o(!!handler_copy)
    !!handler_zi                             0x080001e0   Section       28  __scatter_zi.o(!!handler_zi)
    .ARM.Collect$$libinit$$00000000          0x080001fc   Section        2  libinit.o(.ARM.Collect$$libinit$$00000000)
    .ARM.Collect$$libinit$$00000001          0x080001fe   Section        4  libinit2.o(.ARM.Collect$$libinit$$00000001)
    .ARM.Collect$$libinit$$00000004          0x08000202   Section        0  libinit2.o(.ARM.Collect$$libinit$$00000004)
    .ARM.Collect$$libinit$$0000000A          0x08000202   Section        0  libinit2.o(.ARM.Collect$$libinit$$0000000A)
    .ARM.Collect$$libinit$$0000000C          0x08000202   Section        0  libinit2.o(.ARM.Collect$$libinit$$0000000C)
    .ARM.Collect$$libinit$$0000000E          0x08000202   Section        0  libinit2.o(.ARM.Collect$$libinit$$0000000E)
    .ARM.Collect$$libinit$$00000011          0x08000202   Section        0  libinit2.o(.ARM.Collect$$libinit$$00000011)
    .ARM.Collect$$libinit$$00000013          0x08000202   Section        0  libinit2.o(.ARM.Collect$$libinit$$00000013)
    .ARM.Collect$$libinit$$00000015          0x08000202   Section        0  libinit2.o(.ARM.Collect$$libinit$$00000015)
    .ARM.Collect$$libinit$$00000017          0x08000202   Section        0  libinit2.o(.ARM.Collect$$libinit$$00000017)
    .ARM.Collect$$libinit$$00000019          0x08000202   Section        0  libinit2.o(.ARM.Collect$$libinit$$00000019)
    .ARM.Collect$$libinit$$0000001B          0x08000202   Section        0  libinit2.o(.ARM.Collect$$libinit$$0000001B)
    .ARM.Collect$$libinit$$0000001D          0x08000202   Section        0  libinit2.o(.ARM.Collect$$libinit$$0000001D)
    .ARM.Collect$$libinit$$0000001F          0x08000202   Section        0  libinit2.o(.ARM.Collect$$libinit$$0000001F)
    .ARM.Collect$$libinit$$00000021          0x08000202   Section        0  libinit2.o(.ARM.Collect$$libinit$$00000021)
    .ARM.Collect$$libinit$$00000023          0x08000202   Section        0  libinit2.o(.ARM.Collect$$libinit$$00000023)
    .ARM.Collect$$libinit$$00000025          0x08000202   Section        0  libinit2.o(.ARM.Collect$$libinit$$00000025)
    .ARM.Collect$$libinit$$0000002C          0x08000202   Section        0  libinit2.o(.ARM.Collect$$libinit$$0000002C)
    .ARM.Collect$$libinit$$0000002E          0x08000202   Section        0  libinit2.o(.ARM.Collect$$libinit$$0000002E)
    .ARM.Collect$$libinit$$00000030          0x08000202   Section        0  libinit2.o(.ARM.Collect$$libinit$$00000030)
    .ARM.Collect$$libinit$$00000032          0x08000202   Section        0  libinit2.o(.ARM.Collect$$libinit$$00000032)
    .ARM.Collect$$libinit$$00000033          0x08000202   Section        2  libinit2.o(.ARM.Collect$$libinit$$00000033)
    .ARM.Collect$$libshutdown$$00000000      0x08000204   Section        2  libshutdown.o(.ARM.Collect$$libshutdown$$00000000)
    .ARM.Collect$$libshutdown$$00000002      0x08000206   Section        0  libshutdown2.o(.ARM.Collect$$libshutdown$$00000002)
    .ARM.Collect$$libshutdown$$00000004      0x08000206   Section        0  libshutdown2.o(.ARM.Collect$$libshutdown$$00000004)
    .ARM.Collect$$libshutdown$$00000007      0x08000206   Section        0  libshutdown2.o(.ARM.Collect$$libshutdown$$00000007)
    .ARM.Collect$$libshutdown$$0000000A      0x08000206   Section        0  libshutdown2.o(.ARM.Collect$$libshutdown$$0000000A)
    .ARM.Collect$$libshutdown$$0000000C      0x08000206   Section        0  libshutdown2.o(.ARM.Collect$$libshutdown$$0000000C)
    .ARM.Collect$$libshutdown$$0000000F      0x08000206   Section        0  libshutdown2.o(.ARM.Collect$$libshutdown$$0000000F)
    .ARM.Collect$$libshutdown$$00000010      0x08000206   Section        2  libshutdown2.o(.ARM.Collect$$libshutdown$$00000010)
    .ARM.Collect$$rtentry$$00000000          0x08000208   Section        0  __rtentry.o(.ARM.Collect$$rtentry$$00000000)
    .ARM.Collect$$rtentry$$00000002          0x08000208   Section        0  __rtentry2.o(.ARM.Collect$$rtentry$$00000002)
    .ARM.Collect$$rtentry$$00000004          0x08000208   Section        6  __rtentry4.o(.ARM.Collect$$rtentry$$00000004)
    .ARM.Collect$$rtentry$$00000009          0x0800020e   Section        0  __rtentry2.o(.ARM.Collect$$rtentry$$00000009)
    .ARM.Collect$$rtentry$$0000000A          0x0800020e   Section        4  __rtentry2.o(.ARM.Collect$$rtentry$$0000000A)
    .ARM.Collect$$rtentry$$0000000C          0x08000212   Section        0  __rtentry2.o(.ARM.Collect$$rtentry$$0000000C)
    .ARM.Collect$$rtentry$$0000000D          0x08000212   Section        8  __rtentry2.o(.ARM.Collect$$rtentry$$0000000D)
    .ARM.Collect$$rtexit$$00000000           0x0800021a   Section        2  rtexit.o(.ARM.Collect$$rtexit$$00000000)
    .ARM.Collect$$rtexit$$00000002           0x0800021c   Section        0  rtexit2.o(.ARM.Collect$$rtexit$$00000002)
    .ARM.Collect$$rtexit$$00000003           0x0800021c   Section        4  rtexit2.o(.ARM.Collect$$rtexit$$00000003)
    .ARM.Collect$$rtexit$$00000004           0x08000220   Section        6  rtexit2.o(.ARM.Collect$$rtexit$$00000004)
    .text                                    0x08000228   Section       64  startup_stm32f407xx.o(.text)
    $v0                                      0x08000228   Number         0  startup_stm32f407xx.o(.text)
    .text                                    0x08000268   Section      238  lludivv7m.o(.text)
    .text                                    0x08000356   Section       78  rt_memclr_w.o(.text)
    .text                                    0x080003a4   Section        0  heapauxi.o(.text)
    .text                                    0x080003aa   Section       74  sys_stackheap_outer.o(.text)
    .text                                    0x080003f4   Section        0  exit.o(.text)
    .text                                    0x08000408   Section        8  libspace.o(.text)
    .text                                    0x08000410   Section        0  sys_exit.o(.text)
    .text                                    0x0800041c   Section        2  use_no_semi.o(.text)
    .text                                    0x0800041e   Section        0  indicate_semi.o(.text)
    i.ADC_DMAConvCplt                        0x0800041e   Section        0  stm32f4xx_hal_adc.o(i.ADC_DMAConvCplt)
    ADC_DMAConvCplt                          0x0800041f   Thumb Code   110  stm32f4xx_hal_adc.o(i.ADC_DMAConvCplt)
    i.ADC_DMAError                           0x0800048c   Section        0  stm32f4xx_hal_adc.o(i.ADC_DMAError)
    ADC_DMAError                             0x0800048d   Thumb Code    22  stm32f4xx_hal_adc.o(i.ADC_DMAError)
    i.ADC_DMAHalfConvCplt                    0x080004a2   Section        0  stm32f4xx_hal_adc.o(i.ADC_DMAHalfConvCplt)
    ADC_DMAHalfConvCplt                      0x080004a3   Thumb Code    10  stm32f4xx_hal_adc.o(i.ADC_DMAHalfConvCplt)
    i.ADC_Init                               0x080004ac   Section        0  stm32f4xx_hal_adc.o(i.ADC_Init)
    ADC_Init                                 0x080004ad   Thumb Code   284  stm32f4xx_hal_adc.o(i.ADC_Init)
    i.BusFault_Handler                       0x080005d4   Section        0  stm32f4xx_it.o(i.BusFault_Handler)
    i.DMA2_Stream0_IRQHandler                0x080005d8   Section        0  stm32f4xx_it.o(i.DMA2_Stream0_IRQHandler)
    i.DMA2_Stream1_IRQHandler                0x080005e4   Section        0  stm32f4xx_it.o(i.DMA2_Stream1_IRQHandler)
    i.DMA_CalcBaseAndBitshift                0x080005f0   Section        0  stm32f4xx_hal_dma.o(i.DMA_CalcBaseAndBitshift)
    DMA_CalcBaseAndBitshift                  0x080005f1   Thumb Code    34  stm32f4xx_hal_dma.o(i.DMA_CalcBaseAndBitshift)
    i.DMA_CheckFifoParam                     0x08000618   Section        0  stm32f4xx_hal_dma.o(i.DMA_CheckFifoParam)
    DMA_CheckFifoParam                       0x08000619   Thumb Code    84  stm32f4xx_hal_dma.o(i.DMA_CheckFifoParam)
    i.DMA_SetConfig                          0x0800066c   Section        0  stm32f4xx_hal_dma.o(i.DMA_SetConfig)
    DMA_SetConfig                            0x0800066d   Thumb Code    40  stm32f4xx_hal_dma.o(i.DMA_SetConfig)
    i.DebugMon_Handler                       0x08000694   Section        0  stm32f4xx_it.o(i.DebugMon_Handler)
    i.Error_Handler                          0x08000696   Section        0  main.o(i.Error_Handler)
    i.HAL_ADC_ConfigChannel                  0x0800069c   Section        0  stm32f4xx_hal_adc.o(i.HAL_ADC_ConfigChannel)
    i.HAL_ADC_ConvCpltCallback               0x080007e8   Section        0  stm32f4xx_hal_adc.o(i.HAL_ADC_ConvCpltCallback)
    i.HAL_ADC_ConvHalfCpltCallback           0x080007ea   Section        0  stm32f4xx_hal_adc.o(i.HAL_ADC_ConvHalfCpltCallback)
    i.HAL_ADC_ErrorCallback                  0x080007ec   Section        0  stm32f4xx_hal_adc.o(i.HAL_ADC_ErrorCallback)
    i.HAL_ADC_Init                           0x080007ee   Section        0  stm32f4xx_hal_adc.o(i.HAL_ADC_Init)
    i.HAL_ADC_MspInit                        0x08000844   Section        0  stm32f4xx_hal_msp.o(i.HAL_ADC_MspInit)
    i.HAL_ADC_Start_DMA                      0x08000948   Section        0  stm32f4xx_hal_adc.o(i.HAL_ADC_Start_DMA)
    i.HAL_DMA_IRQHandler                     0x08000a9c   Section        0  stm32f4xx_hal_dma.o(i.HAL_DMA_IRQHandler)
    i.HAL_DMA_Init                           0x08000c3c   Section        0  stm32f4xx_hal_dma.o(i.HAL_DMA_Init)
    i.HAL_DMA_Start_IT                       0x08000d10   Section        0  stm32f4xx_hal_dma.o(i.HAL_DMA_Start_IT)
    i.HAL_Delay                              0x08000d80   Section        0  stm32f4xx_hal.o(i.HAL_Delay)
    i.HAL_GPIO_Init                          0x08000da4   Section        0  stm32f4xx_hal_gpio.o(i.HAL_GPIO_Init)
    i.HAL_GPIO_ReadPin                       0x08000f94   Section        0  stm32f4xx_hal_gpio.o(i.HAL_GPIO_ReadPin)
    i.HAL_GPIO_WritePin                      0x08000f9e   Section        0  stm32f4xx_hal_gpio.o(i.HAL_GPIO_WritePin)
    i.HAL_GetTick                            0x08000fa8   Section        0  stm32f4xx_hal.o(i.HAL_GetTick)
    i.HAL_IncTick                            0x08000fb4   Section        0  stm32f4xx_hal.o(i.HAL_IncTick)
    i.HAL_Init                               0x08000fc4   Section        0  stm32f4xx_hal.o(i.HAL_Init)
    i.HAL_InitTick                           0x08000ff8   Section        0  stm32f4xx_hal.o(i.HAL_InitTick)
    i.HAL_MspInit                            0x08001038   Section        0  stm32f4xx_hal_msp.o(i.HAL_MspInit)
    i.HAL_NVIC_DisableIRQ                    0x08001068   Section        0  stm32f4xx_hal_cortex.o(i.HAL_NVIC_DisableIRQ)
    i.HAL_NVIC_EnableIRQ                     0x0800108a   Section        0  stm32f4xx_hal_cortex.o(i.HAL_NVIC_EnableIRQ)
    i.HAL_NVIC_SetPriority                   0x080010a4   Section        0  stm32f4xx_hal_cortex.o(i.HAL_NVIC_SetPriority)
    i.HAL_NVIC_SetPriorityGrouping           0x080010e4   Section        0  stm32f4xx_hal_cortex.o(i.HAL_NVIC_SetPriorityGrouping)
    i.HAL_RCC_ClockConfig                    0x08001108   Section        0  stm32f4xx_hal_rcc.o(i.HAL_RCC_ClockConfig)
    i.HAL_RCC_GetSysClockFreq                0x0800123c   Section        0  stm32f4xx_hal_rcc.o(i.HAL_RCC_GetSysClockFreq)
    i.HAL_RCC_OscConfig                      0x080012a0   Section        0  stm32f4xx_hal_rcc.o(i.HAL_RCC_OscConfig)
    i.HAL_SYSTICK_Config                     0x0800160c   Section        0  stm32f4xx_hal_cortex.o(i.HAL_SYSTICK_Config)
    i.HAL_TIMEx_BreakCallback                0x08001634   Section        0  main.o(i.HAL_TIMEx_BreakCallback)
    i.HAL_TIMEx_CommutCallback               0x08001694   Section        0  stm32f4xx_hal_tim_ex.o(i.HAL_TIMEx_CommutCallback)
    i.HAL_TIMEx_ConfigBreakDeadTime          0x08001696   Section        0  stm32f4xx_hal_tim_ex.o(i.HAL_TIMEx_ConfigBreakDeadTime)
    i.HAL_TIMEx_MasterConfigSynchronization  0x080016ec   Section        0  stm32f4xx_hal_tim_ex.o(i.HAL_TIMEx_MasterConfigSynchronization)
    i.HAL_TIM_Base_Init                      0x0800177c   Section        0  stm32f4xx_hal_tim.o(i.HAL_TIM_Base_Init)
    i.HAL_TIM_Base_MspInit                   0x080017d8   Section        0  stm32f4xx_hal_msp.o(i.HAL_TIM_Base_MspInit)
    i.HAL_TIM_Base_Start_IT                  0x080018f0   Section        0  stm32f4xx_hal_tim.o(i.HAL_TIM_Base_Start_IT)
    i.HAL_TIM_ConfigClockSource              0x08001970   Section        0  stm32f4xx_hal_tim.o(i.HAL_TIM_ConfigClockSource)
    i.HAL_TIM_ConfigTI1Input                 0x08001a4c   Section        0  stm32f4xx_hal_tim.o(i.HAL_TIM_ConfigTI1Input)
    i.HAL_TIM_IC_CaptureCallback             0x08001a5c   Section        0  main.o(i.HAL_TIM_IC_CaptureCallback)
    i.HAL_TIM_IC_ConfigChannel               0x08001cd0   Section        0  stm32f4xx_hal_tim.o(i.HAL_TIM_IC_ConfigChannel)
    i.HAL_TIM_IC_Init                        0x08001dee   Section        0  stm32f4xx_hal_tim.o(i.HAL_TIM_IC_Init)
    i.HAL_TIM_IC_MspInit                     0x08001e48   Section        0  stm32f4xx_hal_tim.o(i.HAL_TIM_IC_MspInit)
    i.HAL_TIM_IC_Start_IT                    0x08001e4c   Section        0  stm32f4xx_hal_tim.o(i.HAL_TIM_IC_Start_IT)
    i.HAL_TIM_IRQHandler                     0x08001f58   Section        0  stm32f4xx_hal_tim.o(i.HAL_TIM_IRQHandler)
    i.HAL_TIM_MspPostInit                    0x080020c0   Section        0  stm32f4xx_hal_msp.o(i.HAL_TIM_MspPostInit)
    i.HAL_TIM_OC_DelayElapsedCallback        0x08002114   Section        0  stm32f4xx_hal_tim.o(i.HAL_TIM_OC_DelayElapsedCallback)
    i.HAL_TIM_PWM_ConfigChannel              0x08002116   Section        0  stm32f4xx_hal_tim.o(i.HAL_TIM_PWM_ConfigChannel)
    i.HAL_TIM_PWM_Init                       0x080021e2   Section        0  stm32f4xx_hal_tim.o(i.HAL_TIM_PWM_Init)
    i.HAL_TIM_PWM_MspInit                    0x0800223c   Section        0  stm32f4xx_hal_tim.o(i.HAL_TIM_PWM_MspInit)
    i.HAL_TIM_PWM_PulseFinishedCallback      0x0800223e   Section        0  stm32f4xx_hal_tim.o(i.HAL_TIM_PWM_PulseFinishedCallback)
    i.HAL_TIM_PWM_Start                      0x08002240   Section        0  stm32f4xx_hal_tim.o(i.HAL_TIM_PWM_Start)
    i.HAL_TIM_PWM_Stop                       0x08002308   Section        0  stm32f4xx_hal_tim.o(i.HAL_TIM_PWM_Stop)
    i.HAL_TIM_PeriodElapsedCallback          0x08002384   Section        0  main.o(i.HAL_TIM_PeriodElapsedCallback)
    i.HAL_TIM_TriggerCallback                0x080023b0   Section        0  stm32f4xx_hal_tim.o(i.HAL_TIM_TriggerCallback)
    i.HardFault_Handler                      0x080023b2   Section        0  stm32f4xx_it.o(i.HardFault_Handler)
    i.LCD_Clear                              0x080023b4   Section        0  stm32_2.8_lcd.o(i.LCD_Clear)
    i.LCD_CtrlLinesConfig                    0x080023ec   Section        0  stm32_2.8_lcd.o(i.LCD_CtrlLinesConfig)
    i.LCD_CtrlLinesWrite                     0x08002464   Section        0  stm32_2.8_lcd.o(i.LCD_CtrlLinesWrite)
    i.LCD_DisplayChar                        0x08002468   Section        0  stm32_2.8_lcd.o(i.LCD_DisplayChar)
    i.LCD_DisplayStringLine                  0x08002480   Section        0  stm32_2.8_lcd.o(i.LCD_DisplayStringLine)
    i.LCD_DrawChar                           0x080024b0   Section        0  stm32_2.8_lcd.o(i.LCD_DrawChar)
    i.LCD_Draw_NUM                           0x08002524   Section        0  stm32_2.8_lcd.o(i.LCD_Draw_NUM)
    i.LCD_GPIOConfig                         0x080025bc   Section        0  stm32_2.8_lcd.o(i.LCD_GPIOConfig)
    i.LCD_SetCursor                          0x08002668   Section        0  stm32_2.8_lcd.o(i.LCD_SetCursor)
    i.LCD_SetTextColor                       0x08002680   Section        0  stm32_2.8_lcd.o(i.LCD_SetTextColor)
    i.LCD_Setup                              0x08002690   Section        0  stm32_2.8_lcd.o(i.LCD_Setup)
    i.LCD_WriteRAM                           0x0800288c   Section        0  stm32_2.8_lcd.o(i.LCD_WriteRAM)
    i.LCD_WriteRAM_Prepare                   0x080028e0   Section        0  stm32_2.8_lcd.o(i.LCD_WriteRAM_Prepare)
    i.LCD_WriteReg                           0x080028fc   Section        0  stm32_2.8_lcd.o(i.LCD_WriteReg)
    i.LCD_WriteRegIndex                      0x08002974   Section        0  stm32_2.8_lcd.o(i.LCD_WriteRegIndex)
    i.MX_ADC1_Init                           0x080029f0   Section        0  main.o(i.MX_ADC1_Init)
    MX_ADC1_Init                             0x080029f1   Thumb Code    88  main.o(i.MX_ADC1_Init)
    i.MX_ADC3_Init                           0x08002a54   Section        0  main.o(i.MX_ADC3_Init)
    MX_ADC3_Init                             0x08002a55   Thumb Code    88  main.o(i.MX_ADC3_Init)
    i.MX_GPIO_Init                           0x08002ab8   Section        0  main.o(i.MX_GPIO_Init)
    MX_GPIO_Init                             0x08002ab9   Thumb Code   200  main.o(i.MX_GPIO_Init)
    i.MX_TIM2_Init                           0x08002b90   Section        0  main.o(i.MX_TIM2_Init)
    MX_TIM2_Init                             0x08002b91   Thumb Code   194  main.o(i.MX_TIM2_Init)
    i.MX_TIM3_Init                           0x08002c58   Section        0  main.o(i.MX_TIM3_Init)
    MX_TIM3_Init                             0x08002c59   Thumb Code    96  main.o(i.MX_TIM3_Init)
    i.MX_TIM8_Init                           0x08002cc0   Section        0  main.o(i.MX_TIM8_Init)
    MX_TIM8_Init                             0x08002cc1   Thumb Code   226  main.o(i.MX_TIM8_Init)
    i.MemManage_Handler                      0x08002dac   Section        0  stm32f4xx_it.o(i.MemManage_Handler)
    i.NMI_Handler                            0x08002dae   Section        0  stm32f4xx_it.o(i.NMI_Handler)
    i.PendSV_Handler                         0x08002db0   Section        0  stm32f4xx_it.o(i.PendSV_Handler)
    i.STM32_LCD_Init                         0x08002db2   Section        0  stm32_2.8_lcd.o(i.STM32_LCD_Init)
    i.SVC_Handler                            0x08002db6   Section        0  stm32f4xx_it.o(i.SVC_Handler)
    i.SysTick_Handler                        0x08002db8   Section        0  stm32f4xx_it.o(i.SysTick_Handler)
    i.SystemClock_Config                     0x08002dbc   Section        0  main.o(i.SystemClock_Config)
    i.SystemInit                             0x08002e50   Section        0  system_stm32f4xx.o(i.SystemInit)
    i.TIM2_IRQHandler                        0x08002e60   Section        0  stm32f4xx_it.o(i.TIM2_IRQHandler)
    i.TIM3_IRQHandler                        0x08002e6c   Section        0  stm32f4xx_it.o(i.TIM3_IRQHandler)
    i.TIM8_BRK_TIM12_IRQHandler              0x08002e78   Section        0  stm32f4xx_it.o(i.TIM8_BRK_TIM12_IRQHandler)
    i.TIM_Base_SetConfig                     0x08002e84   Section        0  stm32f4xx_hal_tim.o(i.TIM_Base_SetConfig)
    i.TIM_CCxChannelCmd                      0x08002f4c   Section        0  stm32f4xx_hal_tim.o(i.TIM_CCxChannelCmd)
    i.TIM_ETR_SetConfig                      0x08002f66   Section        0  stm32f4xx_hal_tim.o(i.TIM_ETR_SetConfig)
    i.TIM_ITRx_SetConfig                     0x08002f7a   Section        0  stm32f4xx_hal_tim.o(i.TIM_ITRx_SetConfig)
    TIM_ITRx_SetConfig                       0x08002f7b   Thumb Code    16  stm32f4xx_hal_tim.o(i.TIM_ITRx_SetConfig)
    i.TIM_OC1_SetConfig                      0x08002f8c   Section        0  stm32f4xx_hal_tim.o(i.TIM_OC1_SetConfig)
    TIM_OC1_SetConfig                        0x08002f8d   Thumb Code    88  stm32f4xx_hal_tim.o(i.TIM_OC1_SetConfig)
    i.TIM_OC2_SetConfig                      0x08002fec   Section        0  stm32f4xx_hal_tim.o(i.TIM_OC2_SetConfig)
    i.TIM_OC3_SetConfig                      0x08003058   Section        0  stm32f4xx_hal_tim.o(i.TIM_OC3_SetConfig)
    TIM_OC3_SetConfig                        0x08003059   Thumb Code    96  stm32f4xx_hal_tim.o(i.TIM_OC3_SetConfig)
    i.TIM_OC4_SetConfig                      0x080030c0   Section        0  stm32f4xx_hal_tim.o(i.TIM_OC4_SetConfig)
    TIM_OC4_SetConfig                        0x080030c1   Thumb Code    70  stm32f4xx_hal_tim.o(i.TIM_OC4_SetConfig)
    i.TIM_TI1_ConfigInputStage               0x08003110   Section        0  stm32f4xx_hal_tim.o(i.TIM_TI1_ConfigInputStage)
    TIM_TI1_ConfigInputStage                 0x08003111   Thumb Code    34  stm32f4xx_hal_tim.o(i.TIM_TI1_ConfigInputStage)
    i.TIM_TI1_SetConfig                      0x08003134   Section        0  stm32f4xx_hal_tim.o(i.TIM_TI1_SetConfig)
    i.TIM_TI2_ConfigInputStage               0x080031b4   Section        0  stm32f4xx_hal_tim.o(i.TIM_TI2_ConfigInputStage)
    TIM_TI2_ConfigInputStage                 0x080031b5   Thumb Code    36  stm32f4xx_hal_tim.o(i.TIM_TI2_ConfigInputStage)
    i.TIM_TI2_SetConfig                      0x080031d8   Section        0  stm32f4xx_hal_tim.o(i.TIM_TI2_SetConfig)
    TIM_TI2_SetConfig                        0x080031d9   Thumb Code    54  stm32f4xx_hal_tim.o(i.TIM_TI2_SetConfig)
    i.UsageFault_Handler                     0x0800320e   Section        0  stm32f4xx_it.o(i.UsageFault_Handler)
    i.__NVIC_SetPriority                     0x08003210   Section        0  stm32f4xx_hal_cortex.o(i.__NVIC_SetPriority)
    __NVIC_SetPriority                       0x08003211   Thumb Code    32  stm32f4xx_hal_cortex.o(i.__NVIC_SetPriority)
    i.delay                                  0x08003230   Section        0  stm32_2.8_lcd.o(i.delay)
    delay                                    0x08003231   Thumb Code    22  stm32_2.8_lcd.o(i.delay)
    i.main                                   0x0800324c   Section        0  main.o(i.main)
    x$fpl$d2f                                0x080034b0   Section       98  d2f.o(x$fpl$d2f)
    $v0                                      0x080034b0   Number         0  d2f.o(x$fpl$d2f)
    x$fpl$dadd                               0x08003514   Section      336  daddsub_clz.o(x$fpl$dadd)
    $v0                                      0x08003514   Number         0  daddsub_clz.o(x$fpl$dadd)
    _dadd1                                   0x08003525   Thumb Code     0  daddsub_clz.o(x$fpl$dadd)
    x$fpl$ddiv                               0x08003664   Section      688  ddiv.o(x$fpl$ddiv)
    $v0                                      0x08003664   Number         0  ddiv.o(x$fpl$ddiv)
    ddiv_entry                               0x0800366b   Thumb Code     0  ddiv.o(x$fpl$ddiv)
    x$fpl$dmul                               0x08003914   Section      340  dmul.o(x$fpl$dmul)
    $v0                                      0x08003914   Number         0  dmul.o(x$fpl$dmul)
    x$fpl$dnaninf                            0x08003a68   Section      156  dnaninf.o(x$fpl$dnaninf)
    $v0                                      0x08003a68   Number         0  dnaninf.o(x$fpl$dnaninf)
    x$fpl$dretinf                            0x08003b04   Section       12  dretinf.o(x$fpl$dretinf)
    $v0                                      0x08003b04   Number         0  dretinf.o(x$fpl$dretinf)
    x$fpl$dsub                               0x08003b10   Section      468  daddsub_clz.o(x$fpl$dsub)
    $v0                                      0x08003b10   Number         0  daddsub_clz.o(x$fpl$dsub)
    _dsub1                                   0x08003b21   Thumb Code     0  daddsub_clz.o(x$fpl$dsub)
    x$fpl$f2d                                0x08003ce4   Section       86  f2d.o(x$fpl$f2d)
    $v0                                      0x08003ce4   Number         0  f2d.o(x$fpl$f2d)
    x$fpl$fnaninf                            0x08003d3a   Section      140  fnaninf.o(x$fpl$fnaninf)
    $v0                                      0x08003d3a   Number         0  fnaninf.o(x$fpl$fnaninf)
    x$fpl$fpinit                             0x08003dc6   Section       10  fpinit.o(x$fpl$fpinit)
    $v0                                      0x08003dc6   Number         0  fpinit.o(x$fpl$fpinit)
    x$fpl$fretinf                            0x08003dd0   Section       10  fretinf.o(x$fpl$fretinf)
    $v0                                      0x08003dd0   Number         0  fretinf.o(x$fpl$fretinf)
    .constdata                               0x08003dda   Section     4560  stm32_2.8_lcd.o(.constdata)
    x$fpl$usenofp                            0x08003dda   Section        0  usenofp.o(x$fpl$usenofp)
    .constdata                               0x08004faa   Section        8  stm32f4xx_hal_dma.o(.constdata)
    flagBitshiftOffset                       0x08004faa   Data           8  stm32f4xx_hal_dma.o(.constdata)
    .constdata                               0x08004fb2   Section       16  system_stm32f4xx.o(.constdata)
    .data                                    0x20000000   Section        4  stm32_2.8_lcd.o(.data)
    .data                                    0x20000008   Section       48  main.o(.data)
    .data                                    0x20000038   Section       12  stm32f4xx_hal.o(.data)
    .data                                    0x20000044   Section        4  system_stm32f4xx.o(.data)
    .bss                                     0x20000048   Section      360  main.o(.bss)
    .bss                                     0x200001b0   Section       96  main.o(.bss)
    .bss                                     0x20000210   Section       96  main.o(.bss)
    .bss                                     0x20000270   Section       96  libspace.o(.bss)
    HEAP                                     0x200002d0   Section      512  startup_stm32f407xx.o(HEAP)
    Heap_Mem                                 0x200002d0   Data         512  startup_stm32f407xx.o(HEAP)
    STACK                                    0x200004d0   Section     1024  startup_stm32f407xx.o(STACK)
    Stack_Mem                                0x200004d0   Data        1024  startup_stm32f407xx.o(STACK)
    __initial_sp                             0x200008d0   Data           0  startup_stm32f407xx.o(STACK)

    Global Symbols

    Symbol Name                              Value     Ov Type        Size  Object(Section)

    BuildAttributes$$THM_ISAv4$E$P$D$K$B$S$7EM$VFPi3$EXTD16$VFPS$VFMA$PE$A:L22UL41UL21$X:L11$S22US41US21$IEEE1$IW$USESV6$~STKCKD$USESV7$~SHL$OSPACE$ROPI$EBA8$UX$STANDARDLIB$REQ8$PRES8$EABIv2 0x00000000   Number         0  anon$$obj.o ABSOLUTE
    __ARM_use_no_argv                        0x00000000   Number         0  main.o ABSOLUTE
    __ARM_exceptions_init                     - Undefined Weak Reference
    __alloca_initialize                       - Undefined Weak Reference
    __arm_preinit_                            - Undefined Weak Reference
    __cpp_initialize__aeabi_                  - Undefined Weak Reference
    __cxa_finalize                            - Undefined Weak Reference
    __rt_locale                               - Undefined Weak Reference
    __sigvec_lookup                           - Undefined Weak Reference
    _atexit_init                              - Undefined Weak Reference
    _call_atexit_fns                          - Undefined Weak Reference
    _clock_init                               - Undefined Weak Reference
    _fp_trap_init                             - Undefined Weak Reference
    _fp_trap_shutdown                         - Undefined Weak Reference
    _get_lc_collate                           - Undefined Weak Reference
    _get_lc_ctype                             - Undefined Weak Reference
    _get_lc_monetary                          - Undefined Weak Reference
    _get_lc_numeric                           - Undefined Weak Reference
    _get_lc_time                              - Undefined Weak Reference
    _getenv_init                              - Undefined Weak Reference
    _handle_redirection                       - Undefined Weak Reference
    _init_alloc                               - Undefined Weak Reference
    _init_user_alloc                          - Undefined Weak Reference
    _initio                                   - Undefined Weak Reference
    _rand_init                                - Undefined Weak Reference
    _signal_finish                            - Undefined Weak Reference
    _signal_init                              - Undefined Weak Reference
    _terminate_alloc                          - Undefined Weak Reference
    _terminate_user_alloc                     - Undefined Weak Reference
    _terminateio                              - Undefined Weak Reference
    __Vectors_Size                           0x00000188   Number         0  startup_stm32f407xx.o ABSOLUTE
    __Vectors                                0x08000000   Data           4  startup_stm32f407xx.o(RESET)
    __Vectors_End                            0x08000188   Data           0  startup_stm32f407xx.o(RESET)
    __main                                   0x08000189   Thumb Code     8  __main.o(!!!main)
    __scatterload                            0x08000191   Thumb Code     0  __scatter.o(!!!scatter)
    __scatterload_rt2                        0x08000191   Thumb Code    44  __scatter.o(!!!scatter)
    __scatterload_rt2_thumb_only             0x08000191   Thumb Code     0  __scatter.o(!!!scatter)
    __scatterload_null                       0x0800019f   Thumb Code     0  __scatter.o(!!!scatter)
    __scatterload_copy                       0x080001c5   Thumb Code    26  __scatter_copy.o(!!handler_copy)
    __scatterload_zeroinit                   0x080001e1   Thumb Code    28  __scatter_zi.o(!!handler_zi)
    __rt_lib_init                            0x080001fd   Thumb Code     0  libinit.o(.ARM.Collect$$libinit$$00000000)
    __rt_lib_init_fp_1                       0x080001ff   Thumb Code     0  libinit2.o(.ARM.Collect$$libinit$$00000001)
    __rt_lib_init_alloca_1                   0x08000203   Thumb Code     0  libinit2.o(.ARM.Collect$$libinit$$0000002E)
    __rt_lib_init_argv_1                     0x08000203   Thumb Code     0  libinit2.o(.ARM.Collect$$libinit$$0000002C)
    __rt_lib_init_atexit_1                   0x08000203   Thumb Code     0  libinit2.o(.ARM.Collect$$libinit$$0000001B)
    __rt_lib_init_clock_1                    0x08000203   Thumb Code     0  libinit2.o(.ARM.Collect$$libinit$$00000021)
    __rt_lib_init_cpp_1                      0x08000203   Thumb Code     0  libinit2.o(.ARM.Collect$$libinit$$00000032)
    __rt_lib_init_exceptions_1               0x08000203   Thumb Code     0  libinit2.o(.ARM.Collect$$libinit$$00000030)
    __rt_lib_init_fp_trap_1                  0x08000203   Thumb Code     0  libinit2.o(.ARM.Collect$$libinit$$0000001F)
    __rt_lib_init_getenv_1                   0x08000203   Thumb Code     0  libinit2.o(.ARM.Collect$$libinit$$00000023)
    __rt_lib_init_heap_1                     0x08000203   Thumb Code     0  libinit2.o(.ARM.Collect$$libinit$$0000000A)
    __rt_lib_init_lc_collate_1               0x08000203   Thumb Code     0  libinit2.o(.ARM.Collect$$libinit$$00000011)
    __rt_lib_init_lc_ctype_1                 0x08000203   Thumb Code     0  libinit2.o(.ARM.Collect$$libinit$$00000013)
    __rt_lib_init_lc_monetary_1              0x08000203   Thumb Code     0  libinit2.o(.ARM.Collect$$libinit$$00000015)
    __rt_lib_init_lc_numeric_1               0x08000203   Thumb Code     0  libinit2.o(.ARM.Collect$$libinit$$00000017)
    __rt_lib_init_lc_time_1                  0x08000203   Thumb Code     0  libinit2.o(.ARM.Collect$$libinit$$00000019)
    __rt_lib_init_preinit_1                  0x08000203   Thumb Code     0  libinit2.o(.ARM.Collect$$libinit$$00000004)
    __rt_lib_init_rand_1                     0x08000203   Thumb Code     0  libinit2.o(.ARM.Collect$$libinit$$0000000E)
    __rt_lib_init_return                     0x08000203   Thumb Code     0  libinit2.o(.ARM.Collect$$libinit$$00000033)
    __rt_lib_init_signal_1                   0x08000203   Thumb Code     0  libinit2.o(.ARM.Collect$$libinit$$0000001D)
    __rt_lib_init_stdio_1                    0x08000203   Thumb Code     0  libinit2.o(.ARM.Collect$$libinit$$00000025)
    __rt_lib_init_user_alloc_1               0x08000203   Thumb Code     0  libinit2.o(.ARM.Collect$$libinit$$0000000C)
    __rt_lib_shutdown                        0x08000205   Thumb Code     0  libshutdown.o(.ARM.Collect$$libshutdown$$00000000)
    __rt_lib_shutdown_cpp_1                  0x08000207   Thumb Code     0  libshutdown2.o(.ARM.Collect$$libshutdown$$00000002)
    __rt_lib_shutdown_fp_trap_1              0x08000207   Thumb Code     0  libshutdown2.o(.ARM.Collect$$libshutdown$$00000007)
    __rt_lib_shutdown_heap_1                 0x08000207   Thumb Code     0  libshutdown2.o(.ARM.Collect$$libshutdown$$0000000F)
    __rt_lib_shutdown_return                 0x08000207   Thumb Code     0  libshutdown2.o(.ARM.Collect$$libshutdown$$00000010)
    __rt_lib_shutdown_signal_1               0x08000207   Thumb Code     0  libshutdown2.o(.ARM.Collect$$libshutdown$$0000000A)
    __rt_lib_shutdown_stdio_1                0x08000207   Thumb Code     0  libshutdown2.o(.ARM.Collect$$libshutdown$$00000004)
    __rt_lib_shutdown_user_alloc_1           0x08000207   Thumb Code     0  libshutdown2.o(.ARM.Collect$$libshutdown$$0000000C)
    __rt_entry                               0x08000209   Thumb Code     0  __rtentry.o(.ARM.Collect$$rtentry$$00000000)
    __rt_entry_presh_1                       0x08000209   Thumb Code     0  __rtentry2.o(.ARM.Collect$$rtentry$$00000002)
    __rt_entry_sh                            0x08000209   Thumb Code     0  __rtentry4.o(.ARM.Collect$$rtentry$$00000004)
    __rt_entry_li                            0x0800020f   Thumb Code     0  __rtentry2.o(.ARM.Collect$$rtentry$$0000000A)
    __rt_entry_postsh_1                      0x0800020f   Thumb Code     0  __rtentry2.o(.ARM.Collect$$rtentry$$00000009)
    __rt_entry_main                          0x08000213   Thumb Code     0  __rtentry2.o(.ARM.Collect$$rtentry$$0000000D)
    __rt_entry_postli_1                      0x08000213   Thumb Code     0  __rtentry2.o(.ARM.Collect$$rtentry$$0000000C)
    __rt_exit                                0x0800021b   Thumb Code     0  rtexit.o(.ARM.Collect$$rtexit$$00000000)
    __rt_exit_ls                             0x0800021d   Thumb Code     0  rtexit2.o(.ARM.Collect$$rtexit$$00000003)
    __rt_exit_prels_1                        0x0800021d   Thumb Code     0  rtexit2.o(.ARM.Collect$$rtexit$$00000002)
    __rt_exit_exit                           0x08000221   Thumb Code     0  rtexit2.o(.ARM.Collect$$rtexit$$00000004)
    Reset_Handler                            0x08000229   Thumb Code     8  startup_stm32f407xx.o(.text)
    ADC_IRQHandler                           0x08000243   Thumb Code     0  startup_stm32f407xx.o(.text)
    CAN1_RX0_IRQHandler                      0x08000243   Thumb Code     0  startup_stm32f407xx.o(.text)
    CAN1_RX1_IRQHandler                      0x08000243   Thumb Code     0  startup_stm32f407xx.o(.text)
    CAN1_SCE_IRQHandler                      0x08000243   Thumb Code     0  startup_stm32f407xx.o(.text)
    CAN1_TX_IRQHandler                       0x08000243   Thumb Code     0  startup_stm32f407xx.o(.text)
    CAN2_RX0_IRQHandler                      0x08000243   Thumb Code     0  startup_stm32f407xx.o(.text)
    CAN2_RX1_IRQHandler                      0x08000243   Thumb Code     0  startup_stm32f407xx.o(.text)
    CAN2_SCE_IRQHandler                      0x08000243   Thumb Code     0  startup_stm32f407xx.o(.text)
    CAN2_TX_IRQHandler                       0x08000243   Thumb Code     0  startup_stm32f407xx.o(.text)
    DCMI_IRQHandler                          0x08000243   Thumb Code     0  startup_stm32f407xx.o(.text)
    DMA1_Stream0_IRQHandler                  0x08000243   Thumb Code     0  startup_stm32f407xx.o(.text)
    DMA1_Stream1_IRQHandler                  0x08000243   Thumb Code     0  startup_stm32f407xx.o(.text)
    DMA1_Stream2_IRQHandler                  0x08000243   Thumb Code     0  startup_stm32f407xx.o(.text)
    DMA1_Stream3_IRQHandler                  0x08000243   Thumb Code     0  startup_stm32f407xx.o(.text)
    DMA1_Stream4_IRQHandler                  0x08000243   Thumb Code     0  startup_stm32f407xx.o(.text)
    DMA1_Stream5_IRQHandler                  0x08000243   Thumb Code     0  startup_stm32f407xx.o(.text)
    DMA1_Stream6_IRQHandler                  0x08000243   Thumb Code     0  startup_stm32f407xx.o(.text)
    DMA1_Stream7_IRQHandler                  0x08000243   Thumb Code     0  startup_stm32f407xx.o(.text)
    DMA2_Stream2_IRQHandler                  0x08000243   Thumb Code     0  startup_stm32f407xx.o(.text)
    DMA2_Stream3_IRQHandler                  0x08000243   Thumb Code     0  startup_stm32f407xx.o(.text)
    DMA2_Stream4_IRQHandler                  0x08000243   Thumb Code     0  startup_stm32f407xx.o(.text)
    DMA2_Stream5_IRQHandler                  0x08000243   Thumb Code     0  startup_stm32f407xx.o(.text)
    DMA2_Stream6_IRQHandler                  0x08000243   Thumb Code     0  startup_stm32f407xx.o(.text)
    DMA2_Stream7_IRQHandler                  0x08000243   Thumb Code     0  startup_stm32f407xx.o(.text)
    ETH_IRQHandler                           0x08000243   Thumb Code     0  startup_stm32f407xx.o(.text)
    ETH_WKUP_IRQHandler                      0x08000243   Thumb Code     0  startup_stm32f407xx.o(.text)
    EXTI0_IRQHandler                         0x08000243   Thumb Code     0  startup_stm32f407xx.o(.text)
    EXTI15_10_IRQHandler                     0x08000243   Thumb Code     0  startup_stm32f407xx.o(.text)
    EXTI1_IRQHandler                         0x08000243   Thumb Code     0  startup_stm32f407xx.o(.text)
    EXTI2_IRQHandler                         0x08000243   Thumb Code     0  startup_stm32f407xx.o(.text)
    EXTI3_IRQHandler                         0x08000243   Thumb Code     0  startup_stm32f407xx.o(.text)
    EXTI4_IRQHandler                         0x08000243   Thumb Code     0  startup_stm32f407xx.o(.text)
    EXTI9_5_IRQHandler                       0x08000243   Thumb Code     0  startup_stm32f407xx.o(.text)
    FLASH_IRQHandler                         0x08000243   Thumb Code     0  startup_stm32f407xx.o(.text)
    FMC_IRQHandler                           0x08000243   Thumb Code     0  startup_stm32f407xx.o(.text)
    FPU_IRQHandler                           0x08000243   Thumb Code     0  startup_stm32f407xx.o(.text)
    HASH_RNG_IRQHandler                      0x08000243   Thumb Code     0  startup_stm32f407xx.o(.text)
    I2C1_ER_IRQHandler                       0x08000243   Thumb Code     0  startup_stm32f407xx.o(.text)
    I2C1_EV_IRQHandler                       0x08000243   Thumb Code     0  startup_stm32f407xx.o(.text)
    I2C2_ER_IRQHandler                       0x08000243   Thumb Code     0  startup_stm32f407xx.o(.text)
    I2C2_EV_IRQHandler                       0x08000243   Thumb Code     0  startup_stm32f407xx.o(.text)
    I2C3_ER_IRQHandler                       0x08000243   Thumb Code     0  startup_stm32f407xx.o(.text)
    I2C3_EV_IRQHandler                       0x08000243   Thumb Code     0  startup_stm32f407xx.o(.text)
    OTG_FS_IRQHandler                        0x08000243   Thumb Code     0  startup_stm32f407xx.o(.text)
    OTG_FS_WKUP_IRQHandler                   0x08000243   Thumb Code     0  startup_stm32f407xx.o(.text)
    OTG_HS_EP1_IN_IRQHandler                 0x08000243   Thumb Code     0  startup_stm32f407xx.o(.text)
    OTG_HS_EP1_OUT_IRQHandler                0x08000243   Thumb Code     0  startup_stm32f407xx.o(.text)
    OTG_HS_IRQHandler                        0x08000243   Thumb Code     0  startup_stm32f407xx.o(.text)
    OTG_HS_WKUP_IRQHandler                   0x08000243   Thumb Code     0  startup_stm32f407xx.o(.text)
    PVD_IRQHandler                           0x08000243   Thumb Code     0  startup_stm32f407xx.o(.text)
    RCC_IRQHandler                           0x08000243   Thumb Code     0  startup_stm32f407xx.o(.text)
    RTC_Alarm_IRQHandler                     0x08000243   Thumb Code     0  startup_stm32f407xx.o(.text)
    RTC_WKUP_IRQHandler                      0x08000243   Thumb Code     0  startup_stm32f407xx.o(.text)
    SDIO_IRQHandler                          0x08000243   Thumb Code     0  startup_stm32f407xx.o(.text)
    SPI1_IRQHandler                          0x08000243   Thumb Code     0  startup_stm32f407xx.o(.text)
    SPI2_IRQHandler                          0x08000243   Thumb Code     0  startup_stm32f407xx.o(.text)
    SPI3_IRQHandler                          0x08000243   Thumb Code     0  startup_stm32f407xx.o(.text)
    TAMP_STAMP_IRQHandler                    0x08000243   Thumb Code     0  startup_stm32f407xx.o(.text)
    TIM1_BRK_TIM9_IRQHandler                 0x08000243   Thumb Code     0  startup_stm32f407xx.o(.text)
    TIM1_CC_IRQHandler                       0x08000243   Thumb Code     0  startup_stm32f407xx.o(.text)
    TIM1_TRG_COM_TIM11_IRQHandler            0x08000243   Thumb Code     0  startup_stm32f407xx.o(.text)
    TIM1_UP_TIM10_IRQHandler                 0x08000243   Thumb Code     0  startup_stm32f407xx.o(.text)
    TIM4_IRQHandler                          0x08000243   Thumb Code     0  startup_stm32f407xx.o(.text)
    TIM5_IRQHandler                          0x08000243   Thumb Code     0  startup_stm32f407xx.o(.text)
    TIM6_DAC_IRQHandler                      0x08000243   Thumb Code     0  startup_stm32f407xx.o(.text)
    TIM7_IRQHandler                          0x08000243   Thumb Code     0  startup_stm32f407xx.o(.text)
    TIM8_CC_IRQHandler                       0x08000243   Thumb Code     0  startup_stm32f407xx.o(.text)
    TIM8_TRG_COM_TIM14_IRQHandler            0x08000243   Thumb Code     0  startup_stm32f407xx.o(.text)
    TIM8_UP_TIM13_IRQHandler                 0x08000243   Thumb Code     0  startup_stm32f407xx.o(.text)
    UART4_IRQHandler                         0x08000243   Thumb Code     0  startup_stm32f407xx.o(.text)
    UART5_IRQHandler                         0x08000243   Thumb Code     0  startup_stm32f407xx.o(.text)
    USART1_IRQHandler                        0x08000243   Thumb Code     0  startup_stm32f407xx.o(.text)
    USART2_IRQHandler                        0x08000243   Thumb Code     0  startup_stm32f407xx.o(.text)
    USART3_IRQHandler                        0x08000243   Thumb Code     0  startup_stm32f407xx.o(.text)
    USART6_IRQHandler                        0x08000243   Thumb Code     0  startup_stm32f407xx.o(.text)
    WWDG_IRQHandler                          0x08000243   Thumb Code     0  startup_stm32f407xx.o(.text)
    __user_initial_stackheap                 0x08000245   Thumb Code     0  startup_stm32f407xx.o(.text)
    __aeabi_uldivmod                         0x08000269   Thumb Code     0  lludivv7m.o(.text)
    _ll_udiv                                 0x08000269   Thumb Code   238  lludivv7m.o(.text)
    __aeabi_memclr4                          0x08000357   Thumb Code     0  rt_memclr_w.o(.text)
    __aeabi_memclr8                          0x08000357   Thumb Code     0  rt_memclr_w.o(.text)
    __rt_memclr_w                            0x08000357   Thumb Code    78  rt_memclr_w.o(.text)
    _memset_w                                0x0800035b   Thumb Code     0  rt_memclr_w.o(.text)
    __use_two_region_memory                  0x080003a5   Thumb Code     2  heapauxi.o(.text)
    __rt_heap_escrow$2region                 0x080003a7   Thumb Code     2  heapauxi.o(.text)
    __rt_heap_expand$2region                 0x080003a9   Thumb Code     2  heapauxi.o(.text)
    __user_setup_stackheap                   0x080003ab   Thumb Code    74  sys_stackheap_outer.o(.text)
    exit                                     0x080003f5   Thumb Code    18  exit.o(.text)
    __user_libspace                          0x08000409   Thumb Code     8  libspace.o(.text)
    __user_perproc_libspace                  0x08000409   Thumb Code     0  libspace.o(.text)
    __user_perthread_libspace                0x08000409   Thumb Code     0  libspace.o(.text)
    _sys_exit                                0x08000411   Thumb Code     8  sys_exit.o(.text)
    __I$use$semihosting                      0x0800041d   Thumb Code     0  use_no_semi.o(.text)
    __use_no_semihosting_swi                 0x0800041d   Thumb Code     2  use_no_semi.o(.text)
    __semihosting_library_function           0x0800041f   Thumb Code     0  indicate_semi.o(.text)
    BusFault_Handler                         0x080005d5   Thumb Code     2  stm32f4xx_it.o(i.BusFault_Handler)
    DMA2_Stream0_IRQHandler                  0x080005d9   Thumb Code     6  stm32f4xx_it.o(i.DMA2_Stream0_IRQHandler)
    DMA2_Stream1_IRQHandler                  0x080005e5   Thumb Code     6  stm32f4xx_it.o(i.DMA2_Stream1_IRQHandler)
    DebugMon_Handler                         0x08000695   Thumb Code     2  stm32f4xx_it.o(i.DebugMon_Handler)
    Error_Handler                            0x08000697   Thumb Code     4  main.o(i.Error_Handler)
    HAL_ADC_ConfigChannel                    0x0800069d   Thumb Code   316  stm32f4xx_hal_adc.o(i.HAL_ADC_ConfigChannel)
    HAL_ADC_ConvCpltCallback                 0x080007e9   Thumb Code     2  stm32f4xx_hal_adc.o(i.HAL_ADC_ConvCpltCallback)
    HAL_ADC_ConvHalfCpltCallback             0x080007eb   Thumb Code     2  stm32f4xx_hal_adc.o(i.HAL_ADC_ConvHalfCpltCallback)
    HAL_ADC_ErrorCallback                    0x080007ed   Thumb Code     2  stm32f4xx_hal_adc.o(i.HAL_ADC_ErrorCallback)
    HAL_ADC_Init                             0x080007ef   Thumb Code    84  stm32f4xx_hal_adc.o(i.HAL_ADC_Init)
    HAL_ADC_MspInit                          0x08000845   Thumb Code   226  stm32f4xx_hal_msp.o(i.HAL_ADC_MspInit)
    HAL_ADC_Start_DMA                        0x08000949   Thumb Code   302  stm32f4xx_hal_adc.o(i.HAL_ADC_Start_DMA)
    HAL_DMA_IRQHandler                       0x08000a9d   Thumb Code   412  stm32f4xx_hal_dma.o(i.HAL_DMA_IRQHandler)
    HAL_DMA_Init                             0x08000c3d   Thumb Code   206  stm32f4xx_hal_dma.o(i.HAL_DMA_Init)
    HAL_DMA_Start_IT                         0x08000d11   Thumb Code   110  stm32f4xx_hal_dma.o(i.HAL_DMA_Start_IT)
    HAL_Delay                                0x08000d81   Thumb Code    32  stm32f4xx_hal.o(i.HAL_Delay)
    HAL_GPIO_Init                            0x08000da5   Thumb Code   450  stm32f4xx_hal_gpio.o(i.HAL_GPIO_Init)
    HAL_GPIO_ReadPin                         0x08000f95   Thumb Code    10  stm32f4xx_hal_gpio.o(i.HAL_GPIO_ReadPin)
    HAL_GPIO_WritePin                        0x08000f9f   Thumb Code    10  stm32f4xx_hal_gpio.o(i.HAL_GPIO_WritePin)
    HAL_GetTick                              0x08000fa9   Thumb Code     6  stm32f4xx_hal.o(i.HAL_GetTick)
    HAL_IncTick                              0x08000fb5   Thumb Code    12  stm32f4xx_hal.o(i.HAL_IncTick)
    HAL_Init                                 0x08000fc5   Thumb Code    48  stm32f4xx_hal.o(i.HAL_Init)
    HAL_InitTick                             0x08000ff9   Thumb Code    54  stm32f4xx_hal.o(i.HAL_InitTick)
    HAL_MspInit                              0x08001039   Thumb Code    42  stm32f4xx_hal_msp.o(i.HAL_MspInit)
    HAL_NVIC_DisableIRQ                      0x08001069   Thumb Code    34  stm32f4xx_hal_cortex.o(i.HAL_NVIC_DisableIRQ)
    HAL_NVIC_EnableIRQ                       0x0800108b   Thumb Code    26  stm32f4xx_hal_cortex.o(i.HAL_NVIC_EnableIRQ)
    HAL_NVIC_SetPriority                     0x080010a5   Thumb Code    60  stm32f4xx_hal_cortex.o(i.HAL_NVIC_SetPriority)
    HAL_NVIC_SetPriorityGrouping             0x080010e5   Thumb Code    26  stm32f4xx_hal_cortex.o(i.HAL_NVIC_SetPriorityGrouping)
    HAL_RCC_ClockConfig                      0x08001109   Thumb Code   288  stm32f4xx_hal_rcc.o(i.HAL_RCC_ClockConfig)
    HAL_RCC_GetSysClockFreq                  0x0800123d   Thumb Code    88  stm32f4xx_hal_rcc.o(i.HAL_RCC_GetSysClockFreq)
    HAL_RCC_OscConfig                        0x080012a1   Thumb Code   856  stm32f4xx_hal_rcc.o(i.HAL_RCC_OscConfig)
    HAL_SYSTICK_Config                       0x0800160d   Thumb Code    40  stm32f4xx_hal_cortex.o(i.HAL_SYSTICK_Config)
    HAL_TIMEx_BreakCallback                  0x08001635   Thumb Code    80  main.o(i.HAL_TIMEx_BreakCallback)
    HAL_TIMEx_CommutCallback                 0x08001695   Thumb Code     2  stm32f4xx_hal_tim_ex.o(i.HAL_TIMEx_CommutCallback)
    HAL_TIMEx_ConfigBreakDeadTime            0x08001697   Thumb Code    84  stm32f4xx_hal_tim_ex.o(i.HAL_TIMEx_ConfigBreakDeadTime)
    HAL_TIMEx_MasterConfigSynchronization    0x080016ed   Thumb Code   116  stm32f4xx_hal_tim_ex.o(i.HAL_TIMEx_MasterConfigSynchronization)
    HAL_TIM_Base_Init                        0x0800177d   Thumb Code    90  stm32f4xx_hal_tim.o(i.HAL_TIM_Base_Init)
    HAL_TIM_Base_MspInit                     0x080017d9   Thumb Code   260  stm32f4xx_hal_msp.o(i.HAL_TIM_Base_MspInit)
    HAL_TIM_Base_Start_IT                    0x080018f1   Thumb Code   100  stm32f4xx_hal_tim.o(i.HAL_TIM_Base_Start_IT)
    HAL_TIM_ConfigClockSource                0x08001971   Thumb Code   220  stm32f4xx_hal_tim.o(i.HAL_TIM_ConfigClockSource)
    HAL_TIM_ConfigTI1Input                   0x08001a4d   Thumb Code    16  stm32f4xx_hal_tim.o(i.HAL_TIM_ConfigTI1Input)
    HAL_TIM_IC_CaptureCallback               0x08001a5d   Thumb Code   606  main.o(i.HAL_TIM_IC_CaptureCallback)
    HAL_TIM_IC_ConfigChannel                 0x08001cd1   Thumb Code   286  stm32f4xx_hal_tim.o(i.HAL_TIM_IC_ConfigChannel)
    HAL_TIM_IC_Init                          0x08001def   Thumb Code    90  stm32f4xx_hal_tim.o(i.HAL_TIM_IC_Init)
    HAL_TIM_IC_MspInit                       0x08001e49   Thumb Code     2  stm32f4xx_hal_tim.o(i.HAL_TIM_IC_MspInit)
    HAL_TIM_IC_Start_IT                      0x08001e4d   Thumb Code   240  stm32f4xx_hal_tim.o(i.HAL_TIM_IC_Start_IT)
    HAL_TIM_IRQHandler                       0x08001f59   Thumb Code   358  stm32f4xx_hal_tim.o(i.HAL_TIM_IRQHandler)
    HAL_TIM_MspPostInit                      0x080020c1   Thumb Code    72  stm32f4xx_hal_msp.o(i.HAL_TIM_MspPostInit)
    HAL_TIM_OC_DelayElapsedCallback          0x08002115   Thumb Code     2  stm32f4xx_hal_tim.o(i.HAL_TIM_OC_DelayElapsedCallback)
    HAL_TIM_PWM_ConfigChannel                0x08002117   Thumb Code   204  stm32f4xx_hal_tim.o(i.HAL_TIM_PWM_ConfigChannel)
    HAL_TIM_PWM_Init                         0x080021e3   Thumb Code    90  stm32f4xx_hal_tim.o(i.HAL_TIM_PWM_Init)
    HAL_TIM_PWM_MspInit                      0x0800223d   Thumb Code     2  stm32f4xx_hal_tim.o(i.HAL_TIM_PWM_MspInit)
    HAL_TIM_PWM_PulseFinishedCallback        0x0800223f   Thumb Code     2  stm32f4xx_hal_tim.o(i.HAL_TIM_PWM_PulseFinishedCallback)
    HAL_TIM_PWM_Start                        0x08002241   Thumb Code   172  stm32f4xx_hal_tim.o(i.HAL_TIM_PWM_Start)
    HAL_TIM_PWM_Stop                         0x08002309   Thumb Code   114  stm32f4xx_hal_tim.o(i.HAL_TIM_PWM_Stop)
    HAL_TIM_PeriodElapsedCallback            0x08002385   Thumb Code    32  main.o(i.HAL_TIM_PeriodElapsedCallback)
    HAL_TIM_TriggerCallback                  0x080023b1   Thumb Code     2  stm32f4xx_hal_tim.o(i.HAL_TIM_TriggerCallback)
    HardFault_Handler                        0x080023b3   Thumb Code     2  stm32f4xx_it.o(i.HardFault_Handler)
    LCD_Clear                                0x080023b5   Thumb Code    50  stm32_2.8_lcd.o(i.LCD_Clear)
    LCD_CtrlLinesConfig                      0x080023ed   Thumb Code   106  stm32_2.8_lcd.o(i.LCD_CtrlLinesConfig)
    LCD_CtrlLinesWrite                       0x08002465   Thumb Code     4  stm32_2.8_lcd.o(i.LCD_CtrlLinesWrite)
    LCD_DisplayChar                          0x08002469   Thumb Code    18  stm32_2.8_lcd.o(i.LCD_DisplayChar)
    LCD_DisplayStringLine                    0x08002481   Thumb Code    48  stm32_2.8_lcd.o(i.LCD_DisplayStringLine)
    LCD_DrawChar                             0x080024b1   Thumb Code   108  stm32_2.8_lcd.o(i.LCD_DrawChar)
    LCD_Draw_NUM                             0x08002525   Thumb Code   152  stm32_2.8_lcd.o(i.LCD_Draw_NUM)
    LCD_GPIOConfig                           0x080025bd   Thumb Code   160  stm32_2.8_lcd.o(i.LCD_GPIOConfig)
    LCD_SetCursor                            0x08002669   Thumb Code    24  stm32_2.8_lcd.o(i.LCD_SetCursor)
    LCD_SetTextColor                         0x08002681   Thumb Code    12  stm32_2.8_lcd.o(i.LCD_SetTextColor)
    LCD_Setup                                0x08002691   Thumb Code   508  stm32_2.8_lcd.o(i.LCD_Setup)
    LCD_WriteRAM                             0x0800288d   Thumb Code    74  stm32_2.8_lcd.o(i.LCD_WriteRAM)
    LCD_WriteRAM_Prepare                     0x080028e1   Thumb Code    24  stm32_2.8_lcd.o(i.LCD_WriteRAM_Prepare)
    LCD_WriteReg                             0x080028fd   Thumb Code   106  stm32_2.8_lcd.o(i.LCD_WriteReg)
    LCD_WriteRegIndex                        0x08002975   Thumb Code   112  stm32_2.8_lcd.o(i.LCD_WriteRegIndex)
    MemManage_Handler                        0x08002dad   Thumb Code     2  stm32f4xx_it.o(i.MemManage_Handler)
    NMI_Handler                              0x08002daf   Thumb Code     2  stm32f4xx_it.o(i.NMI_Handler)
    PendSV_Handler                           0x08002db1   Thumb Code     2  stm32f4xx_it.o(i.PendSV_Handler)
    STM32_LCD_Init                           0x08002db3   Thumb Code     4  stm32_2.8_lcd.o(i.STM32_LCD_Init)
    SVC_Handler                              0x08002db7   Thumb Code     2  stm32f4xx_it.o(i.SVC_Handler)
    SysTick_Handler                          0x08002db9   Thumb Code     4  stm32f4xx_it.o(i.SysTick_Handler)
    SystemClock_Config                       0x08002dbd   Thumb Code   140  main.o(i.SystemClock_Config)
    SystemInit                               0x08002e51   Thumb Code    12  system_stm32f4xx.o(i.SystemInit)
    TIM2_IRQHandler                          0x08002e61   Thumb Code     6  stm32f4xx_it.o(i.TIM2_IRQHandler)
    TIM3_IRQHandler                          0x08002e6d   Thumb Code     6  stm32f4xx_it.o(i.TIM3_IRQHandler)
    TIM8_BRK_TIM12_IRQHandler                0x08002e79   Thumb Code     6  stm32f4xx_it.o(i.TIM8_BRK_TIM12_IRQHandler)
    TIM_Base_SetConfig                       0x08002e85   Thumb Code   156  stm32f4xx_hal_tim.o(i.TIM_Base_SetConfig)
    TIM_CCxChannelCmd                        0x08002f4d   Thumb Code    26  stm32f4xx_hal_tim.o(i.TIM_CCxChannelCmd)
    TIM_ETR_SetConfig                        0x08002f67   Thumb Code    20  stm32f4xx_hal_tim.o(i.TIM_ETR_SetConfig)
    TIM_OC2_SetConfig                        0x08002fed   Thumb Code    98  stm32f4xx_hal_tim.o(i.TIM_OC2_SetConfig)
    TIM_TI1_SetConfig                        0x08003135   Thumb Code   100  stm32f4xx_hal_tim.o(i.TIM_TI1_SetConfig)
    UsageFault_Handler                       0x0800320f   Thumb Code     2  stm32f4xx_it.o(i.UsageFault_Handler)
    main                                     0x0800324d   Thumb Code   546  main.o(i.main)
    __aeabi_d2f                              0x080034b1   Thumb Code     0  d2f.o(x$fpl$d2f)
    _d2f                                     0x080034b1   Thumb Code    98  d2f.o(x$fpl$d2f)
    __aeabi_dadd                             0x08003515   Thumb Code     0  daddsub_clz.o(x$fpl$dadd)
    _dadd                                    0x08003515   Thumb Code   332  daddsub_clz.o(x$fpl$dadd)
    __aeabi_ddiv                             0x08003665   Thumb Code     0  ddiv.o(x$fpl$ddiv)
    _ddiv                                    0x08003665   Thumb Code   552  ddiv.o(x$fpl$ddiv)
    __aeabi_dmul                             0x08003915   Thumb Code     0  dmul.o(x$fpl$dmul)
    _dmul                                    0x08003915   Thumb Code   332  dmul.o(x$fpl$dmul)
    __fpl_dnaninf                            0x08003a69   Thumb Code   156  dnaninf.o(x$fpl$dnaninf)
    __fpl_dretinf                            0x08003b05   Thumb Code    12  dretinf.o(x$fpl$dretinf)
    __aeabi_dsub                             0x08003b11   Thumb Code     0  daddsub_clz.o(x$fpl$dsub)
    _dsub                                    0x08003b11   Thumb Code   464  daddsub_clz.o(x$fpl$dsub)
    __aeabi_f2d                              0x08003ce5   Thumb Code     0  f2d.o(x$fpl$f2d)
    _f2d                                     0x08003ce5   Thumb Code    86  f2d.o(x$fpl$f2d)
    __fpl_fnaninf                            0x08003d3b   Thumb Code   140  fnaninf.o(x$fpl$fnaninf)
    _fp_init                                 0x08003dc7   Thumb Code    10  fpinit.o(x$fpl$fpinit)
    __fplib_config_fpu_vfp                   0x08003dcf   Thumb Code     0  fpinit.o(x$fpl$fpinit)
    __fplib_config_pureend_doubles           0x08003dcf   Thumb Code     0  fpinit.o(x$fpl$fpinit)
    __fpl_fretinf                            0x08003dd1   Thumb Code    10  fretinf.o(x$fpl$fretinf)
    ASCII_Table                              0x08003dda   Data        4560  stm32_2.8_lcd.o(.constdata)
    __I$use$fp                               0x08003dda   Number         0  usenofp.o(x$fpl$usenofp)
    AHBPrescTable                            0x08004fb2   Data          16  system_stm32f4xx.o(.constdata)
    Region$$Table$$Base                      0x08004fc4   Number         0  anon$$obj.o(Region$$Table)
    Region$$Table$$Limit                     0x08004fe4   Number         0  anon$$obj.o(Region$$Table)
    TextColor                                0x20000000   Data           2  stm32_2.8_lcd.o(.data)
    BackColor                                0x20000002   Data           2  stm32_2.8_lcd.o(.data)
    state                                    0x20000008   Data           1  main.o(.data)
    har_status1                              0x20000009   Data           1  main.o(.data)
    har_status2                              0x2000000a   Data           1  main.o(.data)
    hall_a                                   0x2000000b   Data           1  main.o(.data)
    hall_b                                   0x2000000c   Data           1  main.o(.data)
    hall_c                                   0x2000000d   Data           1  main.o(.data)
    i                                        0x2000000e   Data           2  main.o(.data)
    speed                                    0x20000010   Data           4  main.o(.data)
    cnt                                      0x20000014   Data           4  main.o(.data)
    tim2cnt                                  0x20000018   Data           4  main.o(.data)
    ADC_ConvertedValue                       0x2000001c   Data           4  main.o(.data)
    vbuf                                     0x20000020   Data           4  main.o(.data)
    Voltage                                  0x20000024   Data           4  main.o(.data)
    RV1                                      0x20000028   Data           8  main.o(.data)
    RV2                                      0x20000030   Data           8  main.o(.data)
    uwTickFreq                               0x20000038   Data           1  stm32f4xx_hal.o(.data)
    uwTickPrio                               0x2000003c   Data           4  stm32f4xx_hal.o(.data)
    uwTick                                   0x20000040   Data           4  stm32f4xx_hal.o(.data)
    SystemCoreClock                          0x20000044   Data           4  system_stm32f4xx.o(.data)
    hadc1                                    0x20000048   Data          72  main.o(.bss)
    hadc3                                    0x20000090   Data          72  main.o(.bss)
    htim2                                    0x200000d8   Data          72  main.o(.bss)
    htim3                                    0x20000120   Data          72  main.o(.bss)
    htim8                                    0x20000168   Data          72  main.o(.bss)
    hdma_adc1                                0x200001b0   Data          96  main.o(.bss)
    hdma_adc3                                0x20000210   Data          96  main.o(.bss)
    __libspace_start                         0x20000270   Data          96  libspace.o(.bss)
    __temporary_stack_top$libspace           0x200002d0   Data           0  libspace.o(.bss)



==============================================================================

Memory Map of the image

  Image Entry point : 0x08000189

  Load Region LR_IROM1 (Base: 0x08000000, Size: 0x0000502c, Max: 0x00100000, ABSOLUTE)

    Execution Region ER_IROM1 (Exec base: 0x08000000, Load base: 0x08000000, Size: 0x00004fe4, Max: 0x00100000, ABSOLUTE)

    Exec Addr    Load Addr    Size         Type   Attr      Idx    E Section Name        Object

    0x08000000   0x08000000   0x00000188   Data   RO            3    RESET               startup_stm32f407xx.o
    0x08000188   0x08000188   0x00000008   Code   RO         3019  * !!!main             c_w.l(__main.o)
    0x08000190   0x08000190   0x00000034   Code   RO         3211    !!!scatter          c_w.l(__scatter.o)
    0x080001c4   0x080001c4   0x0000001a   Code   RO         3213    !!handler_copy      c_w.l(__scatter_copy.o)
    0x080001de   0x080001de   0x00000002   PAD
    0x080001e0   0x080001e0   0x0000001c   Code   RO         3215    !!handler_zi        c_w.l(__scatter_zi.o)
    0x080001fc   0x080001fc   0x00000002   Code   RO         3081    .ARM.Collect$$libinit$$00000000  c_w.l(libinit.o)
    0x080001fe   0x080001fe   0x00000004   Code   RO         3093    .ARM.Collect$$libinit$$00000001  c_w.l(libinit2.o)
    0x08000202   0x08000202   0x00000000   Code   RO         3096    .ARM.Collect$$libinit$$00000004  c_w.l(libinit2.o)
    0x08000202   0x08000202   0x00000000   Code   RO         3099    .ARM.Collect$$libinit$$0000000A  c_w.l(libinit2.o)
    0x08000202   0x08000202   0x00000000   Code   RO         3101    .ARM.Collect$$libinit$$0000000C  c_w.l(libinit2.o)
    0x08000202   0x08000202   0x00000000   Code   RO         3103    .ARM.Collect$$libinit$$0000000E  c_w.l(libinit2.o)
    0x08000202   0x08000202   0x00000000   Code   RO         3106    .ARM.Collect$$libinit$$00000011  c_w.l(libinit2.o)
    0x08000202   0x08000202   0x00000000   Code   RO         3108    .ARM.Collect$$libinit$$00000013  c_w.l(libinit2.o)
    0x08000202   0x08000202   0x00000000   Code   RO         3110    .ARM.Collect$$libinit$$00000015  c_w.l(libinit2.o)
    0x08000202   0x08000202   0x00000000   Code   RO         3112    .ARM.Collect$$libinit$$00000017  c_w.l(libinit2.o)
    0x08000202   0x08000202   0x00000000   Code   RO         3114    .ARM.Collect$$libinit$$00000019  c_w.l(libinit2.o)
    0x08000202   0x08000202   0x00000000   Code   RO         3116    .ARM.Collect$$libinit$$0000001B  c_w.l(libinit2.o)
    0x08000202   0x08000202   0x00000000   Code   RO         3118    .ARM.Collect$$libinit$$0000001D  c_w.l(libinit2.o)
    0x08000202   0x08000202   0x00000000   Code   RO         3120    .ARM.Collect$$libinit$$0000001F  c_w.l(libinit2.o)
    0x08000202   0x08000202   0x00000000   Code   RO         3122    .ARM.Collect$$libinit$$00000021  c_w.l(libinit2.o)
    0x08000202   0x08000202   0x00000000   Code   RO         3124    .ARM.Collect$$libinit$$00000023  c_w.l(libinit2.o)
    0x08000202   0x08000202   0x00000000   Code   RO         3126    .ARM.Collect$$libinit$$00000025  c_w.l(libinit2.o)
    0x08000202   0x08000202   0x00000000   Code   RO         3130    .ARM.Collect$$libinit$$0000002C  c_w.l(libinit2.o)
    0x08000202   0x08000202   0x00000000   Code   RO         3132    .ARM.Collect$$libinit$$0000002E  c_w.l(libinit2.o)
    0x08000202   0x08000202   0x00000000   Code   RO         3134    .ARM.Collect$$libinit$$00000030  c_w.l(libinit2.o)
    0x08000202   0x08000202   0x00000000   Code   RO         3136    .ARM.Collect$$libinit$$00000032  c_w.l(libinit2.o)
    0x08000202   0x08000202   0x00000002   Code   RO         3137    .ARM.Collect$$libinit$$00000033  c_w.l(libinit2.o)
    0x08000204   0x08000204   0x00000002   Code   RO         3168    .ARM.Collect$$libshutdown$$00000000  c_w.l(libshutdown.o)
    0x08000206   0x08000206   0x00000000   Code   RO         3194    .ARM.Collect$$libshutdown$$00000002  c_w.l(libshutdown2.o)
    0x08000206   0x08000206   0x00000000   Code   RO         3196    .ARM.Collect$$libshutdown$$00000004  c_w.l(libshutdown2.o)
    0x08000206   0x08000206   0x00000000   Code   RO         3199    .ARM.Collect$$libshutdown$$00000007  c_w.l(libshutdown2.o)
    0x08000206   0x08000206   0x00000000   Code   RO         3202    .ARM.Collect$$libshutdown$$0000000A  c_w.l(libshutdown2.o)
    0x08000206   0x08000206   0x00000000   Code   RO         3204    .ARM.Collect$$libshutdown$$0000000C  c_w.l(libshutdown2.o)
    0x08000206   0x08000206   0x00000000   Code   RO         3207    .ARM.Collect$$libshutdown$$0000000F  c_w.l(libshutdown2.o)
    0x08000206   0x08000206   0x00000002   Code   RO         3208    .ARM.Collect$$libshutdown$$00000010  c_w.l(libshutdown2.o)
    0x08000208   0x08000208   0x00000000   Code   RO         3037    .ARM.Collect$$rtentry$$00000000  c_w.l(__rtentry.o)
    0x08000208   0x08000208   0x00000000   Code   RO         3052    .ARM.Collect$$rtentry$$00000002  c_w.l(__rtentry2.o)
    0x08000208   0x08000208   0x00000006   Code   RO         3064    .ARM.Collect$$rtentry$$00000004  c_w.l(__rtentry4.o)
    0x0800020e   0x0800020e   0x00000000   Code   RO         3054    .ARM.Collect$$rtentry$$00000009  c_w.l(__rtentry2.o)
    0x0800020e   0x0800020e   0x00000004   Code   RO         3055    .ARM.Collect$$rtentry$$0000000A  c_w.l(__rtentry2.o)
    0x08000212   0x08000212   0x00000000   Code   RO         3057    .ARM.Collect$$rtentry$$0000000C  c_w.l(__rtentry2.o)
    0x08000212   0x08000212   0x00000008   Code   RO         3058    .ARM.Collect$$rtentry$$0000000D  c_w.l(__rtentry2.o)
    0x0800021a   0x0800021a   0x00000002   Code   RO         3085    .ARM.Collect$$rtexit$$00000000  c_w.l(rtexit.o)
    0x0800021c   0x0800021c   0x00000000   Code   RO         3141    .ARM.Collect$$rtexit$$00000002  c_w.l(rtexit2.o)
    0x0800021c   0x0800021c   0x00000004   Code   RO         3142    .ARM.Collect$$rtexit$$00000003  c_w.l(rtexit2.o)
    0x08000220   0x08000220   0x00000006   Code   RO         3143    .ARM.Collect$$rtexit$$00000004  c_w.l(rtexit2.o)
    0x08000226   0x08000226   0x00000002   PAD
    0x08000228   0x08000228   0x00000040   Code   RO            4    .text               startup_stm32f407xx.o
    0x08000268   0x08000268   0x000000ee   Code   RO         3013    .text               c_w.l(lludivv7m.o)
    0x08000356   0x08000356   0x0000004e   Code   RO         3015    .text               c_w.l(rt_memclr_w.o)
    0x080003a4   0x080003a4   0x00000006   Code   RO         3017    .text               c_w.l(heapauxi.o)
    0x080003aa   0x080003aa   0x0000004a   Code   RO         3068    .text               c_w.l(sys_stackheap_outer.o)
    0x080003f4   0x080003f4   0x00000012   Code   RO         3070    .text               c_w.l(exit.o)
    0x08000406   0x08000406   0x00000002   PAD
    0x08000408   0x08000408   0x00000008   Code   RO         3082    .text               c_w.l(libspace.o)
    0x08000410   0x08000410   0x0000000c   Code   RO         3138    .text               c_w.l(sys_exit.o)
    0x0800041c   0x0800041c   0x00000002   Code   RO         3157    .text               c_w.l(use_no_semi.o)
    0x0800041e   0x0800041e   0x00000000   Code   RO         3159    .text               c_w.l(indicate_semi.o)
    0x0800041e   0x0800041e   0x0000006e   Code   RO          593    i.ADC_DMAConvCplt   stm32f4xx_hal_adc.o
    0x0800048c   0x0800048c   0x00000016   Code   RO          594    i.ADC_DMAError      stm32f4xx_hal_adc.o
    0x080004a2   0x080004a2   0x0000000a   Code   RO          595    i.ADC_DMAHalfConvCplt  stm32f4xx_hal_adc.o
    0x080004ac   0x080004ac   0x00000128   Code   RO          596    i.ADC_Init          stm32f4xx_hal_adc.o
    0x080005d4   0x080005d4   0x00000002   Code   RO          432    i.BusFault_Handler  stm32f4xx_it.o
    0x080005d6   0x080005d6   0x00000002   PAD
    0x080005d8   0x080005d8   0x0000000c   Code   RO          433    i.DMA2_Stream0_IRQHandler  stm32f4xx_it.o
    0x080005e4   0x080005e4   0x0000000c   Code   RO          434    i.DMA2_Stream1_IRQHandler  stm32f4xx_it.o
    0x080005f0   0x080005f0   0x00000028   Code   RO         1330    i.DMA_CalcBaseAndBitshift  stm32f4xx_hal_dma.o
    0x08000618   0x08000618   0x00000054   Code   RO         1331    i.DMA_CheckFifoParam  stm32f4xx_hal_dma.o
    0x0800066c   0x0800066c   0x00000028   Code   RO         1332    i.DMA_SetConfig     stm32f4xx_hal_dma.o
    0x08000694   0x08000694   0x00000002   Code   RO          435    i.DebugMon_Handler  stm32f4xx_it.o
    0x08000696   0x08000696   0x00000004   Code   RO          328    i.Error_Handler     main.o
    0x0800069a   0x0800069a   0x00000002   PAD
    0x0800069c   0x0800069c   0x0000014c   Code   RO          598    i.HAL_ADC_ConfigChannel  stm32f4xx_hal_adc.o
    0x080007e8   0x080007e8   0x00000002   Code   RO          599    i.HAL_ADC_ConvCpltCallback  stm32f4xx_hal_adc.o
    0x080007ea   0x080007ea   0x00000002   Code   RO          600    i.HAL_ADC_ConvHalfCpltCallback  stm32f4xx_hal_adc.o
    0x080007ec   0x080007ec   0x00000002   Code   RO          602    i.HAL_ADC_ErrorCallback  stm32f4xx_hal_adc.o
    0x080007ee   0x080007ee   0x00000054   Code   RO          607    i.HAL_ADC_Init      stm32f4xx_hal_adc.o
    0x08000842   0x08000842   0x00000002   PAD
    0x08000844   0x08000844   0x00000104   Code   RO          539    i.HAL_ADC_MspInit   stm32f4xx_hal_msp.o
    0x08000948   0x08000948   0x00000154   Code   RO          614    i.HAL_ADC_Start_DMA  stm32f4xx_hal_adc.o
    0x08000a9c   0x08000a9c   0x000001a0   Code   RO         1338    i.HAL_DMA_IRQHandler  stm32f4xx_hal_dma.o
    0x08000c3c   0x08000c3c   0x000000d4   Code   RO         1339    i.HAL_DMA_Init      stm32f4xx_hal_dma.o
    0x08000d10   0x08000d10   0x0000006e   Code   RO         1343    i.HAL_DMA_Start_IT  stm32f4xx_hal_dma.o
    0x08000d7e   0x08000d7e   0x00000002   PAD
    0x08000d80   0x08000d80   0x00000024   Code   RO         1752    i.HAL_Delay         stm32f4xx_hal.o
    0x08000da4   0x08000da4   0x000001f0   Code   RO         1226    i.HAL_GPIO_Init     stm32f4xx_hal_gpio.o
    0x08000f94   0x08000f94   0x0000000a   Code   RO         1228    i.HAL_GPIO_ReadPin  stm32f4xx_hal_gpio.o
    0x08000f9e   0x08000f9e   0x0000000a   Code   RO         1230    i.HAL_GPIO_WritePin  stm32f4xx_hal_gpio.o
    0x08000fa8   0x08000fa8   0x0000000c   Code   RO         1758    i.HAL_GetTick       stm32f4xx_hal.o
    0x08000fb4   0x08000fb4   0x00000010   Code   RO         1764    i.HAL_IncTick       stm32f4xx_hal.o
    0x08000fc4   0x08000fc4   0x00000034   Code   RO         1765    i.HAL_Init          stm32f4xx_hal.o
    0x08000ff8   0x08000ff8   0x00000040   Code   RO         1766    i.HAL_InitTick      stm32f4xx_hal.o
    0x08001038   0x08001038   0x00000030   Code   RO          540    i.HAL_MspInit       stm32f4xx_hal_msp.o
    0x08001068   0x08001068   0x00000022   Code   RO         1614    i.HAL_NVIC_DisableIRQ  stm32f4xx_hal_cortex.o
    0x0800108a   0x0800108a   0x0000001a   Code   RO         1615    i.HAL_NVIC_EnableIRQ  stm32f4xx_hal_cortex.o
    0x080010a4   0x080010a4   0x00000040   Code   RO         1621    i.HAL_NVIC_SetPriority  stm32f4xx_hal_cortex.o
    0x080010e4   0x080010e4   0x00000024   Code   RO         1622    i.HAL_NVIC_SetPriorityGrouping  stm32f4xx_hal_cortex.o
    0x08001108   0x08001108   0x00000134   Code   RO          872    i.HAL_RCC_ClockConfig  stm32f4xx_hal_rcc.o
    0x0800123c   0x0800123c   0x00000064   Code   RO          881    i.HAL_RCC_GetSysClockFreq  stm32f4xx_hal_rcc.o
    0x080012a0   0x080012a0   0x0000036c   Code   RO          884    i.HAL_RCC_OscConfig  stm32f4xx_hal_rcc.o
    0x0800160c   0x0800160c   0x00000028   Code   RO         1626    i.HAL_SYSTICK_Config  stm32f4xx_hal_cortex.o
    0x08001634   0x08001634   0x00000060   Code   RO          329    i.HAL_TIMEx_BreakCallback  main.o
    0x08001694   0x08001694   0x00000002   Code   RO         2710    i.HAL_TIMEx_CommutCallback  stm32f4xx_hal_tim_ex.o
    0x08001696   0x08001696   0x00000054   Code   RO         2712    i.HAL_TIMEx_ConfigBreakDeadTime  stm32f4xx_hal_tim_ex.o
    0x080016ea   0x080016ea   0x00000002   PAD
    0x080016ec   0x080016ec   0x00000090   Code   RO         2728    i.HAL_TIMEx_MasterConfigSynchronization  stm32f4xx_hal_tim_ex.o
    0x0800177c   0x0800177c   0x0000005a   Code   RO         2005    i.HAL_TIM_Base_Init  stm32f4xx_hal_tim.o
    0x080017d6   0x080017d6   0x00000002   PAD
    0x080017d8   0x080017d8   0x00000118   Code   RO          542    i.HAL_TIM_Base_MspInit  stm32f4xx_hal_msp.o
    0x080018f0   0x080018f0   0x00000080   Code   RO         2010    i.HAL_TIM_Base_Start_IT  stm32f4xx_hal_tim.o
    0x08001970   0x08001970   0x000000dc   Code   RO         2014    i.HAL_TIM_ConfigClockSource  stm32f4xx_hal_tim.o
    0x08001a4c   0x08001a4c   0x00000010   Code   RO         2016    i.HAL_TIM_ConfigTI1Input  stm32f4xx_hal_tim.o
    0x08001a5c   0x08001a5c   0x00000274   Code   RO          330    i.HAL_TIM_IC_CaptureCallback  main.o
    0x08001cd0   0x08001cd0   0x0000011e   Code   RO         2041    i.HAL_TIM_IC_ConfigChannel  stm32f4xx_hal_tim.o
    0x08001dee   0x08001dee   0x0000005a   Code   RO         2044    i.HAL_TIM_IC_Init   stm32f4xx_hal_tim.o
    0x08001e48   0x08001e48   0x00000002   Code   RO         2046    i.HAL_TIM_IC_MspInit  stm32f4xx_hal_tim.o
    0x08001e4a   0x08001e4a   0x00000002   PAD
    0x08001e4c   0x08001e4c   0x0000010c   Code   RO         2049    i.HAL_TIM_IC_Start_IT  stm32f4xx_hal_tim.o
    0x08001f58   0x08001f58   0x00000166   Code   RO         2053    i.HAL_TIM_IRQHandler  stm32f4xx_hal_tim.o
    0x080020be   0x080020be   0x00000002   PAD
    0x080020c0   0x080020c0   0x00000054   Code   RO          543    i.HAL_TIM_MspPostInit  stm32f4xx_hal_msp.o
    0x08002114   0x08002114   0x00000002   Code   RO         2056    i.HAL_TIM_OC_DelayElapsedCallback  stm32f4xx_hal_tim.o
    0x08002116   0x08002116   0x000000cc   Code   RO         2077    i.HAL_TIM_PWM_ConfigChannel  stm32f4xx_hal_tim.o
    0x080021e2   0x080021e2   0x0000005a   Code   RO         2080    i.HAL_TIM_PWM_Init  stm32f4xx_hal_tim.o
    0x0800223c   0x0800223c   0x00000002   Code   RO         2082    i.HAL_TIM_PWM_MspInit  stm32f4xx_hal_tim.o
    0x0800223e   0x0800223e   0x00000002   Code   RO         2083    i.HAL_TIM_PWM_PulseFinishedCallback  stm32f4xx_hal_tim.o
    0x08002240   0x08002240   0x000000c8   Code   RO         2085    i.HAL_TIM_PWM_Start  stm32f4xx_hal_tim.o
    0x08002308   0x08002308   0x0000007c   Code   RO         2088    i.HAL_TIM_PWM_Stop  stm32f4xx_hal_tim.o
    0x08002384   0x08002384   0x0000002c   Code   RO          331    i.HAL_TIM_PeriodElapsedCallback  main.o
    0x080023b0   0x080023b0   0x00000002   Code   RO         2096    i.HAL_TIM_TriggerCallback  stm32f4xx_hal_tim.o
    0x080023b2   0x080023b2   0x00000002   Code   RO          436    i.HardFault_Handler  stm32f4xx_it.o
    0x080023b4   0x080023b4   0x00000038   Code   RO           14    i.LCD_Clear         stm32_2.8_lcd.o
    0x080023ec   0x080023ec   0x00000078   Code   RO           16    i.LCD_CtrlLinesConfig  stm32_2.8_lcd.o
    0x08002464   0x08002464   0x00000004   Code   RO           17    i.LCD_CtrlLinesWrite  stm32_2.8_lcd.o
    0x08002468   0x08002468   0x00000018   Code   RO           18    i.LCD_DisplayChar   stm32_2.8_lcd.o
    0x08002480   0x08002480   0x00000030   Code   RO           21    i.LCD_DisplayStringLine  stm32_2.8_lcd.o
    0x080024b0   0x080024b0   0x00000074   Code   RO           22    i.LCD_DrawChar      stm32_2.8_lcd.o
    0x08002524   0x08002524   0x00000098   Code   RO           27    i.LCD_Draw_NUM      stm32_2.8_lcd.o
    0x080025bc   0x080025bc   0x000000ac   Code   RO           28    i.LCD_GPIOConfig    stm32_2.8_lcd.o
    0x08002668   0x08002668   0x00000018   Code   RO           31    i.LCD_SetCursor     stm32_2.8_lcd.o
    0x08002680   0x08002680   0x00000010   Code   RO           33    i.LCD_SetTextColor  stm32_2.8_lcd.o
    0x08002690   0x08002690   0x000001fc   Code   RO           34    i.LCD_Setup         stm32_2.8_lcd.o
    0x0800288c   0x0800288c   0x00000054   Code   RO           37    i.LCD_WriteRAM      stm32_2.8_lcd.o
    0x080028e0   0x080028e0   0x0000001c   Code   RO           39    i.LCD_WriteRAM_Prepare  stm32_2.8_lcd.o
    0x080028fc   0x080028fc   0x00000078   Code   RO           40    i.LCD_WriteReg      stm32_2.8_lcd.o
    0x08002974   0x08002974   0x0000007c   Code   RO           41    i.LCD_WriteRegIndex  stm32_2.8_lcd.o
    0x080029f0   0x080029f0   0x00000064   Code   RO          332    i.MX_ADC1_Init      main.o
    0x08002a54   0x08002a54   0x00000064   Code   RO          333    i.MX_ADC3_Init      main.o
    0x08002ab8   0x08002ab8   0x000000d8   Code   RO          334    i.MX_GPIO_Init      main.o
    0x08002b90   0x08002b90   0x000000c8   Code   RO          335    i.MX_TIM2_Init      main.o
    0x08002c58   0x08002c58   0x00000068   Code   RO          336    i.MX_TIM3_Init      main.o
    0x08002cc0   0x08002cc0   0x000000ec   Code   RO          337    i.MX_TIM8_Init      main.o
    0x08002dac   0x08002dac   0x00000002   Code   RO          437    i.MemManage_Handler  stm32f4xx_it.o
    0x08002dae   0x08002dae   0x00000002   Code   RO          438    i.NMI_Handler       stm32f4xx_it.o
    0x08002db0   0x08002db0   0x00000002   Code   RO          439    i.PendSV_Handler    stm32f4xx_it.o
    0x08002db2   0x08002db2   0x00000004   Code   RO           43    i.STM32_LCD_Init    stm32_2.8_lcd.o
    0x08002db6   0x08002db6   0x00000002   Code   RO          440    i.SVC_Handler       stm32f4xx_it.o
    0x08002db8   0x08002db8   0x00000004   Code   RO          441    i.SysTick_Handler   stm32f4xx_it.o
    0x08002dbc   0x08002dbc   0x00000094   Code   RO          338    i.SystemClock_Config  main.o
    0x08002e50   0x08002e50   0x00000010   Code   RO         2977    i.SystemInit        system_stm32f4xx.o
    0x08002e60   0x08002e60   0x0000000c   Code   RO          442    i.TIM2_IRQHandler   stm32f4xx_it.o
    0x08002e6c   0x08002e6c   0x0000000c   Code   RO          443    i.TIM3_IRQHandler   stm32f4xx_it.o
    0x08002e78   0x08002e78   0x0000000c   Code   RO          444    i.TIM8_BRK_TIM12_IRQHandler  stm32f4xx_it.o
    0x08002e84   0x08002e84   0x000000c8   Code   RO         2098    i.TIM_Base_SetConfig  stm32f4xx_hal_tim.o
    0x08002f4c   0x08002f4c   0x0000001a   Code   RO         2099    i.TIM_CCxChannelCmd  stm32f4xx_hal_tim.o
    0x08002f66   0x08002f66   0x00000014   Code   RO         2109    i.TIM_ETR_SetConfig  stm32f4xx_hal_tim.o
    0x08002f7a   0x08002f7a   0x00000010   Code   RO         2110    i.TIM_ITRx_SetConfig  stm32f4xx_hal_tim.o
    0x08002f8a   0x08002f8a   0x00000002   PAD
    0x08002f8c   0x08002f8c   0x00000060   Code   RO         2111    i.TIM_OC1_SetConfig  stm32f4xx_hal_tim.o
    0x08002fec   0x08002fec   0x0000006c   Code   RO         2112    i.TIM_OC2_SetConfig  stm32f4xx_hal_tim.o
    0x08003058   0x08003058   0x00000068   Code   RO         2113    i.TIM_OC3_SetConfig  stm32f4xx_hal_tim.o
    0x080030c0   0x080030c0   0x00000050   Code   RO         2114    i.TIM_OC4_SetConfig  stm32f4xx_hal_tim.o
    0x08003110   0x08003110   0x00000022   Code   RO         2116    i.TIM_TI1_ConfigInputStage  stm32f4xx_hal_tim.o
    0x08003132   0x08003132   0x00000002   PAD
    0x08003134   0x08003134   0x00000080   Code   RO         2117    i.TIM_TI1_SetConfig  stm32f4xx_hal_tim.o
    0x080031b4   0x080031b4   0x00000024   Code   RO         2118    i.TIM_TI2_ConfigInputStage  stm32f4xx_hal_tim.o
    0x080031d8   0x080031d8   0x00000036   Code   RO         2119    i.TIM_TI2_SetConfig  stm32f4xx_hal_tim.o
    0x0800320e   0x0800320e   0x00000002   Code   RO          445    i.UsageFault_Handler  stm32f4xx_it.o
    0x08003210   0x08003210   0x00000020   Code   RO         1628    i.__NVIC_SetPriority  stm32f4xx_hal_cortex.o
    0x08003230   0x08003230   0x0000001c   Code   RO           44    i.delay             stm32_2.8_lcd.o
    0x0800324c   0x0800324c   0x00000264   Code   RO          339    i.main              main.o
    0x080034b0   0x080034b0   0x00000062   Code   RO         3021    x$fpl$d2f           fz_wm.l(d2f.o)
    0x08003512   0x08003512   0x00000002   PAD
    0x08003514   0x08003514   0x00000150   Code   RO         3023    x$fpl$dadd          fz_wm.l(daddsub_clz.o)
    0x08003664   0x08003664   0x000002b0   Code   RO         3030    x$fpl$ddiv          fz_wm.l(ddiv.o)
    0x08003914   0x08003914   0x00000154   Code   RO         3033    x$fpl$dmul          fz_wm.l(dmul.o)
    0x08003a68   0x08003a68   0x0000009c   Code   RO         3042    x$fpl$dnaninf       fz_wm.l(dnaninf.o)
    0x08003b04   0x08003b04   0x0000000c   Code   RO         3044    x$fpl$dretinf       fz_wm.l(dretinf.o)
    0x08003b10   0x08003b10   0x000001d4   Code   RO         3025    x$fpl$dsub          fz_wm.l(daddsub_clz.o)
    0x08003ce4   0x08003ce4   0x00000056   Code   RO         3035    x$fpl$f2d           fz_wm.l(f2d.o)
    0x08003d3a   0x08003d3a   0x0000008c   Code   RO         3046    x$fpl$fnaninf       fz_wm.l(fnaninf.o)
    0x08003dc6   0x08003dc6   0x0000000a   Code   RO         3153    x$fpl$fpinit        fz_wm.l(fpinit.o)
    0x08003dd0   0x08003dd0   0x0000000a   Code   RO         3048    x$fpl$fretinf       fz_wm.l(fretinf.o)
    0x08003dda   0x08003dda   0x00000000   Code   RO         3050    x$fpl$usenofp       fz_wm.l(usenofp.o)
    0x08003dda   0x08003dda   0x000011d0   Data   RO           45    .constdata          stm32_2.8_lcd.o
    0x08004faa   0x08004faa   0x00000008   Data   RO         1345    .constdata          stm32f4xx_hal_dma.o
    0x08004fb2   0x08004fb2   0x00000010   Data   RO         2978    .constdata          system_stm32f4xx.o
    0x08004fc2   0x08004fc2   0x00000002   PAD
    0x08004fc4   0x08004fc4   0x00000020   Data   RO         3209    Region$$Table       anon$$obj.o


    Execution Region RW_IRAM1 (Exec base: 0x20000000, Load base: 0x08004fe4, Size: 0x000008d0, Max: 0x0001c000, ABSOLUTE)

    Exec Addr    Load Addr    Size         Type   Attr      Idx    E Section Name        Object

    0x20000000   0x08004fe4   0x00000004   Data   RW           46    .data               stm32_2.8_lcd.o
    0x20000004   0x08004fe8   0x00000004   PAD
    0x20000008   0x08004fec   0x00000030   Data   RW          343    .data               main.o
    0x20000038   0x0800501c   0x0000000c   Data   RW         1772    .data               stm32f4xx_hal.o
    0x20000044   0x08005028   0x00000004   Data   RW         2980    .data               system_stm32f4xx.o
    0x20000048        -       0x00000168   Zero   RW          340    .bss                main.o
    0x200001b0        -       0x00000060   Zero   RW          341    .bss                main.o
    0x20000210        -       0x00000060   Zero   RW          342    .bss                main.o
    0x20000270        -       0x00000060   Zero   RW         3083    .bss                c_w.l(libspace.o)
    0x200002d0        -       0x00000200   Zero   RW            2    HEAP                startup_stm32f407xx.o
    0x200004d0        -       0x00000400   Zero   RW            1    STACK               startup_stm32f407xx.o


    Execution Region RW_IRAM2 (Exec base: 0x2001c000, Load base: 0x0800502c, Size: 0x00000000, Max: 0x00004000, ABSOLUTE)

    **** No section assigned to this execution region ****


==============================================================================

Image component sizes


      Code (inc. data)   RO Data    RW Data    ZI Data      Debug   Object Name

      2488        188          0         48        552      10642   main.o
        64         26        392          0       1536        848   startup_stm32f407xx.o
      1628         96       4560          4          0     710350   stm32_2.8_lcd.o
       180         28          0         12          0       9433   stm32f4xx_hal.o
      1200         66          0          0          0       7477   stm32f4xx_hal_adc.o
       232         14          0          0          0      34661   stm32f4xx_hal_cortex.o
       902         16          8          0          0       5823   stm32f4xx_hal_dma.o
       516         46          0          0          0       2867   stm32f4xx_hal_gpio.o
       672         72          0          0          0       3591   stm32f4xx_hal_msp.o
      1284         52          0          0          0       4058   stm32f4xx_hal_rcc.o
      2986        202          0          0          0      22881   stm32f4xx_hal_tim.o
       230         28          0          0          0       2731   stm32f4xx_hal_tim_ex.o
        80         30          0          0          0       6574   stm32f4xx_it.o
        16          4         16          4          0       1139   system_stm32f4xx.o

    ----------------------------------------------------------------------
     12498        868       5010         72       2088     823075   Object Totals
         0          0         32          0          0          0   (incl. Generated)
        20          0          2          4          0          0   (incl. Padding)

    ----------------------------------------------------------------------

      Code (inc. data)   RO Data    RW Data    ZI Data      Debug   Library Member Name

         8          0          0          0          0         68   __main.o
         0          0          0          0          0          0   __rtentry.o
        12          0          0          0          0          0   __rtentry2.o
         6          0          0          0          0          0   __rtentry4.o
        52          8          0          0          0          0   __scatter.o
        26          0          0          0          0          0   __scatter_copy.o
        28          0          0          0          0          0   __scatter_zi.o
        18          0          0          0          0         80   exit.o
         6          0          0          0          0        152   heapauxi.o
         0          0          0          0          0          0   indicate_semi.o
         2          0          0          0          0          0   libinit.o
         6          0          0          0          0          0   libinit2.o
         2          0          0          0          0          0   libshutdown.o
         2          0          0          0          0          0   libshutdown2.o
         8          4          0          0         96         68   libspace.o
       238          0          0          0          0        100   lludivv7m.o
        78          0          0          0          0         80   rt_memclr_w.o
         2          0          0          0          0          0   rtexit.o
        10          0          0          0          0          0   rtexit2.o
        12          4          0          0          0         68   sys_exit.o
        74          0          0          0          0         80   sys_stackheap_outer.o
         2          0          0          0          0         68   use_no_semi.o
        98          4          0          0          0        140   d2f.o
       804         16          0          0          0        368   daddsub_clz.o
       688        140          0          0          0        256   ddiv.o
       340         12          0          0          0        152   dmul.o
       156          4          0          0          0        140   dnaninf.o
        12          0          0          0          0        116   dretinf.o
        86          4          0          0          0        132   f2d.o
       140          4          0          0          0        132   fnaninf.o
        10          0          0          0          0        116   fpinit.o
        10          0          0          0          0        116   fretinf.o
         0          0          0          0          0          0   usenofp.o

    ----------------------------------------------------------------------
      2944        200          0          0         96       2432   Library Totals
         8          0          0          0          0          0   (incl. Padding)

    ----------------------------------------------------------------------

      Code (inc. data)   RO Data    RW Data    ZI Data      Debug   Library Name

       592         16          0          0         96        764   c_w.l
      2344        184          0          0          0       1668   fz_wm.l

    ----------------------------------------------------------------------
      2944        200          0          0         96       2432   Library Totals

    ----------------------------------------------------------------------

==============================================================================


      Code (inc. data)   RO Data    RW Data    ZI Data      Debug   

     15442       1068       5010         72       2184     813747   Grand Totals
     15442       1068       5010         72       2184     813747   ELF Image Totals
     15442       1068       5010         72          0          0   ROM Totals

==============================================================================

    Total RO  Size (Code + RO Data)                20452 (  19.97kB)
    Total RW  Size (RW Data + ZI Data)              2256 (   2.20kB)
    Total ROM Size (Code + RO Data + RW Data)      20524 (  20.04kB)

==============================================================================

