Component: ARM Compiler 5.06 update 2 (build 183) Tool: armlink [4d35b7]

==============================================================================

Section Cross References

    startup_stm32f417xx.o(RESET) refers to startup_stm32f417xx.o(STACK) for __initial_sp
    startup_stm32f417xx.o(RESET) refers to startup_stm32f417xx.o(.text) for Reset_Handler
    startup_stm32f417xx.o(RESET) refers to stm32f4xx_mc_it.o(i.HardFault_Handler) for HardFault_Handler
    startup_stm32f417xx.o(RESET) refers to stm32f4xx_mc_it.o(i.SysTick_Handler) for SysTick_Handler
    startup_stm32f417xx.o(RESET) refers to stm32f4xx_mc_it.o(i.EXTI0_IRQHandler) for EXTI0_IRQHandler
    startup_stm32f417xx.o(RESET) refers to stm32f4xx_it.o(i.EXTI1_IRQHandler) for EXTI1_IRQHandler
    startup_stm32f417xx.o(RESET) refers to stm32f4xx_mc_it.o(i.ADC_IRQHandler) for ADC_IRQHandler
    startup_stm32f417xx.o(RESET) refers to stm32f4xx_mc_it.o(i.TIM2_IRQHandler) for TIM2_IRQHandler
    startup_stm32f417xx.o(RESET) refers to stm32f4xx_it.o(i.TIM3_IRQHandler) for TIM3_IRQHandler
    startup_stm32f417xx.o(RESET) refers to stm32f4xx_mc_it.o(i.USART1_IRQHandler) for USART1_IRQHandler
    startup_stm32f417xx.o(RESET) refers to stm32f4xx_mc_it.o(i.TIM8_BRK_TIM12_IRQHandler) for TIM8_BRK_TIM12_IRQHandler
    startup_stm32f417xx.o(RESET) refers to stm32f4xx_mc_it.o(i.TIM8_UP_TIM13_IRQHandler) for TIM8_UP_TIM13_IRQHandler
    startup_stm32f417xx.o(RESET) refers to stm32f4xx_it.o(i.UART5_IRQHandler) for UART5_IRQHandler
    startup_stm32f417xx.o(.text) refers to system_stm32f4xx.o(i.SystemInit) for SystemInit
    startup_stm32f417xx.o(.text) refers to entry.o(.ARM.Collect$$$$00000000) for __main
    main.o(i.HAL_GPIO_EXTI_Callback) refers to main.o(.data) for .data
    main.o(i.SystemClock_Config) refers to stm32f4xx_hal_rcc.o(i.HAL_RCC_OscConfig) for HAL_RCC_OscConfig
    main.o(i.SystemClock_Config) refers to stm32f4xx_hal_rcc.o(i.HAL_RCC_ClockConfig) for HAL_RCC_ClockConfig
    main.o(i.SystemClock_Config) refers to stm32f4xx_hal_rcc.o(i.HAL_RCC_EnableCSS) for HAL_RCC_EnableCSS
    main.o(i.function_sweep_identification) refers to stm32f4xx_hal.o(i.HAL_GetTick) for HAL_GetTick
    main.o(i.function_sweep_identification) refers to mc_api.o(i.MC_GetSTMStateMotor1) for MC_GetSTMStateMotor1
    main.o(i.function_sweep_identification) refers to f2d.o(.text) for __aeabi_f2d
    main.o(i.function_sweep_identification) refers to printfa.o(i.__0printf) for __2printf
    main.o(i.function_sweep_identification) refers to mc_api.o(i.MC_ProgramTorqueRampMotor1) for MC_ProgramTorqueRampMotor1
    main.o(i.function_sweep_identification) refers to mc_api.o(i.MC_GetMecSpeedAverageMotor1) for MC_GetMecSpeedAverageMotor1
    main.o(i.function_sweep_identification) refers to main.o(i.send_data_2_matlab) for send_data_2_matlab
    main.o(i.function_sweep_identification) refers to main.o(.data) for .data
    main.o(i.function_sweep_identification) refers to main.o(.bss) for .bss
    main.o(i.main) refers to stm32f4xx_hal.o(i.HAL_Init) for HAL_Init
    main.o(i.main) refers to main.o(i.SystemClock_Config) for SystemClock_Config
    main.o(i.main) refers to stm32f4xx_hal_gpio.o(i.HAL_GPIO_Init) for HAL_GPIO_Init
    main.o(i.main) refers to stm32f4xx_hal_cortex.o(i.HAL_NVIC_SetPriority) for HAL_NVIC_SetPriority
    main.o(i.main) refers to stm32f4xx_hal_cortex.o(i.HAL_NVIC_EnableIRQ) for HAL_NVIC_EnableIRQ
    main.o(i.main) refers to stm32f4xx_hal_adc.o(i.HAL_ADC_Init) for HAL_ADC_Init
    main.o(i.main) refers to stm32f4xx_hal_adc_ex.o(i.HAL_ADCEx_InjectedConfigChannel) for HAL_ADCEx_InjectedConfigChannel
    main.o(i.main) refers to stm32f4xx_hal_adc.o(i.HAL_ADC_ConfigChannel) for HAL_ADC_ConfigChannel
    main.o(i.main) refers to stm32f4xx_hal_dac.o(i.HAL_DAC_Init) for HAL_DAC_Init
    main.o(i.main) refers to stm32f4xx_hal_dac.o(i.HAL_DAC_ConfigChannel) for HAL_DAC_ConfigChannel
    main.o(i.main) refers to stm32f4xx_hal_tim.o(i.HAL_TIM_Encoder_Init) for HAL_TIM_Encoder_Init
    main.o(i.main) refers to stm32f4xx_hal_tim_ex.o(i.HAL_TIMEx_MasterConfigSynchronization) for HAL_TIMEx_MasterConfigSynchronization
    main.o(i.main) refers to stm32f4xx_hal_tim.o(i.HAL_TIM_Base_Init) for HAL_TIM_Base_Init
    main.o(i.main) refers to stm32f4xx_hal_tim.o(i.HAL_TIM_PWM_Init) for HAL_TIM_PWM_Init
    main.o(i.main) refers to stm32f4xx_hal_tim.o(i.HAL_TIM_SlaveConfigSynchro) for HAL_TIM_SlaveConfigSynchro
    main.o(i.main) refers to stm32f4xx_hal_tim.o(i.HAL_TIM_PWM_ConfigChannel) for HAL_TIM_PWM_ConfigChannel
    main.o(i.main) refers to stm32f4xx_hal_tim_ex.o(i.HAL_TIMEx_ConfigBreakDeadTime) for HAL_TIMEx_ConfigBreakDeadTime
    main.o(i.main) refers to stm32f4xx_hal_msp.o(i.HAL_TIM_MspPostInit) for HAL_TIM_MspPostInit
    main.o(i.main) refers to stm32f4xx_hal_uart.o(i.HAL_UART_Init) for HAL_UART_Init
    main.o(i.main) refers to motorcontrol.o(i.MX_MotorControl_Init) for MX_MotorControl_Init
    main.o(i.main) refers to main.o(.bss) for .bss
[...]
    CRYP_IRQHandler                          0x080001b7   Thumb Code     0  startup_stm32f417xx.o(.text)
    DCMI_IRQHandler                          0x080001b7   Thumb Code     0  startup_stm32f417xx.o(.text)
    DMA1_Stream0_IRQHandler                  0x080001b7   Thumb Code     0  startup_stm32f417xx.o(.text)
    DMA1_Stream1_IRQHandler                  0x080001b7   Thumb Code     0  startup_stm32f417xx.o(.text)
    DMA1_Stream2_IRQHandler                  0x080001b7   Thumb Code     0  startup_stm32f417xx.o(.text)
    DMA1_Stream3_IRQHandler                  0x080001b7   Thumb Code     0  startup_stm32f417xx.o(.text)
    DMA1_Stream4_IRQHandler                  0x080001b7   Thumb Code     0  startup_stm32f417xx.o(.text)
    DMA1_Stream5_IRQHandler                  0x080001b7   Thumb Code     0  startup_stm32f417xx.o(.text)
    DMA1_Stream6_IRQHandler                  0x080001b7   Thumb Code     0  startup_stm32f417xx.o(.text)
    DMA1_Stream7_IRQHandler                  0x080001b7   Thumb Code     0  startup_stm32f417xx.o(.text)
    DMA2_Stream0_IRQHandler                  0x080001b7   Thumb Code     0  startup_stm32f417xx.o(.text)
    DMA2_Stream1_IRQHandler                  0x080001b7   Thumb Code     0  startup_stm32f417xx.o(.text)
    DMA2_Stream2_IRQHandler                  0x080001b7   Thumb Code     0  startup_stm32f417xx.o(.text)
    DMA2_Stream3_IRQHandler                  0x080001b7   Thumb Code     0  startup_stm32f417xx.o(.text)
    DMA2_Stream4_IRQHandler                  0x080001b7   Thumb Code     0  startup_stm32f417xx.o(.text)
    DMA2_Stream5_IRQHandler                  0x080001b7   Thumb Code     0  startup_stm32f417xx.o(.text)
    DMA2_Stream6_IRQHandler                  0x080001b7   Thumb Code     0  startup_stm32f417xx.o(.text)
    DMA2_Stream7_IRQHandler                  0x080001b7   Thumb Code     0  startup_stm32f417xx.o(.text)
    ETH_IRQHandler                           0x080001b7   Thumb Code     0  startup_stm32f417xx.o(.text)
    ETH_WKUP_IRQHandler                      0x080001b7   Thumb Code     0  startup_stm32f417xx.o(.text)
    EXTI15_10_IRQHandler                     0x080001b7   Thumb Code     0  startup_stm32f417xx.o(.text)
    EXTI2_IRQHandler                         0x080001b7   Thumb Code     0  startup_stm32f417xx.o(.text)
    EXTI3_IRQHandler                         0x080001b7   Thumb Code     0  startup_stm32f417xx.o(.text)
    EXTI4_IRQHandler                         0x080001b7   Thumb Code     0  startup_stm32f417xx.o(.text)
    EXTI9_5_IRQHandler                       0x080001b7   Thumb Code     0  startup_stm32f417xx.o(.text)
    FLASH_IRQHandler                         0x080001b7   Thumb Code     0  startup_stm32f417xx.o(.text)
    FMC_IRQHandler                           0x080001b7   Thumb Code     0  startup_stm32f417xx.o(.text)
    FPU_IRQHandler                           0x080001b7   Thumb Code     0  startup_stm32f417xx.o(.text)
    HASH_RNG_IRQHandler                      0x080001b7   Thumb Code     0  startup_stm32f417xx.o(.text)
    I2C1_ER_IRQHandler                       0x080001b7   Thumb Code     0  startup_stm32f417xx.o(.text)
    I2C1_EV_IRQHandler                       0x080001b7   Thumb Code     0  startup_stm32f417xx.o(.text)
    I2C2_ER_IRQHandler                       0x080001b7   Thumb Code     0  startup_stm32f417xx.o(.text)
    I2C2_EV_IRQHandler                       0x080001b7   Thumb Code     0  startup_stm32f417xx.o(.text)
    I2C3_ER_IRQHandler                       0x080001b7   Thumb Code     0  startup_stm32f417xx.o(.text)
    I2C3_EV_IRQHandler                       0x080001b7   Thumb Code     0  startup_stm32f417xx.o(.text)
    OTG_FS_IRQHandler                        0x080001b7   Thumb Code     0  startup_stm32f417xx.o(.text)
    OTG_FS_WKUP_IRQHandler                   0x080001b7   Thumb Code     0  startup_stm32f417xx.o(.text)
    OTG_HS_EP1_IN_IRQHandler                 0x080001b7   Thumb Code     0  startup_stm32f417xx.o(.text)
    OTG_HS_EP1_OUT_IRQHandler                0x080001b7   Thumb Code     0  startup_stm32f417xx.o(.text)
    OTG_HS_IRQHandler                        0x080001b7   Thumb Code     0  startup_stm32f417xx.o(.text)
    OTG_HS_WKUP_IRQHandler                   0x080001b7   Thumb Code     0  startup_stm32f417xx.o(.text)
    PVD_IRQHandler                           0x080001b7   Thumb Code     0  startup_stm32f417xx.o(.text)
    RCC_IRQHandler                           0x080001b7   Thumb Code     0  startup_stm32f417xx.o(.text)
    RTC_Alarm_IRQHandler                     0x080001b7   Thumb Code     0  startup_stm32f417xx.o(.text)
    RTC_WKUP_IRQHandler                      0x080001b7   Thumb Code     0  startup_stm32f417xx.o(.text)
    SDIO_IRQHandler                          0x080001b7   Thumb Code     0  startup_stm32f417xx.o(.text)
    SPI1_IRQHandler                          0x080001b7   Thumb Code     0  startup_stm32f417xx.o(.text)
    SPI2_IRQHandler                          0x080001b7   Thumb Code     0  startup_stm32f417xx.o(.text)
    SPI3_IRQHandler                          0x080001b7   Thumb Code     0  startup_stm32f417xx.o(.text)
    TAMP_STAMP_IRQHandler                    0x080001b7   Thumb Code     0  startup_stm32f417xx.o(.text)
    TIM1_BRK_TIM9_IRQHandler                 0x080001b7   Thumb Code     0  startup_stm32f417xx.o(.text)
    TIM1_CC_IRQHandler                       0x080001b7   Thumb Code     0  startup_stm32f417xx.o(.text)
    TIM1_TRG_COM_TIM11_IRQHandler            0x080001b7   Thumb Code     0  startup_stm32f417xx.o(.text)
    TIM1_UP_TIM10_IRQHandler                 0x080001b7   Thumb Code     0  startup_stm32f417xx.o(.text)
    TIM4_IRQHandler                          0x080001b7   Thumb Code     0  startup_stm32f417xx.o(.text)
    TIM5_IRQHandler                          0x080001b7   Thumb Code     0  startup_stm32f417xx.o(.text)
    TIM6_DAC_IRQHandler                      0x080001b7   Thumb Code     0  startup_stm32f417xx.o(.text)
    TIM7_IRQHandler                          0x080001b7   Thumb Code     0  startup_stm32f417xx.o(.text)
    TIM8_CC_IRQHandler                       0x080001b7   Thumb Code     0  startup_stm32f417xx.o(.text)
    TIM8_TRG_COM_TIM14_IRQHandler            0x080001b7   Thumb Code     0  startup_stm32f417xx.o(.text)
    UART4_IRQHandler                         0x080001b7   Thumb Code     0  startup_stm32f417xx.o(.text)
    USART2_IRQHandler                        0x080001b7   Thumb Code     0  startup_stm32f417xx.o(.text)
    USART3_IRQHandler                        0x080001b7   Thumb Code     0  startup_stm32f417xx.o(.text)
    USART6_IRQHandler                        0x080001b7   Thumb Code     0  startup_stm32f417xx.o(.text)
    WWDG_IRQHandler                          0x080001b7   Thumb Code     0  startup_stm32f417xx.o(.text)
    __aeabi_uldivmod                         0x080001c1   Thumb Code    98  uldiv.o(.text)
    __aeabi_memset                           0x08000223   Thumb Code    14  memseta.o(.text)
    __aeabi_memset4                          0x08000223   Thumb Code     0  memseta.o(.text)
    __aeabi_memset8                          0x08000223   Thumb Code     0  memseta.o(.text)
    __aeabi_memclr                           0x08000231   Thumb Code     4  memseta.o(.text)
    __aeabi_memclr4                          0x08000231   Thumb Code     0  memseta.o(.text)
    __aeabi_memclr8                          0x08000231   Thumb Code     0  memseta.o(.text)
    _memset$wrapper                          0x08000235   Thumb Code    18  memseta.o(.text)
    __aeabi_dmul                             0x08000247   Thumb Code   228  dmul.o(.text)
    __aeabi_i2d                              0x0800032b   Thumb Code    34  dflti.o(.text)
    __aeabi_uidiv                            0x0800034d   Thumb Code     0  uidiv.o(.text)
    __aeabi_uidivmod                         0x0800034d   Thumb Code    44  uidiv.o(.text)
    __aeabi_llsl                             0x08000379   Thumb Code    30  llshl.o(.text)
    _ll_shift_l                              0x08000379   Thumb Code     0  llshl.o(.text)
    __aeabi_llsr                             0x08000397   Thumb Code    32  llushr.o(.text)
    _ll_ushift_r                             0x08000397   Thumb Code     0  llushr.o(.text)
    __I$use$fp                               0x080003b7   Thumb Code     0  iusefp.o(.text)
    _double_round                            0x080003b7   Thumb Code    30  depilogue.o(.text)
    _double_epilogue                         0x080003d5   Thumb Code   156  depilogue.o(.text)
    __aeabi_dadd                             0x08000471   Thumb Code   322  dadd.o(.text)
    __aeabi_dsub                             0x080005b3   Thumb Code     6  dadd.o(.text)
    __aeabi_drsub                            0x080005b9   Thumb Code     6  dadd.o(.text)
    __aeabi_ddiv                             0x080005bf   Thumb Code   222  ddiv.o(.text)
    __aeabi_d2ulz                            0x0800069d   Thumb Code    48  dfixul.o(.text)
    __aeabi_cdrcmple                         0x080006cd   Thumb Code    48  cdrcmple.o(.text)
    __scatterload                            0x080006fd   Thumb Code    28  init.o(.text)
    __scatterload_rt2                        0x080006fd   Thumb Code     0  init.o(.text)
    __aeabi_lasr                             0x08000721   Thumb Code    36  llsshr.o(.text)
    _ll_sshift_r                             0x08000721   Thumb Code     0  llsshr.o(.text)
    __decompress                             0x08000745   Thumb Code     0  __dczerorl2.o(.text)
    __decompress1                            0x08000745   Thumb Code    86  __dczerorl2.o(.text)
    ADC_IRQHandler                           0x0800079d   Thumb Code    56  stm32f4xx_mc_it.o(i.ADC_IRQHandler)
    Circle_Limitation                        0x080007d9   Thumb Code    86  circle_limitation.o(i.Circle_Limitation)
    DAC_Exec                                 0x08000831   Thumb Code   132  dac_ui.o(i.DAC_Exec)
    DAC_GetChannelConfig                     0x080008b9   Thumb Code     8  dac_common_ui.o(i.DAC_GetChannelConfig)
    DAC_GetUserChannelValue                  0x080008c1   Thumb Code    10  dac_common_ui.o(i.DAC_GetUserChannelValue)
    DAC_Init                                 0x080008cd   Thumb Code    34  dac_ui.o(i.DAC_Init)
    DAC_SetChannelConfig                     0x080008f5   Thumb Code     8  dac_common_ui.o(i.DAC_SetChannelConfig)
    DAC_SetUserChannelValue                  0x080008fd   Thumb Code     8  dac_common_ui.o(i.DAC_SetUserChannelValue)
    EAC_Exec                                 0x08000905   Thumb Code    52  enc_align_ctrl.o(i.EAC_Exec)
    EAC_GetRestartState                      0x08000939   Thumb Code     4  enc_align_ctrl.o(i.EAC_GetRestartState)
    EAC_Init                                 0x0800093d   Thumb Code    14  enc_align_ctrl.o(i.EAC_Init)
    EAC_IsAligned                            0x0800094b   Thumb Code     4  enc_align_ctrl.o(i.EAC_IsAligned)
    EAC_SetRestartState                      0x0800094f   Thumb Code     4  enc_align_ctrl.o(i.EAC_SetRestartState)
    EAC_StartAlignment                       0x08000953   Thumb Code    74  enc_align_ctrl.o(i.EAC_StartAlignment)
    ENC_CalcAngle                            0x0800099d   Thumb Code    36  encoder_speed_pos_fdbk.o(i.ENC_CalcAngle)
    ENC_CalcAvrgMecSpeed01Hz                 0x080009c1   Thumb Code   288  encoder_speed_pos_fdbk.o(i.ENC_CalcAvrgMecSpeed01Hz)
    ENC_Clear                                0x08000ae1   Thumb Code    66  encoder_speed_pos_fdbk.o(i.ENC_Clear)
    ENC_IRQHandler                           0x08000b23   Thumb Code    10  encoder_speed_pos_fdbk.o(i.ENC_IRQHandler)
    ENC_Init                                 0x08000b2d   Thumb Code   122  encoder_speed_pos_fdbk.o(i.ENC_Init)
    ENC_SetMecAngle                          0x08000ba7   Thumb Code    32  encoder_speed_pos_fdbk.o(i.ENC_SetMecAngle)
    EXTI0_IRQHandler                         0x08000bc9   Thumb Code    10  stm32f4xx_mc_it.o(i.EXTI0_IRQHandler)
    EXTI1_IRQHandler                         0x08000bd9   Thumb Code     6  stm32f4xx_it.o(i.EXTI1_IRQHandler)
    FCP_CalcCRC                              0x08000be1   Thumb Code    92  frame_communication_protocol.o(i.FCP_CalcCRC)
    FCP_Init                                 0x08000c3d   Thumb Code    42  frame_communication_protocol.o(i.FCP_Init)
    FCP_SetClient                            0x08000c67   Thumb Code    14  frame_communication_protocol.o(i.FCP_SetClient)
    HAL_ADCEx_InjectedConfigChannel          0x08000ce1   Thumb Code   508  stm32f4xx_hal_adc_ex.o(i.HAL_ADCEx_InjectedConfigChannel)
    HAL_ADC_ConfigChannel                    0x08000ee9   Thumb Code   416  stm32f4xx_hal_adc.o(i.HAL_ADC_ConfigChannel)
    HAL_ADC_Init                             0x08001099   Thumb Code   360  stm32f4xx_hal_adc.o(i.HAL_ADC_Init)
    HAL_ADC_MspInit                          0x0800120d   Thumb Code   248  stm32f4xx_hal_msp.o(i.HAL_ADC_MspInit)
    HAL_DAC_ConfigChannel                    0x0800131d   Thumb Code    78  stm32f4xx_hal_dac.o(i.HAL_DAC_ConfigChannel)
    HAL_DAC_Init                             0x0800136b   Thumb Code    40  stm32f4xx_hal_dac.o(i.HAL_DAC_Init)
    HAL_DAC_MspInit                          0x08001395   Thumb Code    88  stm32f4xx_hal_msp.o(i.HAL_DAC_MspInit)
    HAL_DMA_Abort_IT                         0x080013f9   Thumb Code    36  stm32f4xx_hal_dma.o(i.HAL_DMA_Abort_IT)
    HAL_Delay                                0x0800141d   Thumb Code    34  stm32f4xx_hal.o(i.HAL_Delay)
    HAL_GPIO_EXTI_Callback                   0x08001445   Thumb Code    22  main.o(i.HAL_GPIO_EXTI_Callback)
    HAL_GPIO_EXTI_IRQHandler                 0x08001461   Thumb Code    20  stm32f4xx_hal_gpio.o(i.HAL_GPIO_EXTI_IRQHandler)
    HAL_GPIO_Init                            0x08001479   Thumb Code   550  stm32f4xx_hal_gpio.o(i.HAL_GPIO_Init)
    HAL_GPIO_ReadPin                         0x080016b5   Thumb Code    10  stm32f4xx_hal_gpio.o(i.HAL_GPIO_ReadPin)
    HAL_GetTick                              0x080016c1   Thumb Code     6  stm32f4xx_hal.o(i.HAL_GetTick)
    HAL_IncTick                              0x080016cd   Thumb Code    12  stm32f4xx_hal.o(i.HAL_IncTick)
    HAL_Init                                 0x080016dd   Thumb Code    48  stm32f4xx_hal.o(i.HAL_Init)
    HAL_InitTick                             0x08001711   Thumb Code    54  stm32f4xx_hal.o(i.HAL_InitTick)
    HAL_MspInit                              0x08001751   Thumb Code    46  stm32f4xx_hal_msp.o(i.HAL_MspInit)
    HAL_NVIC_EnableIRQ                       0x08001789   Thumb Code    30  stm32f4xx_hal_cortex.o(i.HAL_NVIC_EnableIRQ)
    HAL_NVIC_SetPriority                     0x080017a9   Thumb Code    96  stm32f4xx_hal_cortex.o(i.HAL_NVIC_SetPriority)
    HAL_NVIC_SetPriorityGrouping             0x0800180d   Thumb Code    30  stm32f4xx_hal_cortex.o(i.HAL_NVIC_SetPriorityGrouping)
    HAL_RCC_ClockConfig                      0x08001831   Thumb Code   324  stm32f4xx_hal_rcc.o(i.HAL_RCC_ClockConfig)
    HAL_RCC_EnableCSS                        0x0800198d   Thumb Code     8  stm32f4xx_hal_rcc.o(i.HAL_RCC_EnableCSS)
    HAL_RCC_GetHCLKFreq                      0x08001999   Thumb Code     6  stm32f4xx_hal_rcc.o(i.HAL_RCC_GetHCLKFreq)
    HAL_RCC_GetPCLK1Freq                     0x080019a5   Thumb Code    20  stm32f4xx_hal_rcc.o(i.HAL_RCC_GetPCLK1Freq)
    HAL_RCC_GetPCLK2Freq                     0x080019c5   Thumb Code    20  stm32f4xx_hal_rcc.o(i.HAL_RCC_GetPCLK2Freq)
    HAL_RCC_GetSysClockFreq                  0x080019e5   Thumb Code    98  stm32f4xx_hal_rcc.o(i.HAL_RCC_GetSysClockFreq)
    HAL_RCC_OscConfig                        0x08001a59   Thumb Code   958  stm32f4xx_hal_rcc.o(i.HAL_RCC_OscConfig)
    HAL_SYSTICK_Callback                     0x08001e3d   Thumb Code     2  stm32f4xx_hal_cortex.o(i.HAL_SYSTICK_Callback)
    HAL_SYSTICK_Config                       0x08001e41   Thumb Code    38  stm32f4xx_hal_cortex.o(i.HAL_SYSTICK_Config)
    HAL_SYSTICK_IRQHandler                   0x08001e6d   Thumb Code     8  stm32f4xx_hal_cortex.o(i.HAL_SYSTICK_IRQHandler)
    HAL_TIMEx_BreakCallback                  0x08001e75   Thumb Code     2  stm32f4xx_hal_tim_ex.o(i.HAL_TIMEx_BreakCallback)
    HAL_TIMEx_CommutCallback                 0x08001e77   Thumb Code     2  stm32f4xx_hal_tim_ex.o(i.HAL_TIMEx_CommutCallback)
    HAL_TIMEx_ConfigBreakDeadTime            0x08001e79   Thumb Code    82  stm32f4xx_hal_tim_ex.o(i.HAL_TIMEx_ConfigBreakDeadTime)
    HAL_TIMEx_MasterConfigSynchronization    0x08001ecb   Thumb Code   150  stm32f4xx_hal_tim_ex.o(i.HAL_TIMEx_MasterConfigSynchronization)
    HAL_TIM_Base_Init                        0x08001f61   Thumb Code    54  stm32f4xx_hal_tim.o(i.HAL_TIM_Base_Init)
    HAL_TIM_Base_MspInit                     0x08001f99   Thumb Code    40  stm32f4xx_hal_msp.o(i.HAL_TIM_Base_MspInit)
    HAL_TIM_Encoder_Init                     0x08001fc5   Thumb Code   176  stm32f4xx_hal_tim.o(i.HAL_TIM_Encoder_Init)
    HAL_TIM_Encoder_MspInit                  0x08002075   Thumb Code   202  stm32f4xx_hal_msp.o(i.HAL_TIM_Encoder_MspInit)
    HAL_TIM_Encoder_Start                    0x08002155   Thumb Code    88  stm32f4xx_hal_tim.o(i.HAL_TIM_Encoder_Start)
    HAL_TIM_IC_CaptureCallback               0x080021ad   Thumb Code     2  stm32f4xx_hal_tim.o(i.HAL_TIM_IC_CaptureCallback)
    HAL_TIM_IRQHandler                       0x080021af   Thumb Code   364  stm32f4xx_hal_tim.o(i.HAL_TIM_IRQHandler)
    HAL_TIM_MspPostInit                      0x0800231d   Thumb Code   116  stm32f4xx_hal_msp.o(i.HAL_TIM_MspPostInit)
    HAL_TIM_OC_DelayElapsedCallback          0x0800239d   Thumb Code     2  stm32f4xx_hal_tim.o(i.HAL_TIM_OC_DelayElapsedCallback)
    HAL_TIM_PWM_ConfigChannel                0x080023a1   Thumb Code   578  stm32f4xx_hal_tim.o(i.HAL_TIM_PWM_ConfigChannel)
    HAL_TIM_PWM_Init                         0x080025ed   Thumb Code    54  stm32f4xx_hal_tim.o(i.HAL_TIM_PWM_Init)
    HAL_TIM_PWM_MspInit                      0x08002623   Thumb Code     2  stm32f4xx_hal_tim.o(i.HAL_TIM_PWM_MspInit)
    HAL_TIM_PWM_PulseFinishedCallback        0x08002625   Thumb Code     2  stm32f4xx_hal_tim.o(i.HAL_TIM_PWM_PulseFinishedCallback)
    HAL_TIM_PeriodElapsedCallback            0x08002627   Thumb Code     2  stm32f4xx_hal_tim.o(i.HAL_TIM_PeriodElapsedCallback)
    HAL_TIM_SlaveConfigSynchro               0x08002629   Thumb Code    86  stm32f4xx_hal_tim.o(i.HAL_TIM_SlaveConfigSynchro)
    HAL_TIM_TriggerCallback                  0x0800267f   Thumb Code     2  stm32f4xx_hal_tim.o(i.HAL_TIM_TriggerCallback)
    HAL_UART_ErrorCallback                   0x08002681   Thumb Code     2  stm32f4xx_hal_uart.o(i.HAL_UART_ErrorCallback)
    HAL_UART_IRQHandler                      0x08002685   Thumb Code   670  stm32f4xx_hal_uart.o(i.HAL_UART_IRQHandler)
    HAL_UART_Init                            0x08002929   Thumb Code    98  stm32f4xx_hal_uart.o(i.HAL_UART_Init)
    HAL_UART_MspInit                         0x0800298d   Thumb Code   204  stm32f4xx_hal_msp.o(i.HAL_UART_MspInit)
    HAL_UART_RxCpltCallback                  0x08002a71   Thumb Code     2  stm32f4xx_hal_uart.o(i.HAL_UART_RxCpltCallback)
    HAL_UART_Transmit                        0x08002a75   Thumb Code   294  stm32f4xx_hal_uart.o(i.HAL_UART_Transmit)
    HAL_UART_TxCpltCallback                  0x08002b9b   Thumb Code     2  stm32f4xx_hal_uart.o(i.HAL_UART_TxCpltCallback)
    HardFault_Handler                        0x08002b9d   Thumb Code   104  stm32f4xx_mc_it.o(i.HardFault_Handler)
    MCI_Clear_Iqdref                         0x08002c69   Thumb Code    16  mc_interface.o(i.MCI_Clear_Iqdref)
    MCI_EncoderAlign                         0x08002c79   Thumb Code     8  mc_interface.o(i.MCI_EncoderAlign)
    MCI_ExecBufferedCommands                 0x08002c81   Thumb Code   120  mc_interface.o(i.MCI_ExecBufferedCommands)
    MCI_ExecSpeedRamp                        0x08002cf9   Thumb Code    14  mc_interface.o(i.MCI_ExecSpeedRamp)
    MCI_ExecTorqueRamp                       0x08002d07   Thumb Code    18  mc_interface.o(i.MCI_ExecTorqueRamp)
    MCI_FaultAcknowledged                    0x08002d19   Thumb Code     6  mc_interface.o(i.MCI_FaultAcknowledged)
    MCI_GetAvrgMecSpeed01Hz                  0x08002d1f   Thumb Code    16  mc_interface.o(i.MCI_GetAvrgMecSpeed01Hz)
    MCI_GetControlMode                       0x08002d2f   Thumb Code     4  mc_interface.o(i.MCI_GetControlMode)
    MCI_GetIab                               0x08002d33   Thumb Code     6  mc_interface.o(i.MCI_GetIab)
    MCI_GetIalphabeta                        0x08002d39   Thumb Code     6  mc_interface.o(i.MCI_GetIalphabeta)
    MCI_GetIqd                               0x08002d3f   Thumb Code     6  mc_interface.o(i.MCI_GetIqd)
    MCI_GetIqdref                            0x08002d45   Thumb Code     6  mc_interface.o(i.MCI_GetIqdref)
    MCI_GetLastRampFinalSpeed                0x08002d4b   Thumb Code    16  mc_interface.o(i.MCI_GetLastRampFinalSpeed)
    MCI_GetMecSpeedRef01Hz                   0x08002d5b   Thumb Code     6  mc_interface.o(i.MCI_GetMecSpeedRef01Hz)
    MCI_GetSTMState                          0x08002d61   Thumb Code     6  mc_interface.o(i.MCI_GetSTMState)
    MCI_GetTeref                             0x08002d67   Thumb Code     8  mc_interface.o(i.MCI_GetTeref)
    MCI_GetValphabeta                        0x08002d6f   Thumb Code     8  mc_interface.o(i.MCI_GetValphabeta)
    MCI_GetVqd                               0x08002d77   Thumb Code     8  mc_interface.o(i.MCI_GetVqd)
    MCI_Init                                 0x08002d7f   Thumb Code    20  mc_interface.o(i.MCI_Init)
    MCI_SetCurrentReferences                 0x08002d93   Thumb Code    20  mc_interface.o(i.MCI_SetCurrentReferences)
    MCI_SetIdref                             0x08002da7   Thumb Code    10  mc_interface.o(i.MCI_SetIdref)
    MCI_StartMotor                           0x08002db1   Thumb Code    22  mc_interface.o(i.MCI_StartMotor)
    MCI_StopMotor                            0x08002dc7   Thumb Code     8  mc_interface.o(i.MCI_StopMotor)
    MCI_StopSpeedRamp                        0x08002dcf   Thumb Code     6  mc_interface.o(i.MCI_StopSpeedRamp)
    MCM_Clarke                               0x08002dd5   Thumb Code    72  mc_math.o(i.MCM_Clarke)
    MCM_Park                                 0x08002e21   Thumb Code   122  mc_math.o(i.MCM_Park)
    MCM_Rev_Park                             0x08002ea5   Thumb Code    54  mc_math.o(i.MCM_Rev_Park)
    MCM_Trig_Functions                       0x08002edd   Thumb Code   112  mc_math.o(i.MCM_Trig_Functions)
    MCP_Init                                 0x08002f51   Thumb Code    68  motor_control_protocol.o(i.MCP_Init)
    MCP_OnTimeOut                            0x08002fa1   Thumb Code    26  motor_control_protocol.o(i.MCP_OnTimeOut)
    MCP_ReceivedFrame                        0x08002fbd   Thumb Code  1616  motor_control_protocol.o(i.MCP_ReceivedFrame)
    MCP_SentFrame                            0x08003615   Thumb Code    26  motor_control_protocol.o(i.MCP_SentFrame)
    MC_AlignEncoderMotor1                    0x08003631   Thumb Code     8  mc_api.o(i.MC_AlignEncoderMotor1)
    MC_GetSTMStateMotor1                     0x0800363d   Thumb Code     8  mc_api.o(i.MC_GetSTMStateMotor1)
    MC_ProgramSpeedRampMotor1                0x08003649   Thumb Code    14  mc_api.o(i.MC_ProgramSpeedRampMotor1)
    MC_RunMotorControlTasks                  0x0800365d   Thumb Code   126  mc_tasks.o(i.MC_RunMotorControlTasks)
    MC_Scheduler                             0x080036ed   Thumb Code   614  mc_tasks.o(i.MC_Scheduler)
    MC_StartMotor1                           0x0800397d   Thumb Code     8  mc_api.o(i.MC_StartMotor1)
    MC_StopMotor1                            0x08003989   Thumb Code     8  mc_api.o(i.MC_StopMotor1)
    MCboot                                   0x08003995   Thumb Code   354  mc_tasks.o(i.MCboot)
    MPM_CalcElMotorPower                     0x08003b39   Thumb Code    96  motor_power_measurement.o(i.MPM_CalcElMotorPower)
    MPM_Clear                                0x08003b99   Thumb Code    24  motor_power_measurement.o(i.MPM_Clear)
    MPM_GetAvrgElMotorPowerW                 0x08003bb1   Thumb Code     6  motor_power_measurement.o(i.MPM_GetAvrgElMotorPowerW)
    MX_MotorControl_Init                     0x08003bb9   Thumb Code    48  motorcontrol.o(i.MX_MotorControl_Init)
    NTC_CalcAvTemp                           0x08003bf1   Thumb Code    78  ntc_temperature_sensor.o(i.NTC_CalcAvTemp)
    NTC_GetAvTemp_C                          0x08003c3f   Thumb Code    40  ntc_temperature_sensor.o(i.NTC_GetAvTemp_C)
    NTC_Init                                 0x08003c67   Thumb Code    32  ntc_temperature_sensor.o(i.NTC_Init)
    PID_GetKD                                0x08003c87   Thumb Code     6  pid_regulator.o(i.PID_GetKD)
    PID_GetKI                                0x08003c8d   Thumb Code     6  pid_regulator.o(i.PID_GetKI)
    PID_GetKIDivisor                         0x08003c93   Thumb Code     4  pid_regulator.o(i.PID_GetKIDivisor)
    PID_GetKP                                0x08003c97   Thumb Code     6  pid_regulator.o(i.PID_GetKP)
    PID_GetKPDivisor                         0x08003c9d   Thumb Code     4  pid_regulator.o(i.PID_GetKPDivisor)
    PID_HandleInit                           0x08003ca1   Thumb Code    20  pid_regulator.o(i.PID_HandleInit)
    PID_SetIntegralTerm                      0x08003cb5   Thumb Code     4  pid_regulator.o(i.PID_SetIntegralTerm)
    PID_SetKD                                0x08003cb9   Thumb Code     4  pid_regulator.o(i.PID_SetKD)
    PID_SetKI                                0x08003cbd   Thumb Code     4  pid_regulator.o(i.PID_SetKI)
    PID_SetKP                                0x08003cc1   Thumb Code     4  pid_regulator.o(i.PID_SetKP)
    PI_Controller                            0x08003cc5   Thumb Code   122  pid_regulator.o(i.PI_Controller)
    PQD_CalcElMotorPower                     0x08003d45   Thumb Code    90  pqd_motor_power_measurement.o(i.PQD_CalcElMotorPower)
    PWMC_CheckOverCurrent                    0x08003da5   Thumb Code     4  pwm_curr_fdbk.o(i.PWMC_CheckOverCurrent)
    PWMC_CurrentReadingCalibr                0x08003da9   Thumb Code    66  pwm_curr_fdbk.o(i.PWMC_CurrentReadingCalibr)
    PWMC_GetPhaseCurrents                    0x08003deb   Thumb Code     4  pwm_curr_fdbk.o(i.PWMC_GetPhaseCurrents)
    PWMC_SetPhaseVoltage                     0x08003def   Thumb Code   414  pwm_curr_fdbk.o(i.PWMC_SetPhaseVoltage)
    PWMC_SwitchOffPWM                        0x08003f8d   Thumb Code     4  pwm_curr_fdbk.o(i.PWMC_SwitchOffPWM)
    R3F4XX_BRK_IRQHandler                    0x08003f91   Thumb Code    52  r3_f4xx_pwm_curr_fdbk.o(i.R3F4XX_BRK_IRQHandler)
    R3F4XX_CurrentReadingCalibration         0x08003fc5   Thumb Code   234  r3_f4xx_pwm_curr_fdbk.o(i.R3F4XX_CurrentReadingCalibration)
    R3F4XX_GetPhaseCurrents                  0x080040bd   Thumb Code   274  r3_f4xx_pwm_curr_fdbk.o(i.R3F4XX_GetPhaseCurrents)
    R3F4XX_Init                              0x08004261   Thumb Code   318  r3_f4xx_pwm_curr_fdbk.o(i.R3F4XX_Init)
    R3F4XX_IsOverCurrentOccurred             0x080043b5   Thumb Code    22  r3_f4xx_pwm_curr_fdbk.o(i.R3F4XX_IsOverCurrentOccurred)
    R3F4XX_RLDetectionModeDisable            0x080043cd   Thumb Code   220  r3_f4xx_pwm_curr_fdbk.o(i.R3F4XX_RLDetectionModeDisable)
    R3F4XX_RLDetectionModeEnable             0x080044b9   Thumb Code   172  r3_f4xx_pwm_curr_fdbk.o(i.R3F4XX_RLDetectionModeEnable)
    R3F4XX_RLDetectionModeSetDuty            0x08004575   Thumb Code   152  r3_f4xx_pwm_curr_fdbk.o(i.R3F4XX_RLDetectionModeSetDuty)
    R3F4XX_SetADCSampPointSect1              0x08004757   Thumb Code   190  r3_f4xx_pwm_curr_fdbk.o(i.R3F4XX_SetADCSampPointSect1)
    R3F4XX_SetADCSampPointSect2              0x08004815   Thumb Code   190  r3_f4xx_pwm_curr_fdbk.o(i.R3F4XX_SetADCSampPointSect2)
    R3F4XX_SetADCSampPointSect3              0x080048d3   Thumb Code   190  r3_f4xx_pwm_curr_fdbk.o(i.R3F4XX_SetADCSampPointSect3)
    R3F4XX_SetADCSampPointSect4              0x08004991   Thumb Code   174  r3_f4xx_pwm_curr_fdbk.o(i.R3F4XX_SetADCSampPointSect4)
    R3F4XX_SetADCSampPointSect5              0x08004a3f   Thumb Code   174  r3_f4xx_pwm_curr_fdbk.o(i.R3F4XX_SetADCSampPointSect5)
    R3F4XX_SetADCSampPointSect6              0x08004aed   Thumb Code   190  r3_f4xx_pwm_curr_fdbk.o(i.R3F4XX_SetADCSampPointSect6)
    R3F4XX_SwitchOffPWM                      0x08004bab   Thumb Code   116  r3_f4xx_pwm_curr_fdbk.o(i.R3F4XX_SwitchOffPWM)
    R3F4XX_SwitchOnPWM                       0x08004c21   Thumb Code   138  r3_f4xx_pwm_curr_fdbk.o(i.R3F4XX_SwitchOnPWM)
    R3F4XX_TIMx_UP_IRQHandler                0x08004cb1   Thumb Code   128  r3_f4xx_pwm_curr_fdbk.o(i.R3F4XX_TIMx_UP_IRQHandler)
    R3F4XX_TurnOnLowSides                    0x08004d35   Thumb Code    80  r3_f4xx_pwm_curr_fdbk.o(i.R3F4XX_TurnOnLowSides)
    RCM_ExecRegularConv                      0x08004d85   Thumb Code   120  regular_conversion_manager.o(i.RCM_ExecRegularConv)
    RCM_ExecUserConv                         0x08004e05   Thumb Code    60  regular_conversion_manager.o(i.RCM_ExecUserConv)
    RCM_RegisterRegConv                      0x08004e49   Thumb Code   214  regular_conversion_manager.o(i.RCM_RegisterRegConv)
    REMNG_Init                               0x08004f2d   Thumb Code    16  ramp_ext_mngr.o(i.REMNG_Init)
    RUC_GetNumberOfPhases                    0x08004f3d   Thumb Code     6  revup_ctrl.o(i.RUC_GetNumberOfPhases)
    RUC_GetPhaseDurationms                   0x08004f43   Thumb Code    12  revup_ctrl.o(i.RUC_GetPhaseDurationms)
    RUC_GetPhaseFinalMecSpeed01Hz            0x08004f4f   Thumb Code    14  revup_ctrl.o(i.RUC_GetPhaseFinalMecSpeed01Hz)
    RUC_GetPhaseFinalTorque                  0x08004f5d   Thumb Code    14  revup_ctrl.o(i.RUC_GetPhaseFinalTorque)
    RUC_SetPhaseDurationms                   0x08004f6b   Thumb Code    12  revup_ctrl.o(i.RUC_SetPhaseDurationms)
    RUC_SetPhaseFinalMecSpeed01Hz            0x08004f77   Thumb Code    12  revup_ctrl.o(i.RUC_SetPhaseFinalMecSpeed01Hz)
    RUC_SetPhaseFinalTorque                  0x08004f83   Thumb Code    12  revup_ctrl.o(i.RUC_SetPhaseFinalTorque)
    RVBS_CalcAvVbus                          0x08004f8f   Thumb Code   134  r_divider_bus_voltage_sensor.o(i.RVBS_CalcAvVbus)
    RVBS_Init                                0x08005015   Thumb Code    80  r_divider_bus_voltage_sensor.o(i.RVBS_Init)
    SPD_GetAvrgMecSpeed01Hz                  0x08005065   Thumb Code     6  speed_pos_fdbk.o(i.SPD_GetAvrgMecSpeed01Hz)
    SPD_GetElAngle                           0x0800506b   Thumb Code     6  speed_pos_fdbk.o(i.SPD_GetElAngle)
    SPD_GetS16Speed                          0x08005071   Thumb Code    20  speed_pos_fdbk.o(i.SPD_GetS16Speed)
    SPD_IsMecSpeedReliable                   0x08005085   Thumb Code    96  speed_pos_fdbk.o(i.SPD_IsMecSpeedReliable)
    STC_CalcTorqueReference                  0x080050e5   Thumb Code    92  speed_torq_ctrl.o(i.STC_CalcTorqueReference)
    STC_Clear                                0x08005141   Thumb Code    16  speed_torq_ctrl.o(i.STC_Clear)
    STC_ExecRamp                             0x08005151   Thumb Code   146  speed_torq_ctrl.o(i.STC_ExecRamp)
    STC_ForceSpeedReferenceToCurrentSpeed    0x080051e3   Thumb Code    16  speed_torq_ctrl.o(i.STC_ForceSpeedReferenceToCurrentSpeed)
    STC_GetDefaultIqdref                     0x080051f3   Thumb Code    16  speed_torq_ctrl.o(i.STC_GetDefaultIqdref)
    STC_GetMaxAppPositiveMecSpeed01Hz        0x08005203   Thumb Code     4  speed_torq_ctrl.o(i.STC_GetMaxAppPositiveMecSpeed01Hz)
    STC_GetMecSpeedRef01Hz                   0x08005207   Thumb Code    12  speed_torq_ctrl.o(i.STC_GetMecSpeedRef01Hz)
    STC_GetMecSpeedRef01HzDefault            0x08005213   Thumb Code     6  speed_torq_ctrl.o(i.STC_GetMecSpeedRef01HzDefault)
    STC_GetMinAppNegativeMecSpeed01Hz        0x08005219   Thumb Code     6  speed_torq_ctrl.o(i.STC_GetMinAppNegativeMecSpeed01Hz)
    STC_GetSpeedSensor                       0x0800521f   Thumb Code     4  speed_torq_ctrl.o(i.STC_GetSpeedSensor)
    STC_Init                                 0x08005223   Thumb Code    32  speed_torq_ctrl.o(i.STC_Init)
    STC_SetControlMode                       0x08005243   Thumb Code     8  speed_torq_ctrl.o(i.STC_SetControlMode)
    STC_SetSpeedSensor                       0x0800524b   Thumb Code     4  speed_torq_ctrl.o(i.STC_SetSpeedSensor)
    STC_StopSpeedRamp                        0x0800524f   Thumb Code    16  speed_torq_ctrl.o(i.STC_StopSpeedRamp)
    STM_FaultAcknowledged                    0x0800525f   Thumb Code    22  state_machine.o(i.STM_FaultAcknowledged)
    STM_FaultProcessing                      0x08005275   Thumb Code    54  state_machine.o(i.STM_FaultProcessing)
    STM_GetFaultState                        0x080052ab   Thumb Code    10  state_machine.o(i.STM_GetFaultState)
    STM_GetState                             0x080052b5   Thumb Code     4  state_machine.o(i.STM_GetState)
    STM_Init                                 0x080052b9   Thumb Code    10  state_machine.o(i.STM_Init)
    STM_NextState                            0x080052c3   Thumb Code   256  state_machine.o(i.STM_NextState)
    SysTick_Handler                          0x080053c5   Thumb Code    36  stm32f4xx_mc_it.o(i.SysTick_Handler)
    SystemClock_Config                       0x080053ed   Thumb Code   128  main.o(i.SystemClock_Config)
    SystemInit                               0x08005475   Thumb Code    20  system_stm32f4xx.o(i.SystemInit)
    TIM2_IRQHandler                          0x08005491   Thumb Code    32  stm32f4xx_mc_it.o(i.TIM2_IRQHandler)
    TIM3_IRQHandler                          0x080054b5   Thumb Code     6  stm32f4xx_it.o(i.TIM3_IRQHandler)
    TIM8_BRK_TIM12_IRQHandler                0x080054c1   Thumb Code    38  stm32f4xx_mc_it.o(i.TIM8_BRK_TIM12_IRQHandler)
    TIM8_UP_TIM13_IRQHandler                 0x080054ed   Thumb Code    20  stm32f4xx_mc_it.o(i.TIM8_UP_TIM13_IRQHandler)
    TIM_Base_SetConfig                       0x08005505   Thumb Code   180  stm32f4xx_hal_tim.o(i.TIM_Base_SetConfig)
    TSK_HardwareFaultTask                    0x080056ad   Thumb Code    24  mc_tasks.o(i.TSK_HardwareFaultTask)
    TSK_HighFrequencyTask                    0x080056cd   Thumb Code   174  mc_tasks.o(i.TSK_HighFrequencyTask)
    UART5_IRQHandler                         0x0800578d   Thumb Code     6  stm32f4xx_it.o(i.UART5_IRQHandler)
    UFCP_AbortReceive                        0x080059a1   Thumb Code     8  usart_frame_communication_protocol.o(i.UFCP_AbortReceive)
    UFCP_Init                                0x080059a9   Thumb Code     4  usart_frame_communication_protocol.o(i.UFCP_Init)
    UFCP_OVR_IRQ_Handler                     0x080059ad   Thumb Code    20  usart_frame_communication_protocol.o(i.UFCP_OVR_IRQ_Handler)
    UFCP_RX_IRQ_Handler                      0x080059c1   Thumb Code   166  usart_frame_communication_protocol.o(i.UFCP_RX_IRQ_Handler)
    UFCP_Receive                             0x08005a75   Thumb Code    40  usart_frame_communication_protocol.o(i.UFCP_Receive)
    UFCP_Send                                0x08005a9d   Thumb Code   112  usart_frame_communication_protocol.o(i.UFCP_Send)
    UFCP_TX_IRQ_Handler                      0x08005b0d   Thumb Code   100  usart_frame_communication_protocol.o(i.UFCP_TX_IRQ_Handler)
    UI_DACExec                               0x08005b71   Thumb Code    10  user_interface.o(i.UI_DACExec)
    UI_DACInit                               0x08005b7b   Thumb Code    10  user_interface.o(i.UI_DACInit)
    UI_DACUpdate                             0x08005b85   Thumb Code    28  ui_task.o(i.UI_DACUpdate)
    UI_ExecCmd                               0x08005ba5   Thumb Code   110  user_interface.o(i.UI_ExecCmd)
    UI_ExecSpeedRamp                         0x08005c15   Thumb Code    32  user_interface.o(i.UI_ExecSpeedRamp)
    UI_GetDAC                                0x08005c39   Thumb Code    16  user_interface.o(i.UI_GetDAC)
    UI_GetMPInfo                             0x08005c49   Thumb Code     4  user_interface.o(i.UI_GetMPInfo)
    UI_GetReg                                0x08005c4d   Thumb Code   792  user_interface.o(i.UI_GetReg)
    UI_GetRevupData                          0x08005f69   Thumb Code    74  user_interface.o(i.UI_GetRevupData)
    UI_GetSelectedMC                         0x08005fb3   Thumb Code     6  user_interface.o(i.UI_GetSelectedMC)
    UI_HandleStartStopButton_cb              0x08005fb9   Thumb Code    24  ui_task.o(i.UI_HandleStartStopButton_cb)
    UI_Init                                  0x08005fd1   Thumb Code    22  user_interface.o(i.UI_Init)
    UI_Scheduler                             0x08005fe9   Thumb Code    40  ui_task.o(i.UI_Scheduler)
    UI_SerialCommunicationTimeOutStart       0x08006015   Thumb Code     8  ui_task.o(i.UI_SerialCommunicationTimeOutStart)
    UI_SerialCommunicationTimeOutStop        0x08006021   Thumb Code     8  ui_task.o(i.UI_SerialCommunicationTimeOutStop)
    UI_SetCurrentReferences                  0x0800602d   Thumb Code    26  user_interface.o(i.UI_SetCurrentReferences)
    UI_SetDAC                                0x08006047   Thumb Code    10  user_interface.o(i.UI_SetDAC)
    UI_SetReg                                0x08006051   Thumb Code   318  user_interface.o(i.UI_SetReg)
    UI_SetRevupData                          0x08006195   Thumb Code    56  user_interface.o(i.UI_SetRevupData)
    UI_TaskInit                              0x080061cd   Thumb Code   144  ui_task.o(i.UI_TaskInit)
    USART1_IRQHandler                        0x0800627d   Thumb Code   104  stm32f4xx_mc_it.o(i.USART1_IRQHandler)
    VBS_GetAvBusVoltage_V                    0x080062e9   Thumb Code    10  bus_voltage_sensor.o(i.VBS_GetAvBusVoltage_V)
    VSS_Init                                 0x080062f3   Thumb Code    44  virtual_speed_sensor.o(i.VSS_Init)
    VSS_SetMecAcceleration                   0x0800631f   Thumb Code   118  virtual_speed_sensor.o(i.VSS_SetMecAcceleration)
    VSS_SetMecAngle                          0x08006395   Thumb Code    14  virtual_speed_sensor.o(i.VSS_SetMecAngle)
    __0printf                                0x080063a5   Thumb Code    22  printfa.o(i.__0printf)
    __1printf                                0x080063a5   Thumb Code     0  printfa.o(i.__0printf)
    __2printf                                0x080063a5   Thumb Code     0  printfa.o(i.__0printf)
    __c89printf                              0x080063a5   Thumb Code     0  printfa.o(i.__0printf)
    printf                                   0x080063a5   Thumb Code     0  printfa.o(i.__0printf)
    __scatterload_copy                       0x080063c5   Thumb Code    14  handlers.o(i.__scatterload_copy)
    __scatterload_null                       0x080063d3   Thumb Code     2  handlers.o(i.__scatterload_null)
    __scatterload_zeroinit                   0x080063d5   Thumb Code    14  handlers.o(i.__scatterload_zeroinit)
    fputc                                    0x08006c79   Thumb Code    22  stm32f4xx_hal_msp.o(i.fputc)
    main                                     0x08006c99   Thumb Code  1454  main.o(i.main)
    mc_lock_pins                             0x08007269   Thumb Code   272  mc_tasks.o(i.mc_lock_pins)
    startTimers                              0x08007395   Thumb Code    92  pwm_common.o(i.startTimers)
    s_fwVer                                  0x080073f4   Data          32  motorcontrol.o(.constdata)
    R3_F4_ParamsM1                           0x08007414   Data          52  mc_parameters.o(.constdata)
    AHBPrescTable                            0x08007448   Data          16  system_stm32f4xx.o(.constdata)
    APBPrescTable                            0x08007458   Data           8  system_stm32f4xx.o(.constdata)
    hSin_Cos_Table                           0x08007460   Data         512  mc_math.o(.constdata)
    Region$$Table$$Base                      0x08007674   Number         0  anon$$obj.o(Region$$Table)
    Region$$Table$$Limit                     0x08007694   Number         0  anon$$obj.o(Region$$Table)
    state                                    0x20000000   Data           1  main.o(.data)
    find_home_flag                           0x20000001   Data           1  main.o(.data)
    start                                    0x20000004   Data           4  main.o(.data)
    end                                      0x20000008   Data           4  main.o(.data)
    mid                                      0x2000000c   Data           4  main.o(.data)
    base                                     0x20000010   Data           4  main.o(.data)
    cnter                                    0x20000014   Data           4  main.o(.data)
    old_cnter                                0x20000018   Data           4  main.o(.data)
    pos                                      0x2000001c   Data           4  main.o(.data)
    wConfig                                  0x20000028   Data           4  motorcontrol.o(.data)
    pMCI                                     0x2000002c   Data           4  motorcontrol.o(.data)
    pMCT                                     0x20000030   Data           4  motorcontrol.o(.data)
    MPInfo                                   0x20000034   Data           8  motor_control_protocol.o(.data)
    PQD_MotorPowMeasM1                       0x2000003c   Data         276  mc_config.o(.data)
    PIDSpeedHandle_M1                        0x20000150   Data          44  mc_config.o(.data)
    PIDIqHandle_M1                           0x2000017c   Data          44  mc_config.o(.data)
    PIDIdHandle_M1                           0x200001a8   Data          44  mc_config.o(.data)
    SpeednTorqCtrlM1                         0x200001d4   Data          52  mc_config.o(.data)
    PWM_Handle_M1                            0x20000208   Data         148  mc_config.o(.data)
    VirtualSpeedSensorM1                     0x2000029c   Data          48  mc_config.o(.data)
    ENCODER_M1                               0x200002cc   Data         120  mc_config.o(.data)
    EncAlignCtrlM1                           0x20000344   Data          28  mc_config.o(.data)
    TempSensorParamsM1                       0x20000360   Data          40  mc_config.o(.data)
    RealBusVoltageSensorParamsM1             0x20000388   Data          56  mc_config.o(.data)
    UI_Params                                0x200003c0   Data          48  mc_config.o(.data)
    DAC_UI_Params                            0x200003f0   Data          60  mc_config.o(.data)
    RampExtMngrHFParamsM1                    0x2000042c   Data          20  mc_config.o(.data)
    CircleLimitationM1                       0x20000440   Data         178  mc_config.o(.data)
    pUSART                                   0x200004f4   Data         316  mc_config.o(.data)
    bMCBootCompleted                         0x20000630   Data           1  mc_tasks.o(.data)
    oMCInterface                             0x20000638   Data           4  mc_tasks.o(.data)
    pSTC                                     0x2000063c   Data           4  mc_tasks.o(.data)
    pPIDSpeed                                0x20000640   Data           4  mc_tasks.o(.data)
    pPIDIq                                   0x20000644   Data           4  mc_tasks.o(.data)
    pPIDId                                   0x20000648   Data           4  mc_tasks.o(.data)
    pBusSensorM1                             0x2000064c   Data           4  mc_tasks.o(.data)
    pTemperatureSensor                       0x20000650   Data           4  mc_tasks.o(.data)
    pwmcHandle                               0x20000654   Data           4  mc_tasks.o(.data)
    pMPM                                     0x20000658   Data           4  mc_tasks.o(.data)
    pCLM                                     0x2000065c   Data           4  mc_tasks.o(.data)
    pREMNG                                   0x20000660   Data           4  mc_tasks.o(.data)
    STM                                      0x20000664   Data           6  mc_tasks.o(.data)
    RCM_UserConvHandle                       0x2000066a   Data           1  regular_conversion_manager.o(.data)
    RCM_UserConvState                        0x2000066b   Data           1  regular_conversion_manager.o(.data)
    RCM_UserConvValue                        0x2000066c   Data           2  regular_conversion_manager.o(.data)
    pDAC                                     0x20000678   Data           4  ui_task.o(.data)
    pMCP                                     0x2000067c   Data           4  ui_task.o(.data)
    uwTickFreq                               0x20000680   Data           1  stm32f4xx_hal.o(.data)
    uwTickPrio                               0x20000684   Data           4  stm32f4xx_hal.o(.data)
    uwTick                                   0x20000688   Data           4  stm32f4xx_hal.o(.data)
    SystemCoreClock                          0x2000068c   Data           4  system_stm32f4xx.o(.data)
    __stdout                                 0x20000690   Data           4  stdout.o(.data)
    hadc1                                    0x200006b0   Data          72  main.o(.bss)
    hadc2                                    0x200006f8   Data          72  main.o(.bss)
    hdac                                     0x20000740   Data          20  main.o(.bss)
    htim2                                    0x20000754   Data          64  main.o(.bss)
    htim3                                    0x20000794   Data          64  main.o(.bss)
    htim8                                    0x200007d4   Data          64  main.o(.bss)
    huart5                                   0x20000814   Data          64  main.o(.bss)
    huart1                                   0x20000854   Data          64  main.o(.bss)
    FOCVars                                  0x20000894   Data          38  mc_tasks.o(.bss)
    Mci                                      0x200008bc   Data          28  mc_tasks.o(.bss)
    MCT                                      0x200008d8   Data          80  mc_tasks.o(.bss)
    RCM_handle_array                         0x20000928   Data          16  regular_conversion_manager.o(.bss)
    RCM_CB_array                             0x20000938   Data          32  regular_conversion_manager.o(.bss)
    MCP_UI_Params                            0x20000958   Data         204  ui_task.o(.bss)
    __initial_sp                             0x20000e28   Data           0  startup_stm32f417xx.o(STACK)



==============================================================================

Memory Map of the image

  Image Entry point : 0x08000189

  Load Region LR_IROM1 (Base: 0x08000000, Size: 0x00007d28, Max: 0x00100000, ABSOLUTE, COMPRESSED[0x00007838])

    Execution Region ER_IROM1 (Exec base: 0x08000000, Load base: 0x08000000, Size: 0x00007694, Max: 0x00100000, ABSOLUTE)

    Exec Addr    Load Addr    Size         Type   Attr      Idx    E Section Name        Object

    0x08000000   0x08000000   0x00000188   Data   RO            3    RESET               startup_stm32f417xx.o
    0x08000188   0x08000188   0x00000000   Code   RO         6214  * .ARM.Collect$$$$00000000  mc_w.l(entry.o)
    0x08000188   0x08000188   0x00000004   Code   RO         6488    .ARM.Collect$$$$00000001  mc_w.l(entry2.o)
    0x0800018c   0x0800018c   0x00000004   Code   RO         6491    .ARM.Collect$$$$00000004  mc_w.l(entry5.o)
    0x08000190   0x08000190   0x00000000   Code   RO         6493    .ARM.Collect$$$$00000008  mc_w.l(entry7b.o)
    0x08000190   0x08000190   0x00000000   Code   RO         6495    .ARM.Collect$$$$0000000A  mc_w.l(entry8b.o)
    0x08000190   0x08000190   0x00000008   Code   RO         6496    .ARM.Collect$$$$0000000B  mc_w.l(entry9a.o)
    0x08000198   0x08000198   0x00000000   Code   RO         6498    .ARM.Collect$$$$0000000D  mc_w.l(entry10a.o)
    0x08000198   0x08000198   0x00000000   Code   RO         6500    .ARM.Collect$$$$0000000F  mc_w.l(entry11a.o)
    0x08000198   0x08000198   0x00000004   Code   RO         6489    .ARM.Collect$$$$00002712  mc_w.l(entry2.o)
    0x0800019c   0x0800019c   0x00000024   Code   RO            4    .text               startup_stm32f417xx.o
    0x080001c0   0x080001c0   0x00000062   Code   RO         6217    .text               mc_w.l(uldiv.o)
    0x08000222   0x08000222   0x00000024   Code   RO         6219    .text               mc_w.l(memseta.o)
    0x08000246   0x08000246   0x000000e4   Code   RO         6482    .text               mf_w.l(dmul.o)
    0x0800032a   0x0800032a   0x00000022   Code   RO         6484    .text               mf_w.l(dflti.o)
    0x0800034c   0x0800034c   0x0000002c   Code   RO         6503    .text               mc_w.l(uidiv.o)
    0x08000378   0x08000378   0x0000001e   Code   RO         6505    .text               mc_w.l(llshl.o)
    0x08000396   0x08000396   0x00000020   Code   RO         6507    .text               mc_w.l(llushr.o)
    0x080003b6   0x080003b6   0x00000000   Code   RO         6509    .text               mc_w.l(iusefp.o)
    0x080003b6   0x080003b6   0x000000ba   Code   RO         6510    .text               mf_w.l(depilogue.o)
    0x08000470   0x08000470   0x0000014e   Code   RO         6512    .text               mf_w.l(dadd.o)
    0x080005be   0x080005be   0x000000de   Code   RO         6514    .text               mf_w.l(ddiv.o)
    0x0800069c   0x0800069c   0x00000030   Code   RO         6516    .text               mf_w.l(dfixul.o)
    0x080006cc   0x080006cc   0x00000030   Code   RO         6518    .text               mf_w.l(cdrcmple.o)
    0x080006fc   0x080006fc   0x00000024   Code   RO         6520    .text               mc_w.l(init.o)
    0x08000720   0x08000720   0x00000024   Code   RO         6522    .text               mc_w.l(llsshr.o)
    0x08000744   0x08000744   0x00000056   Code   RO         6532    .text               mc_w.l(__dczerorl2.o)
    0x0800079a   0x0800079a   0x00000002   PAD
    0x0800079c   0x0800079c   0x0000003c   Code   RO          915    i.ADC_IRQHandler    stm32f4xx_mc_it.o
    0x080007d8   0x080007d8   0x00000056   Code   RO         4235    i.Circle_Limitation  circle_limitation.o
    0x0800082e   0x0800082e   0x00000002   PAD
    0x08000830   0x08000830   0x00000088   Code   RO         5985    i.DAC_Exec          dac_ui.o
    0x080008b8   0x080008b8   0x00000008   Code   RO         6018    i.DAC_GetChannelConfig  dac_common_ui.o
    0x080008c0   0x080008c0   0x0000000a   Code   RO         6019    i.DAC_GetUserChannelValue  dac_common_ui.o
    0x080008ca   0x080008ca   0x00000002   PAD
    0x080008cc   0x080008cc   0x00000028   Code   RO         5986    i.DAC_Init          dac_ui.o
    0x080008f4   0x080008f4   0x00000008   Code   RO         6020    i.DAC_SetChannelConfig  dac_common_ui.o
    0x080008fc   0x080008fc   0x00000008   Code   RO         6021    i.DAC_SetUserChannelValue  dac_common_ui.o
    0x08000904   0x08000904   0x00000034   Code   RO         4292    i.EAC_Exec          enc_align_ctrl.o
    0x08000938   0x08000938   0x00000004   Code   RO         4293    i.EAC_GetRestartState  enc_align_ctrl.o
    0x0800093c   0x0800093c   0x0000000e   Code   RO         4294    i.EAC_Init          enc_align_ctrl.o
    0x0800094a   0x0800094a   0x00000004   Code   RO         4295    i.EAC_IsAligned     enc_align_ctrl.o
    0x0800094e   0x0800094e   0x00000004   Code   RO         4296    i.EAC_SetRestartState  enc_align_ctrl.o
    0x08000952   0x08000952   0x0000004a   Code   RO         4297    i.EAC_StartAlignment  enc_align_ctrl.o
    0x0800099c   0x0800099c   0x00000024   Code   RO         4346    i.ENC_CalcAngle     encoder_speed_pos_fdbk.o
    0x080009c0   0x080009c0   0x00000120   Code   RO         4347    i.ENC_CalcAvrgMecSpeed01Hz  encoder_speed_pos_fdbk.o
    0x08000ae0   0x08000ae0   0x00000042   Code   RO         4348    i.ENC_Clear         encoder_speed_pos_fdbk.o
    0x08000b22   0x08000b22   0x0000000a   Code   RO         4349    i.ENC_IRQHandler    encoder_speed_pos_fdbk.o
    0x08000b2c   0x08000b2c   0x0000007a   Code   RO         4350    i.ENC_Init          encoder_speed_pos_fdbk.o
    0x08000ba6   0x08000ba6   0x00000020   Code   RO         4351    i.ENC_SetMecAngle   encoder_speed_pos_fdbk.o
    0x08000bc6   0x08000bc6   0x00000002   PAD
    0x08000bc8   0x08000bc8   0x00000010   Code   RO          916    i.EXTI0_IRQHandler  stm32f4xx_mc_it.o
    0x08000bd8   0x08000bd8   0x00000006   Code   RO         1250    i.EXTI1_IRQHandler  stm32f4xx_it.o
    0x08000bde   0x08000bde   0x00000002   PAD
    0x08000be0   0x08000be0   0x0000005c   Code   RO         6060    i.FCP_CalcCRC       frame_communication_protocol.o
    0x08000c3c   0x08000c3c   0x0000002a   Code   RO         6061    i.FCP_Init          frame_communication_protocol.o
    0x08000c66   0x08000c66   0x0000000e   Code   RO         6063    i.FCP_SetClient     frame_communication_protocol.o
    0x08000c74   0x08000c74   0x0000006c   Code   RO          742    i.FOC_Clear         mc_tasks.o
    0x08000ce0   0x08000ce0   0x00000208   Code   RO         1561    i.HAL_ADCEx_InjectedConfigChannel  stm32f4xx_hal_adc_ex.o
    0x08000ee8   0x08000ee8   0x000001b0   Code   RO         1397    i.HAL_ADC_ConfigChannel  stm32f4xx_hal_adc.o
    0x08001098   0x08001098   0x00000174   Code   RO         1406    i.HAL_ADC_Init      stm32f4xx_hal_adc.o
    0x0800120c   0x0800120c   0x00000110   Code   RO         1291    i.HAL_ADC_MspInit   stm32f4xx_hal_msp.o
    0x0800131c   0x0800131c   0x0000004e   Code   RO         2741    i.HAL_DAC_ConfigChannel  stm32f4xx_hal_dac.o
    0x0800136a   0x0800136a   0x00000028   Code   RO         2751    i.HAL_DAC_Init      stm32f4xx_hal_dac.o
    0x08001392   0x08001392   0x00000002   PAD
    0x08001394   0x08001394   0x00000064   Code   RO         1293    i.HAL_DAC_MspInit   stm32f4xx_hal_msp.o
    0x080013f8   0x080013f8   0x00000024   Code   RO         2086    i.HAL_DMA_Abort_IT  stm32f4xx_hal_dma.o
    0x0800141c   0x0800141c   0x00000028   Code   RO         2487    i.HAL_Delay         stm32f4xx_hal.o
    0x08001444   0x08001444   0x0000001c   Code   RO           14    i.HAL_GPIO_EXTI_Callback  main.o
    0x08001460   0x08001460   0x00000018   Code   RO         1985    i.HAL_GPIO_EXTI_IRQHandler  stm32f4xx_hal_gpio.o
    0x08001478   0x08001478   0x0000023c   Code   RO         1986    i.HAL_GPIO_Init     stm32f4xx_hal_gpio.o
    0x080016b4   0x080016b4   0x0000000a   Code   RO         1988    i.HAL_GPIO_ReadPin  stm32f4xx_hal_gpio.o
    0x080016be   0x080016be   0x00000002   PAD
    0x080016c0   0x080016c0   0x0000000c   Code   RO         2493    i.HAL_GetTick       stm32f4xx_hal.o
    0x080016cc   0x080016cc   0x00000010   Code   RO         2499    i.HAL_IncTick       stm32f4xx_hal.o
    0x080016dc   0x080016dc   0x00000034   Code   RO         2500    i.HAL_Init          stm32f4xx_hal.o
    0x08001710   0x08001710   0x00000040   Code   RO         2501    i.HAL_InitTick      stm32f4xx_hal.o
    0x08001750   0x08001750   0x00000038   Code   RO         1294    i.HAL_MspInit       stm32f4xx_hal_msp.o
    0x08001788   0x08001788   0x0000001e   Code   RO         2355    i.HAL_NVIC_EnableIRQ  stm32f4xx_hal_cortex.o
    0x080017a6   0x080017a6   0x00000002   PAD
    0x080017a8   0x080017a8   0x00000064   Code   RO         2361    i.HAL_NVIC_SetPriority  stm32f4xx_hal_cortex.o
    0x0800180c   0x0800180c   0x00000024   Code   RO         2362    i.HAL_NVIC_SetPriorityGrouping  stm32f4xx_hal_cortex.o
    0x08001830   0x08001830   0x0000015c   Code   RO         1664    i.HAL_RCC_ClockConfig  stm32f4xx_hal_rcc.o
    0x0800198c   0x0800198c   0x0000000c   Code   RO         1667    i.HAL_RCC_EnableCSS  stm32f4xx_hal_rcc.o
    0x08001998   0x08001998   0x0000000c   Code   RO         1669    i.HAL_RCC_GetHCLKFreq  stm32f4xx_hal_rcc.o
    0x080019a4   0x080019a4   0x00000020   Code   RO         1671    i.HAL_RCC_GetPCLK1Freq  stm32f4xx_hal_rcc.o
    0x080019c4   0x080019c4   0x00000020   Code   RO         1672    i.HAL_RCC_GetPCLK2Freq  stm32f4xx_hal_rcc.o
    0x080019e4   0x080019e4   0x00000074   Code   RO         1673    i.HAL_RCC_GetSysClockFreq  stm32f4xx_hal_rcc.o
    0x08001a58   0x08001a58   0x000003e4   Code   RO         1676    i.HAL_RCC_OscConfig  stm32f4xx_hal_rcc.o
    0x08001e3c   0x08001e3c   0x00000002   Code   RO         2365    i.HAL_SYSTICK_Callback  stm32f4xx_hal_cortex.o
    0x08001e3e   0x08001e3e   0x00000002   PAD
    0x08001e40   0x08001e40   0x0000002c   Code   RO         2366    i.HAL_SYSTICK_Config  stm32f4xx_hal_cortex.o
    0x08001e6c   0x08001e6c   0x00000008   Code   RO         2367    i.HAL_SYSTICK_IRQHandler  stm32f4xx_hal_cortex.o
    0x08001e74   0x08001e74   0x00000002   Code   RO         3603    i.HAL_TIMEx_BreakCallback  stm32f4xx_hal_tim_ex.o
    0x08001e76   0x08001e76   0x00000002   Code   RO         3604    i.HAL_TIMEx_CommutCallback  stm32f4xx_hal_tim_ex.o
    0x08001e78   0x08001e78   0x00000052   Code   RO         3606    i.HAL_TIMEx_ConfigBreakDeadTime  stm32f4xx_hal_tim_ex.o
    0x08001eca   0x08001eca   0x00000096   Code   RO         3621    i.HAL_TIMEx_MasterConfigSynchronization  stm32f4xx_hal_tim_ex.o
    0x08001f60   0x08001f60   0x00000036   Code   RO         2965    i.HAL_TIM_Base_Init  stm32f4xx_hal_tim.o
    0x08001f96   0x08001f96   0x00000002   PAD
    0x08001f98   0x08001f98   0x0000002c   Code   RO         1296    i.HAL_TIM_Base_MspInit  stm32f4xx_hal_msp.o
    0x08001fc4   0x08001fc4   0x000000b0   Code   RO         2983    i.HAL_TIM_Encoder_Init  stm32f4xx_hal_tim.o
    0x08002074   0x08002074   0x000000e0   Code   RO         1298    i.HAL_TIM_Encoder_MspInit  stm32f4xx_hal_msp.o
    0x08002154   0x08002154   0x00000058   Code   RO         2986    i.HAL_TIM_Encoder_Start  stm32f4xx_hal_tim.o
    0x080021ac   0x080021ac   0x00000002   Code   RO         2994    i.HAL_TIM_IC_CaptureCallback  stm32f4xx_hal_tim.o
    0x080021ae   0x080021ae   0x0000016c   Code   RO         3008    i.HAL_TIM_IRQHandler  stm32f4xx_hal_tim.o
    0x0800231a   0x0800231a   0x00000002   PAD
    0x0800231c   0x0800231c   0x00000080   Code   RO         1299    i.HAL_TIM_MspPostInit  stm32f4xx_hal_msp.o
    0x0800239c   0x0800239c   0x00000002   Code   RO         3011    i.HAL_TIM_OC_DelayElapsedCallback  stm32f4xx_hal_tim.o
    0x0800239e   0x0800239e   0x00000002   PAD
    0x080023a0   0x080023a0   0x0000024c   Code   RO         3032    i.HAL_TIM_PWM_ConfigChannel  stm32f4xx_hal_tim.o
    0x080025ec   0x080025ec   0x00000036   Code   RO         3035    i.HAL_TIM_PWM_Init  stm32f4xx_hal_tim.o
    0x08002622   0x08002622   0x00000002   Code   RO         3037    i.HAL_TIM_PWM_MspInit  stm32f4xx_hal_tim.o
    0x08002624   0x08002624   0x00000002   Code   RO         3038    i.HAL_TIM_PWM_PulseFinishedCallback  stm32f4xx_hal_tim.o
    0x08002626   0x08002626   0x00000002   Code   RO         3046    i.HAL_TIM_PeriodElapsedCallback  stm32f4xx_hal_tim.o
    0x08002628   0x08002628   0x00000056   Code   RO         3049    i.HAL_TIM_SlaveConfigSynchro  stm32f4xx_hal_tim.o
    0x0800267e   0x0800267e   0x00000002   Code   RO         3051    i.HAL_TIM_TriggerCallback  stm32f4xx_hal_tim.o
    0x08002680   0x08002680   0x00000002   Code   RO         3870    i.HAL_UART_ErrorCallback  stm32f4xx_hal_uart.o
    0x08002682   0x08002682   0x00000002   PAD
    0x08002684   0x08002684   0x000002a4   Code   RO         3873    i.HAL_UART_IRQHandler  stm32f4xx_hal_uart.o
    0x08002928   0x08002928   0x00000062   Code   RO         3874    i.HAL_UART_Init     stm32f4xx_hal_uart.o
    0x0800298a   0x0800298a   0x00000002   PAD
    0x0800298c   0x0800298c   0x000000e4   Code   RO         1301    i.HAL_UART_MspInit  stm32f4xx_hal_msp.o
    0x08002a70   0x08002a70   0x00000002   Code   RO         3880    i.HAL_UART_RxCpltCallback  stm32f4xx_hal_uart.o
    0x08002a72   0x08002a72   0x00000002   PAD
    0x08002a74   0x08002a74   0x00000126   Code   RO         3882    i.HAL_UART_Transmit  stm32f4xx_hal_uart.o
    0x08002b9a   0x08002b9a   0x00000002   Code   RO         3885    i.HAL_UART_TxCpltCallback  stm32f4xx_hal_uart.o
    0x08002b9c   0x08002b9c   0x0000006c   Code   RO          917    i.HardFault_Handler  stm32f4xx_mc_it.o
    0x08002c08   0x08002c08   0x00000060   Code   RO         5806    i.LL_TIM_OC_SetMode  r3_f4xx_pwm_curr_fdbk.o
    0x08002c68   0x08002c68   0x00000010   Code   RO         4483    i.MCI_Clear_Iqdref  mc_interface.o
    0x08002c78   0x08002c78   0x00000008   Code   RO         4484    i.MCI_EncoderAlign  mc_interface.o
    0x08002c80   0x08002c80   0x00000078   Code   RO         4485    i.MCI_ExecBufferedCommands  mc_interface.o
    0x08002cf8   0x08002cf8   0x0000000e   Code   RO         4486    i.MCI_ExecSpeedRamp  mc_interface.o
    0x08002d06   0x08002d06   0x00000012   Code   RO         4487    i.MCI_ExecTorqueRamp  mc_interface.o
    0x08002d18   0x08002d18   0x00000006   Code   RO         4488    i.MCI_FaultAcknowledged  mc_interface.o
    0x08002d1e   0x08002d1e   0x00000010   Code   RO         4489    i.MCI_GetAvrgMecSpeed01Hz  mc_interface.o
    0x08002d2e   0x08002d2e   0x00000004   Code   RO         4490    i.MCI_GetControlMode  mc_interface.o
    0x08002d32   0x08002d32   0x00000006   Code   RO         4493    i.MCI_GetIab        mc_interface.o
    0x08002d38   0x08002d38   0x00000006   Code   RO         4494    i.MCI_GetIalphabeta  mc_interface.o
    0x08002d3e   0x08002d3e   0x00000006   Code   RO         4496    i.MCI_GetIqd        mc_interface.o
    0x08002d44   0x08002d44   0x00000006   Code   RO         4498    i.MCI_GetIqdref     mc_interface.o
    0x08002d4a   0x08002d4a   0x00000010   Code   RO         4499    i.MCI_GetLastRampFinalSpeed  mc_interface.o
    0x08002d5a   0x08002d5a   0x00000006   Code   RO         4500    i.MCI_GetMecSpeedRef01Hz  mc_interface.o
    0x08002d60   0x08002d60   0x00000006   Code   RO         4504    i.MCI_GetSTMState   mc_interface.o
    0x08002d66   0x08002d66   0x00000008   Code   RO         4506    i.MCI_GetTeref      mc_interface.o
    0x08002d6e   0x08002d6e   0x00000008   Code   RO         4507    i.MCI_GetValphabeta  mc_interface.o
    0x08002d76   0x08002d76   0x00000008   Code   RO         4508    i.MCI_GetVqd        mc_interface.o
    0x08002d7e   0x08002d7e   0x00000014   Code   RO         4509    i.MCI_Init          mc_interface.o
    0x08002d92   0x08002d92   0x00000014   Code   RO         4512    i.MCI_SetCurrentReferences  mc_interface.o
    0x08002da6   0x08002da6   0x0000000a   Code   RO         4513    i.MCI_SetIdref      mc_interface.o
    0x08002db0   0x08002db0   0x00000016   Code   RO         4514    i.MCI_StartMotor    mc_interface.o
    0x08002dc6   0x08002dc6   0x00000008   Code   RO         4515    i.MCI_StopMotor     mc_interface.o
    0x08002dce   0x08002dce   0x00000006   Code   RO         4516    i.MCI_StopSpeedRamp  mc_interface.o
    0x08002dd4   0x08002dd4   0x0000004c   Code   RO         4426    i.MCM_Clarke        mc_math.o
    0x08002e20   0x08002e20   0x00000084   Code   RO         4427    i.MCM_Park          mc_math.o
    0x08002ea4   0x08002ea4   0x00000036   Code   RO         4428    i.MCM_Rev_Park      mc_math.o
    0x08002eda   0x08002eda   0x00000002   PAD
    0x08002edc   0x08002edc   0x00000074   Code   RO         4430    i.MCM_Trig_Functions  mc_math.o
    0x08002f50   0x08002f50   0x00000050   Code   RO          622    i.MCP_Init          motor_control_protocol.o
    0x08002fa0   0x08002fa0   0x0000001a   Code   RO          623    i.MCP_OnTimeOut     motor_control_protocol.o
    0x08002fba   0x08002fba   0x00000002   PAD
    0x08002fbc   0x08002fbc   0x00000658   Code   RO          624    i.MCP_ReceivedFrame  motor_control_protocol.o
    0x08003614   0x08003614   0x0000001a   Code   RO          629    i.MCP_SentFrame     motor_control_protocol.o
    0x0800362e   0x0800362e   0x00000002   PAD
    0x08003630   0x08003630   0x0000000c   Code   RO          418    i.MC_AlignEncoderMotor1  mc_api.o
    0x0800363c   0x0800363c   0x0000000c   Code   RO          435    i.MC_GetSTMStateMotor1  mc_api.o
    0x08003648   0x08003648   0x00000014   Code   RO          441    i.MC_ProgramSpeedRampMotor1  mc_api.o
    0x0800365c   0x0800365c   0x00000090   Code   RO          745    i.MC_RunMotorControlTasks  mc_tasks.o
    0x080036ec   0x080036ec   0x00000290   Code   RO          746    i.MC_Scheduler      mc_tasks.o
    0x0800397c   0x0800397c   0x0000000c   Code   RO          445    i.MC_StartMotor1    mc_api.o
    0x08003988   0x08003988   0x0000000c   Code   RO          446    i.MC_StopMotor1     mc_api.o
    0x08003994   0x08003994   0x000001a4   Code   RO          747    i.MCboot            mc_tasks.o
    0x08003b38   0x08003b38   0x00000060   Code   RO         4705    i.MPM_CalcElMotorPower  motor_power_measurement.o
    0x08003b98   0x08003b98   0x00000018   Code   RO         4706    i.MPM_Clear         motor_power_measurement.o
    0x08003bb0   0x08003bb0   0x00000006   Code   RO         4707    i.MPM_GetAvrgElMotorPowerW  motor_power_measurement.o
    0x08003bb6   0x08003bb6   0x00000002   PAD
    0x08003bb8   0x08003bb8   0x00000038   Code   RO          283    i.MX_MotorControl_Init  motorcontrol.o
    0x08003bf0   0x08003bf0   0x0000004e   Code   RO         4747    i.NTC_CalcAvTemp    ntc_temperature_sensor.o
    0x08003c3e   0x08003c3e   0x00000028   Code   RO         4750    i.NTC_GetAvTemp_C   ntc_temperature_sensor.o
    0x08003c66   0x08003c66   0x00000020   Code   RO         4752    i.NTC_Init          ntc_temperature_sensor.o
    0x08003c86   0x08003c86   0x00000006   Code   RO         4856    i.PID_GetKD         pid_regulator.o
    0x08003c8c   0x08003c8c   0x00000006   Code   RO         4858    i.PID_GetKI         pid_regulator.o
    0x08003c92   0x08003c92   0x00000004   Code   RO         4859    i.PID_GetKIDivisor  pid_regulator.o
    0x08003c96   0x08003c96   0x00000006   Code   RO         4860    i.PID_GetKP         pid_regulator.o
    0x08003c9c   0x08003c9c   0x00000004   Code   RO         4861    i.PID_GetKPDivisor  pid_regulator.o
    0x08003ca0   0x08003ca0   0x00000014   Code   RO         4862    i.PID_HandleInit    pid_regulator.o
    0x08003cb4   0x08003cb4   0x00000004   Code   RO         4863    i.PID_SetIntegralTerm  pid_regulator.o
    0x08003cb8   0x08003cb8   0x00000004   Code   RO         4864    i.PID_SetKD         pid_regulator.o
    0x08003cbc   0x08003cbc   0x00000004   Code   RO         4865    i.PID_SetKI         pid_regulator.o
    0x08003cc0   0x08003cc0   0x00000004   Code   RO         4867    i.PID_SetKP         pid_regulator.o
    0x08003cc4   0x08003cc4   0x00000080   Code   RO         4874    i.PI_Controller     pid_regulator.o
    0x08003d44   0x08003d44   0x00000060   Code   RO         4997    i.PQD_CalcElMotorPower  pqd_motor_power_measurement.o
    0x08003da4   0x08003da4   0x00000004   Code   RO         5021    i.PWMC_CheckOverCurrent  pwm_curr_fdbk.o
    0x08003da8   0x08003da8   0x00000042   Code   RO         5022    i.PWMC_CurrentReadingCalibr  pwm_curr_fdbk.o
    0x08003dea   0x08003dea   0x00000004   Code   RO         5023    i.PWMC_GetPhaseCurrents  pwm_curr_fdbk.o
    0x08003dee   0x08003dee   0x0000019e   Code   RO         5046    i.PWMC_SetPhaseVoltage  pwm_curr_fdbk.o
    0x08003f8c   0x08003f8c   0x00000004   Code   RO         5047    i.PWMC_SwitchOffPWM  pwm_curr_fdbk.o
    0x08003f90   0x08003f90   0x00000034   Code   RO         5808    i.R3F4XX_BRK_IRQHandler  r3_f4xx_pwm_curr_fdbk.o
    0x08003fc4   0x08003fc4   0x000000f8   Code   RO         5809    i.R3F4XX_CurrentReadingCalibration  r3_f4xx_pwm_curr_fdbk.o
    0x080040bc   0x080040bc   0x0000011c   Code   RO         5811    i.R3F4XX_GetPhaseCurrents  r3_f4xx_pwm_curr_fdbk.o
    0x080041d8   0x080041d8   0x00000044   Code   RO         5812    i.R3F4XX_HFCurrentsCalibrationAB  r3_f4xx_pwm_curr_fdbk.o
    0x0800421c   0x0800421c   0x00000044   Code   RO         5813    i.R3F4XX_HFCurrentsCalibrationC  r3_f4xx_pwm_curr_fdbk.o
    0x08004260   0x08004260   0x00000154   Code   RO         5814    i.R3F4XX_Init       r3_f4xx_pwm_curr_fdbk.o
    0x080043b4   0x080043b4   0x00000016   Code   RO         5815    i.R3F4XX_IsOverCurrentOccurred  r3_f4xx_pwm_curr_fdbk.o
    0x080043ca   0x080043ca   0x00000002   PAD
    0x080043cc   0x080043cc   0x000000ec   Code   RO         5816    i.R3F4XX_RLDetectionModeDisable  r3_f4xx_pwm_curr_fdbk.o
    0x080044b8   0x080044b8   0x000000bc   Code   RO         5817    i.R3F4XX_RLDetectionModeEnable  r3_f4xx_pwm_curr_fdbk.o
    0x08004574   0x08004574   0x0000009c   Code   RO         5818    i.R3F4XX_RLDetectionModeSetDuty  r3_f4xx_pwm_curr_fdbk.o
    0x08004610   0x08004610   0x00000034   Code   RO         5819    i.R3F4XX_RLGetPhaseCurrents  r3_f4xx_pwm_curr_fdbk.o
    0x08004644   0x08004644   0x000000c8   Code   RO         5820    i.R3F4XX_RLSwitchOnPWM  r3_f4xx_pwm_curr_fdbk.o
    0x0800470c   0x0800470c   0x0000004a   Code   RO         5821    i.R3F4XX_RLTurnOnLowSides  r3_f4xx_pwm_curr_fdbk.o
    0x08004756   0x08004756   0x000000be   Code   RO         5822    i.R3F4XX_SetADCSampPointSect1  r3_f4xx_pwm_curr_fdbk.o
    0x08004814   0x08004814   0x000000be   Code   RO         5823    i.R3F4XX_SetADCSampPointSect2  r3_f4xx_pwm_curr_fdbk.o
    0x080048d2   0x080048d2   0x000000be   Code   RO         5824    i.R3F4XX_SetADCSampPointSect3  r3_f4xx_pwm_curr_fdbk.o
    0x08004990   0x08004990   0x000000ae   Code   RO         5825    i.R3F4XX_SetADCSampPointSect4  r3_f4xx_pwm_curr_fdbk.o
    0x08004a3e   0x08004a3e   0x000000ae   Code   RO         5826    i.R3F4XX_SetADCSampPointSect5  r3_f4xx_pwm_curr_fdbk.o
    0x08004aec   0x08004aec   0x000000be   Code   RO         5827    i.R3F4XX_SetADCSampPointSect6  r3_f4xx_pwm_curr_fdbk.o
    0x08004baa   0x08004baa   0x00000074   Code   RO         5828    i.R3F4XX_SwitchOffPWM  r3_f4xx_pwm_curr_fdbk.o
    0x08004c1e   0x08004c1e   0x00000002   PAD
    0x08004c20   0x08004c20   0x00000090   Code   RO         5829    i.R3F4XX_SwitchOnPWM  r3_f4xx_pwm_curr_fdbk.o
    0x08004cb0   0x08004cb0   0x00000084   Code   RO         5830    i.R3F4XX_TIMx_UP_IRQHandler  r3_f4xx_pwm_curr_fdbk.o
    0x08004d34   0x08004d34   0x00000050   Code   RO         5831    i.R3F4XX_TurnOnLowSides  r3_f4xx_pwm_curr_fdbk.o
    0x08004d84   0x08004d84   0x00000080   Code   RO          846    i.RCM_ExecRegularConv  regular_conversion_manager.o
    0x08004e04   0x08004e04   0x00000044   Code   RO          847    i.RCM_ExecUserConv  regular_conversion_manager.o
    0x08004e48   0x08004e48   0x000000e4   Code   RO          850    i.RCM_RegisterRegConv  regular_conversion_manager.o
    0x08004f2c   0x08004f2c   0x00000010   Code   RO         5293    i.REMNG_Init        ramp_ext_mngr.o
    0x08004f3c   0x08004f3c   0x00000006   Code   RO         5354    i.RUC_GetNumberOfPhases  revup_ctrl.o
    0x08004f42   0x08004f42   0x0000000c   Code   RO         5355    i.RUC_GetPhaseDurationms  revup_ctrl.o
    0x08004f4e   0x08004f4e   0x0000000e   Code   RO         5356    i.RUC_GetPhaseFinalMecSpeed01Hz  revup_ctrl.o
    0x08004f5c   0x08004f5c   0x0000000e   Code   RO         5357    i.RUC_GetPhaseFinalTorque  revup_ctrl.o
    0x08004f6a   0x08004f6a   0x0000000c   Code   RO         5361    i.RUC_SetPhaseDurationms  revup_ctrl.o
    0x08004f76   0x08004f76   0x0000000c   Code   RO         5362    i.RUC_SetPhaseFinalMecSpeed01Hz  revup_ctrl.o
    0x08004f82   0x08004f82   0x0000000c   Code   RO         5363    i.RUC_SetPhaseFinalTorque  revup_ctrl.o
    0x08004f8e   0x08004f8e   0x00000086   Code   RO         5243    i.RVBS_CalcAvVbus   r_divider_bus_voltage_sensor.o
    0x08005014   0x08005014   0x00000050   Code   RO         5247    i.RVBS_Init         r_divider_bus_voltage_sensor.o
    0x08005064   0x08005064   0x00000006   Code   RO         5459    i.SPD_GetAvrgMecSpeed01Hz  speed_pos_fdbk.o
    0x0800506a   0x0800506a   0x00000006   Code   RO         5460    i.SPD_GetElAngle    speed_pos_fdbk.o
    0x08005070   0x08005070   0x00000014   Code   RO         5464    i.SPD_GetS16Speed   speed_pos_fdbk.o
    0x08005084   0x08005084   0x00000060   Code   RO         5465    i.SPD_IsMecSpeedReliable  speed_pos_fdbk.o
    0x080050e4   0x080050e4   0x0000005c   Code   RO         5530    i.STC_CalcTorqueReference  speed_torq_ctrl.o
    0x08005140   0x08005140   0x00000010   Code   RO         5531    i.STC_Clear         speed_torq_ctrl.o
    0x08005150   0x08005150   0x00000092   Code   RO         5532    i.STC_ExecRamp      speed_torq_ctrl.o
    0x080051e2   0x080051e2   0x00000010   Code   RO         5533    i.STC_ForceSpeedReferenceToCurrentSpeed  speed_torq_ctrl.o
    0x080051f2   0x080051f2   0x00000010   Code   RO         5535    i.STC_GetDefaultIqdref  speed_torq_ctrl.o
    0x08005202   0x08005202   0x00000004   Code   RO         5536    i.STC_GetMaxAppPositiveMecSpeed01Hz  speed_torq_ctrl.o
    0x08005206   0x08005206   0x0000000c   Code   RO         5537    i.STC_GetMecSpeedRef01Hz  speed_torq_ctrl.o
    0x08005212   0x08005212   0x00000006   Code   RO         5538    i.STC_GetMecSpeedRef01HzDefault  speed_torq_ctrl.o
    0x08005218   0x08005218   0x00000006   Code   RO         5539    i.STC_GetMinAppNegativeMecSpeed01Hz  speed_torq_ctrl.o
    0x0800521e   0x0800521e   0x00000004   Code   RO         5540    i.STC_GetSpeedSensor  speed_torq_ctrl.o
    0x08005222   0x08005222   0x00000020   Code   RO         5542    i.STC_Init          speed_torq_ctrl.o
    0x08005242   0x08005242   0x00000008   Code   RO         5544    i.STC_SetControlMode  speed_torq_ctrl.o
    0x0800524a   0x0800524a   0x00000004   Code   RO         5546    i.STC_SetSpeedSensor  speed_torq_ctrl.o
    0x0800524e   0x0800524e   0x00000010   Code   RO         5548    i.STC_StopSpeedRamp  speed_torq_ctrl.o
    0x0800525e   0x0800525e   0x00000016   Code   RO         5662    i.STM_FaultAcknowledged  state_machine.o
    0x08005274   0x08005274   0x00000036   Code   RO         5663    i.STM_FaultProcessing  state_machine.o
    0x080052aa   0x080052aa   0x0000000a   Code   RO         5664    i.STM_GetFaultState  state_machine.o
    0x080052b4   0x080052b4   0x00000004   Code   RO         5665    i.STM_GetState      state_machine.o
    0x080052b8   0x080052b8   0x0000000a   Code   RO         5666    i.STM_Init          state_machine.o
    0x080052c2   0x080052c2   0x00000100   Code   RO         5667    i.STM_NextState     state_machine.o
    0x080053c2   0x080053c2   0x00000002   PAD
    0x080053c4   0x080053c4   0x00000028   Code   RO          918    i.SysTick_Handler   stm32f4xx_mc_it.o
    0x080053ec   0x080053ec   0x00000088   Code   RO           15    i.SystemClock_Config  main.o
    0x08005474   0x08005474   0x0000001c   Code   RO         4156    i.SystemInit        system_stm32f4xx.o
    0x08005490   0x08005490   0x00000024   Code   RO          919    i.TIM2_IRQHandler   stm32f4xx_mc_it.o
    0x080054b4   0x080054b4   0x0000000c   Code   RO         1251    i.TIM3_IRQHandler   stm32f4xx_it.o
    0x080054c0   0x080054c0   0x0000002c   Code   RO          920    i.TIM8_BRK_TIM12_IRQHandler  stm32f4xx_mc_it.o
    0x080054ec   0x080054ec   0x00000018   Code   RO          921    i.TIM8_UP_TIM13_IRQHandler  stm32f4xx_mc_it.o
    0x08005504   0x08005504   0x000000c8   Code   RO         3053    i.TIM_Base_SetConfig  stm32f4xx_hal_tim.o
    0x080055cc   0x080055cc   0x000000de   Code   RO         3066    i.TIM_SlaveTimer_SetConfig  stm32f4xx_hal_tim.o
    0x080056aa   0x080056aa   0x00000002   PAD
    0x080056ac   0x080056ac   0x00000020   Code   RO          749    i.TSK_HardwareFaultTask  mc_tasks.o
    0x080056cc   0x080056cc   0x000000c0   Code   RO          750    i.TSK_HighFrequencyTask  mc_tasks.o
    0x0800578c   0x0800578c   0x0000000c   Code   RO         1252    i.UART5_IRQHandler  stm32f4xx_it.o
    0x08005798   0x08005798   0x00000010   Code   RO         3887    i.UART_DMAAbortOnError  stm32f4xx_hal_uart.o
    0x080057a8   0x080057a8   0x00000194   Code   RO         3897    i.UART_SetConfig    stm32f4xx_hal_uart.o
    0x0800593c   0x0800593c   0x00000064   Code   RO         3898    i.UART_WaitOnFlagUntilTimeout  stm32f4xx_hal_uart.o
    0x080059a0   0x080059a0   0x00000008   Code   RO         6140    i.UFCP_AbortReceive  usart_frame_communication_protocol.o
    0x080059a8   0x080059a8   0x00000004   Code   RO         6141    i.UFCP_Init         usart_frame_communication_protocol.o
    0x080059ac   0x080059ac   0x00000014   Code   RO         6142    i.UFCP_OVR_IRQ_Handler  usart_frame_communication_protocol.o
    0x080059c0   0x080059c0   0x000000b4   Code   RO         6143    i.UFCP_RX_IRQ_Handler  usart_frame_communication_protocol.o
    0x08005a74   0x08005a74   0x00000028   Code   RO         6144    i.UFCP_Receive      usart_frame_communication_protocol.o
    0x08005a9c   0x08005a9c   0x00000070   Code   RO         6145    i.UFCP_Send         usart_frame_communication_protocol.o
    0x08005b0c   0x08005b0c   0x00000064   Code   RO         6147    i.UFCP_TX_IRQ_Handler  usart_frame_communication_protocol.o
    0x08005b70   0x08005b70   0x0000000a   Code   RO         1119    i.UI_DACExec        user_interface.o
    0x08005b7a   0x08005b7a   0x0000000a   Code   RO         1120    i.UI_DACInit        user_interface.o
    0x08005b84   0x08005b84   0x00000020   Code   RO         1013    i.UI_DACUpdate      ui_task.o
    0x08005ba4   0x08005ba4   0x0000006e   Code   RO         1121    i.UI_ExecCmd        user_interface.o
    0x08005c12   0x08005c12   0x00000002   PAD
    0x08005c14   0x08005c14   0x00000024   Code   RO         1122    i.UI_ExecSpeedRamp  user_interface.o
    0x08005c38   0x08005c38   0x00000010   Code   RO         1125    i.UI_GetDAC         user_interface.o
    0x08005c48   0x08005c48   0x00000004   Code   RO         1126    i.UI_GetMPInfo      user_interface.o
    0x08005c4c   0x08005c4c   0x0000031c   Code   RO         1127    i.UI_GetReg         user_interface.o
    0x08005f68   0x08005f68   0x0000004a   Code   RO         1128    i.UI_GetRevupData   user_interface.o
    0x08005fb2   0x08005fb2   0x00000006   Code   RO         1129    i.UI_GetSelectedMC  user_interface.o
    0x08005fb8   0x08005fb8   0x00000018   Code   RO         1014    i.UI_HandleStartStopButton_cb  ui_task.o
    0x08005fd0   0x08005fd0   0x00000016   Code   RO         1131    i.UI_Init           user_interface.o
    0x08005fe6   0x08005fe6   0x00000002   PAD
    0x08005fe8   0x08005fe8   0x0000002c   Code   RO         1016    i.UI_Scheduler      ui_task.o
    0x08006014   0x08006014   0x0000000c   Code   RO         1019    i.UI_SerialCommunicationTimeOutStart  ui_task.o
    0x08006020   0x08006020   0x0000000c   Code   RO         1020    i.UI_SerialCommunicationTimeOutStop  ui_task.o
    0x0800602c   0x0800602c   0x0000001a   Code   RO         1133    i.UI_SetCurrentReferences  user_interface.o
    0x08006046   0x08006046   0x0000000a   Code   RO         1134    i.UI_SetDAC         user_interface.o
    0x08006050   0x08006050   0x00000144   Code   RO         1135    i.UI_SetReg         user_interface.o
    0x08006194   0x08006194   0x00000038   Code   RO         1136    i.UI_SetRevupData   user_interface.o
    0x080061cc   0x080061cc   0x000000b0   Code   RO         1022    i.UI_TaskInit       ui_task.o
    0x0800627c   0x0800627c   0x0000006c   Code   RO          922    i.USART1_IRQHandler  stm32f4xx_mc_it.o
    0x080062e8   0x080062e8   0x0000000a   Code   RO         4194    i.VBS_GetAvBusVoltage_V  bus_voltage_sensor.o
    0x080062f2   0x080062f2   0x0000002c   Code   RO         5720    i.VSS_Init          virtual_speed_sensor.o
    0x0800631e   0x0800631e   0x00000076   Code   RO         5725    i.VSS_SetMecAcceleration  virtual_speed_sensor.o
    0x08006394   0x08006394   0x0000000e   Code   RO         5726    i.VSS_SetMecAngle   virtual_speed_sensor.o
    0x080063a2   0x080063a2   0x00000002   PAD
    0x080063a4   0x080063a4   0x00000020   Code   RO         6454    i.__0printf         mc_w.l(printfa.o)
    0x080063c4   0x080063c4   0x0000000e   Code   RO         6526    i.__scatterload_copy  mc_w.l(handlers.o)
    0x080063d2   0x080063d2   0x00000002   Code   RO         6527    i.__scatterload_null  mc_w.l(handlers.o)
    0x080063d4   0x080063d4   0x0000000e   Code   RO         6528    i.__scatterload_zeroinit  mc_w.l(handlers.o)
    0x080063e2   0x080063e2   0x00000002   PAD
    0x080063e4   0x080063e4   0x00000164   Code   RO         6461    i._fp_digits        mc_w.l(printfa.o)
    0x08006548   0x08006548   0x000006dc   Code   RO         6462    i._printf_core      mc_w.l(printfa.o)
    0x08006c24   0x08006c24   0x00000024   Code   RO         6463    i._printf_post_padding  mc_w.l(printfa.o)
    0x08006c48   0x08006c48   0x0000002e   Code   RO         6464    i._printf_pre_padding  mc_w.l(printfa.o)
    0x08006c76   0x08006c76   0x00000002   PAD
    0x08006c78   0x08006c78   0x0000001c   Code   RO         1303    i.fputc             stm32f4xx_hal_msp.o
    0x08006c94   0x08006c94   0x00000004   PAD
    0x08006c98   0x08006c98   0x000005d0   Code   RO           19    i.main              main.o
    0x08007268   0x08007268   0x0000012c   Code   RO          754    i.mc_lock_pins      mc_tasks.o
    0x08007394   0x08007394   0x00000060   Code   RO         5213    i.startTimers       pwm_common.o
    0x080073f4   0x080073f4   0x00000020   Data   RO          284    .constdata          motorcontrol.o
    0x08007414   0x08007414   0x00000034   Data   RO          988    .constdata          mc_parameters.o
    0x08007448   0x08007448   0x00000010   Data   RO         4157    .constdata          system_stm32f4xx.o
    0x08007458   0x08007458   0x00000008   Data   RO         4158    .constdata          system_stm32f4xx.o
    0x08007460   0x08007460   0x00000200   Data   RO         4432    .constdata          mc_math.o
    0x08007660   0x08007660   0x0000000e   Data   RO         5832    .constdata          r3_f4xx_pwm_curr_fdbk.o
    0x0800766e   0x0800766e   0x00000006   Data   RO         6148    .constdata          usart_frame_communication_protocol.o
    0x08007674   0x08007674   0x00000020   Data   RO         6524    Region$$Table       anon$$obj.o


    Execution Region RW_IRAM2 (Exec base: 0x10000000, Load base: 0x08007838, Size: 0x00000000, Max: 0x00010000, ABSOLUTE)

    **** No section assigned to this execution region ****


    Execution Region RW_IRAM1 (Exec base: 0x20000000, Load base: 0x08007694, Size: 0x00000e28, Max: 0x00020000, ABSOLUTE, COMPRESSED[0x000001a4])

    Exec Addr    Load Addr    Size         Type   Attr      Idx    E Section Name        Object

    0x20000000   COMPRESSED   0x00000028   Data   RW           25    .data               main.o
    0x20000028   COMPRESSED   0x0000000c   Data   RW          285    .data               motorcontrol.o
    0x20000034   COMPRESSED   0x00000008   Data   RW          631    .data               motor_control_protocol.o
    0x2000003c   COMPRESSED   0x00000114   Data   RW          697    .data               mc_config.o
    0x20000150   COMPRESSED   0x0000002c   Data   RW          699    .data               mc_config.o
    0x2000017c   COMPRESSED   0x0000002c   Data   RW          700    .data               mc_config.o
    0x200001a8   COMPRESSED   0x0000002c   Data   RW          701    .data               mc_config.o
    0x200001d4   COMPRESSED   0x00000034   Data   RW          702    .data               mc_config.o
    0x20000208   COMPRESSED   0x00000094   Data   RW          704    .data               mc_config.o
    0x2000029c   COMPRESSED   0x00000030   Data   RW          705    .data               mc_config.o
    0x200002cc   COMPRESSED   0x00000078   Data   RW          706    .data               mc_config.o
    0x20000344   COMPRESSED   0x0000001c   Data   RW          707    .data               mc_config.o
    0x20000360   COMPRESSED   0x00000028   Data   RW          708    .data               mc_config.o
    0x20000388   COMPRESSED   0x00000038   Data   RW          709    .data               mc_config.o
    0x200003c0   COMPRESSED   0x00000030   Data   RW          710    .data               mc_config.o
    0x200003f0   COMPRESSED   0x0000003c   Data   RW          711    .data               mc_config.o
    0x2000042c   COMPRESSED   0x00000014   Data   RW          712    .data               mc_config.o
    0x20000440   COMPRESSED   0x000000b2   Data   RW          713    .data               mc_config.o
    0x200004f2   COMPRESSED   0x00000002   PAD
    0x200004f4   COMPRESSED   0x0000013c   Data   RW          714    .data               mc_config.o
    0x20000630   COMPRESSED   0x0000003a   Data   RW          756    .data               mc_tasks.o
    0x2000066a   COMPRESSED   0x00000004   Data   RW          854    .data               regular_conversion_manager.o
    0x2000066e   COMPRESSED   0x00000001   Data   RW          923    .data               stm32f4xx_mc_it.o
    0x2000066f   COMPRESSED   0x00000001   PAD
    0x20000670   COMPRESSED   0x00000010   Data   RW         1025    .data               ui_task.o
    0x20000680   COMPRESSED   0x0000000c   Data   RW         2507    .data               stm32f4xx_hal.o
    0x2000068c   COMPRESSED   0x00000004   Data   RW         4159    .data               system_stm32f4xx.o
    0x20000690   COMPRESSED   0x00000004   Data   RW         6502    .data               mc_w.l(stdout.o)
    0x20000694        -       0x00000200   Zero   RW           22    .bss                main.o
    0x20000894        -       0x00000094   Zero   RW          755    .bss                mc_tasks.o
    0x20000928        -       0x00000030   Zero   RW          853    .bss                regular_conversion_manager.o
    0x20000958        -       0x000000cc   Zero   RW         1023    .bss                ui_task.o
    0x20000a24   COMPRESSED   0x00000004   PAD
    0x20000a28        -       0x00000400   Zero   RW            1    STACK               startup_stm32f417xx.o


==============================================================================

Image component sizes


      Code (inc. data)   RO Data    RW Data    ZI Data      Debug   Object Name

        10          0          0          0          0       1160   bus_voltage_sensor.o
        86          0          0          0          0       1436   circle_limitation.o
        34          0          0          0          0       3390   dac_common_ui.o
       176         10          0          0          0      10830   dac_ui.o
         0          0          0          0          0       4088   digital_output.o
       152          0          0          0          0       4707   enc_align_ctrl.o
       554          0          0          0          0      31981   encoder_speed_pos_fdbk.o
       148          0          0          0          0       3189   frame_communication_protocol.o
      1652        134          0         40        512     737260   main.o
        68         22          0          0          0       2660   mc_api.o
         0          0          0       1522          0       1694   mc_config.o
       364          0          0          0          0      16940   mc_interface.o
       378         18        512          0          0       6449   mc_math.o
         0          0         52          0          0        261   mc_parameters.o
      1852        222          0         58        148      13647   mc_tasks.o
      1756        604          0          8          0       6192   motor_control_protocol.o
       126          0          0          0          0       2934   motor_power_measurement.o
        56          8         32         12          0      28967   motorcontrol.o
       150          0          0          0          0       3032   ntc_temperature_sensor.o
       190          6          0          0          0       8407   pid_regulator.o
        96          6          0          0          0       1327   pqd_motor_power_measurement.o
        96          4          0          0          0      32178   pwm_common.o
       492          0          0          0          0       5035   pwm_curr_fdbk.o
      3664        130         14          0          0      99280   r3_f4xx_pwm_curr_fdbk.o
       214          0          0          0          0       2936   r_divider_bus_voltage_sensor.o
        16          0          0          0          0       1236   ramp_ext_mngr.o
       424         30          0          4         48      45124   regular_conversion_manager.o
        82          0          0          0          0       5454   revup_ctrl.o
       128          0          0          0          0       3618   speed_pos_fdbk.o
       378          0          0          0          0      10903   speed_torq_ctrl.o
        36          8        392          0       1024        876   startup_stm32f417xx.o
       356         20          0          0          0       5388   state_machine.o
       184         30          0         12          0       9721   stm32f4xx_hal.o
       804         28          0          0          0       2823   stm32f4xx_hal_adc.o
       520         12          0          0          0       1642   stm32f4xx_hal_adc_ex.o
       220         16          0          0          0      34891   stm32f4xx_hal_cortex.o
       118          0          0          0          0       2035   stm32f4xx_hal_dac.o
        36          0          0          0          0       1611   stm32f4xx_hal_dma.o
       606         26          0          0          0       3134   stm32f4xx_hal_gpio.o
      1080        114          0          0          0       6881   stm32f4xx_hal_msp.o
      1548        114          0          0          0       6768   stm32f4xx_hal_rcc.o
      1844         38          0          0          0      14542   stm32f4xx_hal_tim.o
       236          0          0          0          0       3429   stm32f4xx_hal_tim_ex.o
      1594         20          0          0          0       9263   stm32f4xx_hal_uart.o
        30         12          0          0          0       1484   stm32f4xx_it.o
       436         36          0          1          0      20059   stm32f4xx_mc_it.o
        28          8         24          4          0       1251   system_stm32f4xx.o
       300         48          0         16        204       4607   ui_task.o
       464         14          6          0          0      22430   usart_frame_communication_protocol.o
      1500         88          0          0          0      13364   user_interface.o
       176          0          0          0          0       2986   virtual_speed_sensor.o

    ----------------------------------------------------------------------
     25512       1830       1064       1680       1940    1265500   Object Totals
         0          0         32          0          0          0   (incl. Generated)
        54          4          0          3          4          0   (incl. Padding)

    ----------------------------------------------------------------------

      Code (inc. data)   RO Data    RW Data    ZI Data      Debug   Library Member Name

        86          0          0          0          0          0   __dczerorl2.o
         0          0          0          0          0          0   entry.o
         0          0          0          0          0          0   entry10a.o
         0          0          0          0          0          0   entry11a.o
         8          4          0          0          0          0   entry2.o
         4          0          0          0          0          0   entry5.o
         0          0          0          0          0          0   entry7b.o
         0          0          0          0          0          0   entry8b.o
         8          4          0          0          0          0   entry9a.o
        30          0          0          0          0          0   handlers.o
        36          8          0          0          0         68   init.o
         0          0          0          0          0          0   iusefp.o
        30          0          0          0          0         68   llshl.o
        36          0          0          0          0         68   llsshr.o
        32          0          0          0          0         68   llushr.o
        36          0          0          0          0        108   memseta.o
      2226         90          0          0          0        444   printfa.o
         0          0          0          4          0          0   stdout.o
        44          0          0          0          0         80   uidiv.o
        98          0          0          0          0         92   uldiv.o
        48          0          0          0          0         68   cdrcmple.o
       334          0          0          0          0        148   dadd.o
       222          0          0          0          0        100   ddiv.o
       186          0          0          0          0        176   depilogue.o
        48          0          0          0          0         68   dfixul.o
        34          0          0          0          0         76   dflti.o
       228          0          0          0          0         96   dmul.o

    ----------------------------------------------------------------------
      3780        106          0          4          0       1728   Library Totals
         6          0          0          0          0          0   (incl. Padding)

    ----------------------------------------------------------------------

      Code (inc. data)   RO Data    RW Data    ZI Data      Debug   Library Name

      2674        106          0          4          0        996   mc_w.l
      1100          0          0          0          0        732   mf_w.l

    ----------------------------------------------------------------------
      3780        106          0          4          0       1728   Library Totals

    ----------------------------------------------------------------------

==============================================================================


      Code (inc. data)   RO Data    RW Data    ZI Data      Debug   

     29292       1936       1064       1684       1940    1241128   Grand Totals
     29292       1936       1064        420       1940    1241128   ELF Image Totals (compressed)
     29292       1936       1064        420          0          0   ROM Totals

==============================================================================

    Total RO  Size (Code + RO Data)                30356 (  29.64kB)
    Total RW  Size (RW Data + ZI Data)              3624 (   3.54kB)
    Total ROM Size (Code + RO Data + RW Data)      30776 (  30.05kB)

==============================================================================

