<html>
<body>
<pre>
<h1>µVision Build Log</h1>
<h2>Tool Versions:</h2>
IDE-Version: ÂµVision V5.29.0.0
Copyright (C) 2019 ARM Ltd and ARM Germany GmbH. All rights reserved.
License Information: z z, HP Inc., LIC=14HV2-9U8QI-QDWKD-8Z5QT-06QJP-HBQZ8
 
Tool Versions:
Toolchain:       MDK-ARM Plus  Version: 5.33.0.0
Toolchain Path:  C:\Keil_v5\ARM\ARMCC\Bin
C Compiler:      Armcc.exe V5.06 update 2 (build 183)
Assembler:       Armasm.exe V5.06 update 2 (build 183)
Linker/Locator:  ArmLink.exe V5.06 update 2 (build 183)
Library Manager: ArmAr.exe V5.06 update 2 (build 183)
Hex Converter:   FromElf.exe V5.06 update 2 (build 183)
CPU DLL:         SARMCM3.DLL V5.33.0.0
Dialog DLL:      DCM.DLL V1.13.7.0
Target DLL:      STLink\ST-LINKIII-KEIL_SWO.dll V3.0.8.0
Dialog DLL:      TCM.DLL V1.14.9.0
 
<h2>Project:</h2>
C:\Users\z\Desktop\stm32project\YSF4_HAL_MOTOR-654. FOC_v5.2.0_42PMSM_Ecoder\MDK-ARM\YSF4_HAL_MOTOR-654. FOC_v5.2.0_42PMSM_Ecoder.uvprojx
Project File Date:  06/08/2022

<h2>Output:</h2>
*** Using Compiler 'V5.06 update 2 (build 183)', folder: 'C:\Keil_v5\ARM\ARMCC\Bin'
Build target 'YSF4_HAL_MOTOR-654. FOC_v5.2.0_42PMSM_Ecoder'
compiling main.c...
../Src/user.h(103): warning:  #177-D: variable "i" was declared but never referenced
  	int i = 0;
../Src/user.h(127): warning:  #177-D: variable "start_sys_tick" was declared but never referenced
  	static uint32_t start_sys_tick = 0;
../Src/user.h(166): warning:  #1-D: last line of file ends without a newline
  #endif
../Src/main.c(205): warning:  #223-D: function "abs" declared implicitly
  				if(abs(pos-mid)<5){
../Src/main.c: 4 warnings, 0 errors
linking...
Program Size: Code=29292 RO-data=1064 RW-data=1684 ZI-data=1940  
FromELF: creating hex file...
"YSF4_HAL_MOTOR-654. FOC_v5.2.0_42PMSM_Ecoder\YSF4_HAL_MOTOR-654. FOC_v5.2.0_42PMSM_Ecoder" - 0 Error(s), 4 Warning(s).

<h2>Software Packages used:</h2>

Package Vendor: ARM
                http://www.keil.com/pack/ARM.CMSIS.5.7.0.pack
                ARM.CMSIS.5.7.0
                CMSIS (Cortex Microcontroller Software Interface Standard)
   * Component: CORE Version: 5.4.0

Package Vendor: Keil
                http://www.keil.com/pack/Keil.STM32F4xx_DFP.2.15.0.pack
                Keil.STM32F4xx_DFP.2.15.0
                STMicroelectronics STM32F4 Series Device Support, Drivers and Examples

<h2>Collection of Component include folders:</h2>
  .\RTE\_YSF4_HAL_MOTOR-654._FOC_v5.2.0_42PMSM_Ecoder
  C:\Users\z\AppData\Local\Arm\Packs\ARM\CMSIS\5.7.0\CMSIS\Core\Include
  C:\Users\z\AppData\Local\Arm\Packs\Keil\STM32F4xx_DFP\2.15.0\Drivers\CMSIS\Device\ST\STM32F4xx\Include

<h2>Collection of Component Files used:</h2>

   * Component: ARM::CMSIS:CORE:5.4.0
Build Time Elapsed:  00:00:04
</pre>
</body>
</html>
